<html>
<body>
<pre>
<h1>µVision Build Log</h1>
<h2>Project:</h2>
D:\01.Projects\JKElectronics\STM32\High_Module\sw\stm32_high\lib\STM32_USB-FS-Device_Lib_V3.4.0\Project\Custom_HID\MDK-ARM\Custom_HID.uvproj
Project File Date:  08/17/2012

<h2>Output:</h2>
Build target 'STM32L152D-EVAL'
linking...
Program Size: Code=7256 RO-data=732 RW-data=344 ZI-data=1056  
".\STM32L152D-EVAL\STM32L152D-EVAL.axf" - 0 Error(s), 0 Warning(s).
Rebuild target 'STM32L152D-EVAL'
compiling misc.c...
compiling hw_config.c...
compiling main.c...
compiling usb_desc.c...
compiling usb_endp.c...
compiling usb_istr.c...
compiling usb_prop.c...
compiling usb_pwr.c...
compiling stm32_it.c...
compiling system_stm32l1xx.c...
assembling startup_stm32l1xx_hd.s...
compiling usb_init.c...
compiling usb_int.c...
compiling usb_mem.c...
compiling usb_regs.c...
compiling otgd_fs_cal.c...
compiling otgd_fs_dev.c...
compiling otgd_fs_int.c...
compiling otgd_fs_pcd.c...
compiling usb_core.c...
compiling usb_sil.c...
compiling stm32l1xx_usart.c...
compiling stm32l1xx_adc.c...
compiling stm32l1xx_dma.c...
compiling stm32l1xx_exti.c...
compiling stm32l1xx_flash.c...
compiling stm32l1xx_gpio.c...
compiling stm32l1xx_i2c.c...
compiling stm32l1xx_pwr.c...
compiling stm32l1xx_rcc.c...
compiling stm32l1xx_syscfg.c...
compiling stm32l1xx_spi.c...
compiling stm32l1xx_sdio.c...
compiling stm32l152d_eval.c...
linking...
Program Size: Code=7256 RO-data=732 RW-data=344 ZI-data=1056  
".\STM32L152D-EVAL\STM32L152D-EVAL.axf" - 0 Error(s), 0 Warning(s).
