ARM Linker, 4.1 [Build 894] [Standard][RL-ARM]

==============================================================================

Section Cross References

    hw_config.o(i.ADC_Configuration) refers to stm32l1xx_rcc.o(i.RCC_AHBPeriphClockCmd) for RCC_AHBPeriphClockCmd
    hw_config.o(i.ADC_Configuration) refers to stm32l1xx_rcc.o(i.RCC_APB2PeriphClockCmd) for RCC_APB2PeriphClockCmd
    hw_config.o(i.ADC_Configuration) refers to stm32l1xx_dma.o(i.DMA_DeInit) for DMA_DeInit
    hw_config.o(i.ADC_Configuration) refers to stm32l1xx_dma.o(i.DMA_Init) for DMA_Init
    hw_config.o(i.ADC_Configuration) refers to stm32l1xx_dma.o(i.DMA_Cmd) for DMA_Cmd
    hw_config.o(i.ADC_Configuration) refers to stm32l1xx_dma.o(i.DMA_ITConfig) for DMA_ITConfig
    hw_config.o(i.ADC_Configuration) refers to stm32l1xx_rcc.o(i.RCC_HSICmd) for RCC_HSICmd
    hw_config.o(i.ADC_Configuration) refers to stm32l1xx_adc.o(i.ADC_StructInit) for ADC_StructInit
    hw_config.o(i.ADC_Configuration) refers to stm32l1xx_adc.o(i.ADC_Init) for ADC_Init
    hw_config.o(i.ADC_Configuration) refers to stm32l1xx_adc.o(i.ADC_RegularChannelConfig) for ADC_RegularChannelConfig
    hw_config.o(i.ADC_Configuration) refers to stm32l1xx_adc.o(i.ADC_DMARequestAfterLastTransferCmd) for ADC_DMARequestAfterLastTransferCmd
    hw_config.o(i.ADC_Configuration) refers to stm32l1xx_adc.o(i.ADC_DMACmd) for ADC_DMACmd
    hw_config.o(i.ADC_Configuration) refers to stm32l1xx_adc.o(i.ADC_Cmd) for ADC_Cmd
    hw_config.o(i.ADC_Configuration) refers to hw_config.o(.data) for .data
    hw_config.o(i.EXTI_Configuration) refers to stm32l1xx_exti.o(i.EXTI_Init) for EXTI_Init
    hw_config.o(i.EXTI_Configuration) refers to stm32l1xx_exti.o(i.EXTI_ClearITPendingBit) for EXTI_ClearITPendingBit
    hw_config.o(i.Enter_LowPowerMode) refers to usb_pwr.o(.data) for bDeviceState
    hw_config.o(i.GPIO_Configuration) refers to stm32l1xx_rcc.o(i.RCC_AHBPeriphClockCmd) for RCC_AHBPeriphClockCmd
    hw_config.o(i.GPIO_Configuration) refers to stm32l1xx_gpio.o(i.GPIO_Init) for GPIO_Init
    hw_config.o(i.Get_SerialNum) refers to hw_config.o(i.IntToUnicode) for IntToUnicode
    hw_config.o(i.Get_SerialNum) refers to usb_desc.o(.data) for CustomHID_StringSerial
    hw_config.o(i.Leave_LowPowerMode) refers to usb_init.o(.bss) for Device_Info
    hw_config.o(i.Leave_LowPowerMode) refers to usb_pwr.o(.data) for bDeviceState
    hw_config.o(i.Set_System) refers to stm32l1xx_rcc.o(i.RCC_APB2PeriphClockCmd) for RCC_APB2PeriphClockCmd
    hw_config.o(i.Set_System) refers to hw_config.o(i.GPIO_Configuration) for GPIO_Configuration
    hw_config.o(i.Set_System) refers to stm32l152d_eval.o(i.STM_EVAL_PBInit) for STM_EVAL_PBInit
    hw_config.o(i.Set_System) refers to hw_config.o(i.EXTI_Configuration) for EXTI_Configuration
    hw_config.o(i.Set_System) refers to stm32l152d_eval.o(i.STM_EVAL_LEDInit) for STM_EVAL_LEDInit
    hw_config.o(i.Set_System) refers to hw_config.o(i.ADC_Configuration) for ADC_Configuration
    hw_config.o(i.Set_USBClock) refers to stm32l1xx_rcc.o(i.RCC_APB1PeriphClockCmd) for RCC_APB1PeriphClockCmd
    hw_config.o(i.USB_Cable_Config) refers to stm32l1xx_syscfg.o(i.SYSCFG_USBPuCmd) for SYSCFG_USBPuCmd
    hw_config.o(i.USB_Interrupts_Config) refers to misc.o(i.NVIC_PriorityGroupConfig) for NVIC_PriorityGroupConfig
    hw_config.o(i.USB_Interrupts_Config) refers to misc.o(i.NVIC_Init) for NVIC_Init
    main.o(i.main) refers to hw_config.o(i.Set_System) for Set_System
    main.o(i.main) refers to hw_config.o(i.USB_Interrupts_Config) for USB_Interrupts_Config
    main.o(i.main) refers to hw_config.o(i.Set_USBClock) for Set_USBClock
    main.o(i.main) refers to usb_init.o(i.USB_Init) for USB_Init
    usb_endp.o(i.EP1_IN_Callback) refers to main.o(.data) for PrevXferComplete
    usb_endp.o(i.EP1_OUT_Callback) refers to usb_sil.o(i.USB_SIL_Read) for USB_SIL_Read
    usb_endp.o(i.EP1_OUT_Callback) refers to stm32l152d_eval.o(i.STM_EVAL_LEDOff) for STM_EVAL_LEDOff
    usb_endp.o(i.EP1_OUT_Callback) refers to stm32l152d_eval.o(i.STM_EVAL_LEDOn) for STM_EVAL_LEDOn
    usb_endp.o(i.EP1_OUT_Callback) refers to usb_regs.o(i.SetEPRxStatus) for SetEPRxStatus
    usb_endp.o(i.EP1_OUT_Callback) refers to usb_endp.o(.data) for .data
    usb_istr.o(i.USB_Istr) refers to usb_int.o(i.CTR_LP) for CTR_LP
    usb_istr.o(i.USB_Istr) refers to usb_pwr.o(i.Resume) for Resume
    usb_istr.o(i.USB_Istr) refers to usb_pwr.o(i.Suspend) for Suspend
    usb_istr.o(i.USB_Istr) refers to usb_istr.o(.data) for .data
    usb_istr.o(i.USB_Istr) refers to usb_init.o(.data) for wInterrupt_Mask
    usb_istr.o(i.USB_Istr) refers to usb_prop.o(.data) for Device_Property
    usb_istr.o(i.USB_Istr) refers to usb_pwr.o(.data) for fSuspendEnabled
    usb_istr.o(.data) refers to usb_endp.o(i.EP1_IN_Callback) for EP1_IN_Callback
    usb_istr.o(.data) refers to usb_core.o(i.NOP_Process) for NOP_Process
[...]
    Removing stm32l1xx_usart.o(i.USART_Init), (172 bytes).
    Removing stm32l1xx_usart.o(i.USART_IrDACmd), (20 bytes).
    Removing stm32l1xx_usart.o(i.USART_IrDAConfig), (16 bytes).
    Removing stm32l1xx_usart.o(i.USART_LINBreakDetectLengthConfig), (16 bytes).
    Removing stm32l1xx_usart.o(i.USART_LINCmd), (20 bytes).
    Removing stm32l1xx_usart.o(i.USART_OneBitMethodCmd), (20 bytes).
    Removing stm32l1xx_usart.o(i.USART_OverSampling8Cmd), (20 bytes).
    Removing stm32l1xx_usart.o(i.USART_ReceiveData), (8 bytes).
    Removing stm32l1xx_usart.o(i.USART_ReceiverWakeUpCmd), (20 bytes).
    Removing stm32l1xx_usart.o(i.USART_SendBreak), (10 bytes).
    Removing stm32l1xx_usart.o(i.USART_SendData), (8 bytes).
    Removing stm32l1xx_usart.o(i.USART_SetAddress), (16 bytes).
    Removing stm32l1xx_usart.o(i.USART_SetGuardTime), (16 bytes).
    Removing stm32l1xx_usart.o(i.USART_SetPrescaler), (16 bytes).
    Removing stm32l1xx_usart.o(i.USART_SmartCardCmd), (20 bytes).
    Removing stm32l1xx_usart.o(i.USART_SmartCardNACKCmd), (20 bytes).
    Removing stm32l1xx_usart.o(i.USART_StructInit), (22 bytes).
    Removing stm32l1xx_usart.o(i.USART_WakeUpConfig), (16 bytes).
    Removing stm32l1xx_adc.o(.rev16_text), (4 bytes).
    Removing stm32l1xx_adc.o(.revsh_text), (4 bytes).
    Removing stm32l1xx_adc.o(i.ADC_AnalogWatchdogCmd), (16 bytes).
    Removing stm32l1xx_adc.o(i.ADC_AnalogWatchdogSingleChannelConfig), (12 bytes).
    Removing stm32l1xx_adc.o(i.ADC_AnalogWatchdogThresholdsConfig), (6 bytes).
    Removing stm32l1xx_adc.o(i.ADC_AutoInjectedConvCmd), (20 bytes).
    Removing stm32l1xx_adc.o(i.ADC_BankSelection), (20 bytes).
    Removing stm32l1xx_adc.o(i.ADC_ClearFlag), (6 bytes).
    Removing stm32l1xx_adc.o(i.ADC_ClearITPendingBit), (8 bytes).
    Removing stm32l1xx_adc.o(i.ADC_CommonInit), (20 bytes).
    Removing stm32l1xx_adc.o(i.ADC_CommonStructInit), (6 bytes).
    Removing stm32l1xx_adc.o(i.ADC_ContinuousModeCmd), (20 bytes).
    Removing stm32l1xx_adc.o(i.ADC_DeInit), (36 bytes).
    Removing stm32l1xx_adc.o(i.ADC_DelaySelectionConfig), (12 bytes).
    Removing stm32l1xx_adc.o(i.ADC_DiscModeChannelCountConfig), (16 bytes).
    Removing stm32l1xx_adc.o(i.ADC_DiscModeCmd), (20 bytes).
    Removing stm32l1xx_adc.o(i.ADC_EOCOnEachRegularChannelCmd), (20 bytes).
    Removing stm32l1xx_adc.o(i.ADC_ExternalTrigInjectedConvConfig), (12 bytes).
    Removing stm32l1xx_adc.o(i.ADC_ExternalTrigInjectedConvEdgeConfig), (12 bytes).
    Removing stm32l1xx_adc.o(i.ADC_GetConversionValue), (6 bytes).
    Removing stm32l1xx_adc.o(i.ADC_GetFlagStatus), (14 bytes).
    Removing stm32l1xx_adc.o(i.ADC_GetITStatus), (28 bytes).
    Removing stm32l1xx_adc.o(i.ADC_GetInjectedConversionValue), (8 bytes).
    Removing stm32l1xx_adc.o(i.ADC_GetSoftwareStartConvStatus), (14 bytes).
    Removing stm32l1xx_adc.o(i.ADC_GetSoftwareStartInjectedConvCmdStatus), (14 bytes).
    Removing stm32l1xx_adc.o(i.ADC_ITConfig), (18 bytes).
    Removing stm32l1xx_adc.o(i.ADC_InjectedChannelConfig), (126 bytes).
    Removing stm32l1xx_adc.o(i.ADC_InjectedDiscModeCmd), (20 bytes).
    Removing stm32l1xx_adc.o(i.ADC_InjectedSequencerLengthConfig), (16 bytes).
    Removing stm32l1xx_adc.o(i.ADC_PowerDownCmd), (16 bytes).
    Removing stm32l1xx_adc.o(i.ADC_SetInjectedOffset), (4 bytes).
    Removing stm32l1xx_adc.o(i.ADC_SoftwareStartInjectedConv), (10 bytes).
    Removing stm32l1xx_adc.o(i.ADC_TempSensorVrefintCmd), (28 bytes).
    Removing stm32l1xx_dma.o(.rev16_text), (4 bytes).
    Removing stm32l1xx_dma.o(.revsh_text), (4 bytes).
    Removing stm32l1xx_dma.o(i.DMA_ClearITPendingBit), (24 bytes).
    Removing stm32l1xx_dma.o(i.DMA_GetCurrDataCounter), (6 bytes).
    Removing stm32l1xx_dma.o(i.DMA_GetFlagStatus), (32 bytes).
    Removing stm32l1xx_dma.o(i.DMA_GetITStatus), (32 bytes).
    Removing stm32l1xx_dma.o(i.DMA_SetCurrDataCounter), (4 bytes).
    Removing stm32l1xx_dma.o(i.DMA_StructInit), (26 bytes).
    Removing stm32l1xx_exti.o(.rev16_text), (4 bytes).
    Removing stm32l1xx_exti.o(.revsh_text), (4 bytes).
    Removing stm32l1xx_exti.o(i.EXTI_ClearFlag), (12 bytes).
    Removing stm32l1xx_exti.o(i.EXTI_DeInit), (36 bytes).
    Removing stm32l1xx_exti.o(i.EXTI_GenerateSWInterrupt), (16 bytes).
    Removing stm32l1xx_exti.o(i.EXTI_GetFlagStatus), (20 bytes).
    Removing stm32l1xx_exti.o(i.EXTI_StructInit), (14 bytes).
    Removing stm32l1xx_flash.o(.rev16_text), (4 bytes).
    Removing stm32l1xx_flash.o(.revsh_text), (4 bytes).
    Removing stm32l1xx_flash.o(i.DATA_EEPROM_EraseByte), (22 bytes).
    Removing stm32l1xx_flash.o(i.DATA_EEPROM_EraseHalfWord), (22 bytes).
    Removing stm32l1xx_flash.o(i.DATA_EEPROM_EraseWord), (22 bytes).
    Removing stm32l1xx_flash.o(i.DATA_EEPROM_FastProgramByte), (48 bytes).
    Removing stm32l1xx_flash.o(i.DATA_EEPROM_FastProgramHalfWord), (48 bytes).
    Removing stm32l1xx_flash.o(i.DATA_EEPROM_FastProgramWord), (48 bytes).
    Removing stm32l1xx_flash.o(i.DATA_EEPROM_FixedTimeProgramCmd), (28 bytes).
    Removing stm32l1xx_flash.o(i.DATA_EEPROM_Lock), (16 bytes).
    Removing stm32l1xx_flash.o(i.DATA_EEPROM_ProgramByte), (34 bytes).
    Removing stm32l1xx_flash.o(i.DATA_EEPROM_ProgramHalfWord), (34 bytes).
    Removing stm32l1xx_flash.o(i.DATA_EEPROM_ProgramWord), (34 bytes).
    Removing stm32l1xx_flash.o(i.DATA_EEPROM_Unlock), (36 bytes).
    Removing stm32l1xx_flash.o(i.FLASH_ClearFlag), (12 bytes).
    Removing stm32l1xx_flash.o(i.FLASH_ErasePage), (68 bytes).
    Removing stm32l1xx_flash.o(i.FLASH_FastProgramWord), (34 bytes).
    Removing stm32l1xx_flash.o(i.FLASH_GetFlagStatus), (20 bytes).
    Removing stm32l1xx_flash.o(i.FLASH_GetStatus), (40 bytes).
    Removing stm32l1xx_flash.o(i.FLASH_ITConfig), (24 bytes).
    Removing stm32l1xx_flash.o(i.FLASH_Lock), (16 bytes).
    Removing stm32l1xx_flash.o(i.FLASH_OB_BORConfig), (56 bytes).
    Removing stm32l1xx_flash.o(i.FLASH_OB_BootConfig), (56 bytes).
    Removing stm32l1xx_flash.o(i.FLASH_OB_GetBOR), (16 bytes).
    Removing stm32l1xx_flash.o(i.FLASH_OB_GetRDP), (20 bytes).
    Removing stm32l1xx_flash.o(i.FLASH_OB_GetUser), (16 bytes).
    Removing stm32l1xx_flash.o(i.FLASH_OB_GetWRP), (12 bytes).
    Removing stm32l1xx_flash.o(i.FLASH_OB_GetWRP1), (12 bytes).
    Removing stm32l1xx_flash.o(i.FLASH_OB_GetWRP2), (12 bytes).
    Removing stm32l1xx_flash.o(i.FLASH_OB_Launch), (16 bytes).
    Removing stm32l1xx_flash.o(i.FLASH_OB_Lock), (16 bytes).
    Removing stm32l1xx_flash.o(i.FLASH_OB_RDPConfig), (44 bytes).
    Removing stm32l1xx_flash.o(i.FLASH_OB_Unlock), (40 bytes).
    Removing stm32l1xx_flash.o(i.FLASH_OB_UserConfig), (60 bytes).
    Removing stm32l1xx_flash.o(i.FLASH_OB_WRP1Config), (84 bytes).
    Removing stm32l1xx_flash.o(i.FLASH_OB_WRP2Config), (84 bytes).
    Removing stm32l1xx_flash.o(i.FLASH_OB_WRPConfig), (84 bytes).
    Removing stm32l1xx_flash.o(i.FLASH_PrefetchBufferCmd), (28 bytes).
    Removing stm32l1xx_flash.o(i.FLASH_ReadAccess64Cmd), (28 bytes).
    Removing stm32l1xx_flash.o(i.FLASH_SLEEPPowerDownCmd), (28 bytes).
    Removing stm32l1xx_flash.o(i.FLASH_SetLatency), (20 bytes).
    Removing stm32l1xx_flash.o(i.FLASH_Unlock), (40 bytes).
    Removing stm32l1xx_flash.o(i.FLASH_WaitForLastOperation), (36 bytes).
    Removing stm32l1xx_gpio.o(.rev16_text), (4 bytes).
    Removing stm32l1xx_gpio.o(.revsh_text), (4 bytes).
    Removing stm32l1xx_gpio.o(i.GPIO_DeInit), (204 bytes).
    Removing stm32l1xx_gpio.o(i.GPIO_PinAFConfig), (32 bytes).
    Removing stm32l1xx_gpio.o(i.GPIO_PinLockConfig), (16 bytes).
    Removing stm32l1xx_gpio.o(i.GPIO_ReadInputData), (4 bytes).
    Removing stm32l1xx_gpio.o(i.GPIO_ReadOutputData), (4 bytes).
    Removing stm32l1xx_gpio.o(i.GPIO_ReadOutputDataBit), (14 bytes).
    Removing stm32l1xx_gpio.o(i.GPIO_ResetBits), (4 bytes).
    Removing stm32l1xx_gpio.o(i.GPIO_SetBits), (4 bytes).
    Removing stm32l1xx_gpio.o(i.GPIO_StructInit), (18 bytes).
    Removing stm32l1xx_gpio.o(i.GPIO_ToggleBits), (8 bytes).
    Removing stm32l1xx_gpio.o(i.GPIO_Write), (4 bytes).
    Removing stm32l1xx_gpio.o(i.GPIO_WriteBit), (10 bytes).
    Removing stm32l1xx_i2c.o(.rev16_text), (4 bytes).
    Removing stm32l1xx_i2c.o(.revsh_text), (4 bytes).
    Removing stm32l1xx_i2c.o(i.I2C_ARPCmd), (20 bytes).
    Removing stm32l1xx_i2c.o(i.I2C_AcknowledgeConfig), (20 bytes).
    Removing stm32l1xx_i2c.o(i.I2C_CalculatePEC), (20 bytes).
    Removing stm32l1xx_i2c.o(i.I2C_CheckEvent), (24 bytes).
    Removing stm32l1xx_i2c.o(i.I2C_ClearFlag), (6 bytes).
    Removing stm32l1xx_i2c.o(i.I2C_ClearITPendingBit), (6 bytes).
    Removing stm32l1xx_i2c.o(i.I2C_Cmd), (20 bytes).
    Removing stm32l1xx_i2c.o(i.I2C_DMACmd), (20 bytes).
    Removing stm32l1xx_i2c.o(i.I2C_DMALastTransferCmd), (20 bytes).
    Removing stm32l1xx_i2c.o(i.I2C_DeInit), (44 bytes).
    Removing stm32l1xx_i2c.o(i.I2C_DualAddressCmd), (20 bytes).
    Removing stm32l1xx_i2c.o(i.I2C_FastModeDutyCycleConfig), (22 bytes).
    Removing stm32l1xx_i2c.o(i.I2C_GeneralCallCmd), (20 bytes).
    Removing stm32l1xx_i2c.o(i.I2C_GenerateSTART), (20 bytes).
    Removing stm32l1xx_i2c.o(i.I2C_GenerateSTOP), (20 bytes).
    Removing stm32l1xx_i2c.o(i.I2C_GetFlagStatus), (30 bytes).
    Removing stm32l1xx_i2c.o(i.I2C_GetITStatus), (32 bytes).
    Removing stm32l1xx_i2c.o(i.I2C_GetLastEvent), (14 bytes).
    Removing stm32l1xx_i2c.o(i.I2C_GetPEC), (6 bytes).
    Removing stm32l1xx_i2c.o(i.I2C_ITConfig), (16 bytes).
    Removing stm32l1xx_i2c.o(i.I2C_Init), (180 bytes).
    Removing stm32l1xx_i2c.o(i.I2C_NACKPositionConfig), (22 bytes).
    Removing stm32l1xx_i2c.o(i.I2C_OwnAddress2Config), (16 bytes).
    Removing stm32l1xx_i2c.o(i.I2C_PECPositionConfig), (22 bytes).
    Removing stm32l1xx_i2c.o(i.I2C_ReadRegister), (4 bytes).
    Removing stm32l1xx_i2c.o(i.I2C_ReceiveData), (6 bytes).
    Removing stm32l1xx_i2c.o(i.I2C_SMBusAlertConfig), (22 bytes).
    Removing stm32l1xx_i2c.o(i.I2C_Send7bitAddress), (16 bytes).
    Removing stm32l1xx_i2c.o(i.I2C_SendData), (4 bytes).
    Removing stm32l1xx_i2c.o(i.I2C_SoftwareResetCmd), (20 bytes).
    Removing stm32l1xx_i2c.o(i.I2C_StretchClockCmd), (20 bytes).
    Removing stm32l1xx_i2c.o(i.I2C_StructInit), (28 bytes).
    Removing stm32l1xx_i2c.o(i.I2C_TransmitPEC), (20 bytes).
    Removing stm32l1xx_pwr.o(.rev16_text), (4 bytes).
    Removing stm32l1xx_pwr.o(.revsh_text), (4 bytes).
    Removing stm32l1xx_pwr.o(i.PWR_ClearFlag), (16 bytes).
    Removing stm32l1xx_pwr.o(i.PWR_DeInit), (24 bytes).
    Removing stm32l1xx_pwr.o(i.PWR_EnterLowPowerRunMode), (44 bytes).
    Removing stm32l1xx_pwr.o(i.PWR_EnterSTANDBYMode), (40 bytes).
    Removing stm32l1xx_pwr.o(i.PWR_EnterSTOPMode), (52 bytes).
    Removing stm32l1xx_pwr.o(i.PWR_EnterSleepMode), (44 bytes).
    Removing stm32l1xx_pwr.o(i.PWR_FastWakeUpCmd), (12 bytes).
    Removing stm32l1xx_pwr.o(i.PWR_GetFlagStatus), (20 bytes).
    Removing stm32l1xx_pwr.o(i.PWR_PVDCmd), (12 bytes).
    Removing stm32l1xx_pwr.o(i.PWR_PVDLevelConfig), (20 bytes).
    Removing stm32l1xx_pwr.o(i.PWR_RTCAccessCmd), (12 bytes).
    Removing stm32l1xx_pwr.o(i.PWR_UltraLowPowerCmd), (12 bytes).
    Removing stm32l1xx_pwr.o(i.PWR_VoltageScalingConfig), (24 bytes).
    Removing stm32l1xx_pwr.o(i.PWR_WakeUpPinCmd), (12 bytes).
    Removing stm32l1xx_rcc.o(.rev16_text), (4 bytes).
    Removing stm32l1xx_rcc.o(.revsh_text), (4 bytes).
    Removing stm32l1xx_rcc.o(i.RCC_AHBPeriphClockLPModeCmd), (24 bytes).
    Removing stm32l1xx_rcc.o(i.RCC_AHBPeriphResetCmd), (24 bytes).
    Removing stm32l1xx_rcc.o(i.RCC_APB1PeriphClockLPModeCmd), (24 bytes).
    Removing stm32l1xx_rcc.o(i.RCC_APB1PeriphResetCmd), (24 bytes).
    Removing stm32l1xx_rcc.o(i.RCC_APB2PeriphClockLPModeCmd), (24 bytes).
    Removing stm32l1xx_rcc.o(i.RCC_APB2PeriphResetCmd), (24 bytes).
    Removing stm32l1xx_rcc.o(i.RCC_AdjustHSICalibrationValue), (20 bytes).
    Removing stm32l1xx_rcc.o(i.RCC_AdjustMSICalibrationValue), (12 bytes).
    Removing stm32l1xx_rcc.o(i.RCC_ClearFlag), (16 bytes).
    Removing stm32l1xx_rcc.o(i.RCC_ClearITPendingBit), (12 bytes).
    Removing stm32l1xx_rcc.o(i.RCC_ClockSecuritySystemCmd), (12 bytes).
    Removing stm32l1xx_rcc.o(i.RCC_DeInit), (68 bytes).
    Removing stm32l1xx_rcc.o(i.RCC_GetClocksFreq), (168 bytes).
    Removing stm32l1xx_rcc.o(i.RCC_GetFlagStatus), (40 bytes).
    Removing stm32l1xx_rcc.o(i.RCC_GetITStatus), (20 bytes).
    Removing stm32l1xx_rcc.o(i.RCC_GetSYSCLKSource), (16 bytes).
    Removing stm32l1xx_rcc.o(i.RCC_HCLKConfig), (20 bytes).
    Removing stm32l1xx_rcc.o(i.RCC_HSEConfig), (16 bytes).
    Removing stm32l1xx_rcc.o(i.RCC_ITConfig), (24 bytes).
    Removing stm32l1xx_rcc.o(i.RCC_LSEClockSecuritySystemCmd), (12 bytes).
    Removing stm32l1xx_rcc.o(i.RCC_LSEConfig), (16 bytes).
    Removing stm32l1xx_rcc.o(i.RCC_LSICmd), (12 bytes).
    Removing stm32l1xx_rcc.o(i.RCC_MCOConfig), (12 bytes).
    Removing stm32l1xx_rcc.o(i.RCC_MSICmd), (12 bytes).
    Removing stm32l1xx_rcc.o(i.RCC_MSIRangeConfig), (20 bytes).
    Removing stm32l1xx_rcc.o(i.RCC_PCLK1Config), (20 bytes).
    Removing stm32l1xx_rcc.o(i.RCC_PCLK2Config), (20 bytes).
    Removing stm32l1xx_rcc.o(i.RCC_PLLCmd), (12 bytes).
    Removing stm32l1xx_rcc.o(i.RCC_PLLConfig), (16 bytes).
    Removing stm32l1xx_rcc.o(i.RCC_RTCCLKCmd), (12 bytes).
    Removing stm32l1xx_rcc.o(i.RCC_RTCCLKConfig), (52 bytes).
    Removing stm32l1xx_rcc.o(i.RCC_RTCResetCmd), (12 bytes).
    Removing stm32l1xx_rcc.o(i.RCC_SYSCLKConfig), (20 bytes).
    Removing stm32l1xx_rcc.o(i.RCC_WaitForHSEStartUp), (38 bytes).
    Removing stm32l1xx_rcc.o(.data), (25 bytes).
    Removing stm32l1xx_syscfg.o(.rev16_text), (4 bytes).
    Removing stm32l1xx_syscfg.o(.revsh_text), (4 bytes).
    Removing stm32l1xx_syscfg.o(i.SYSCFG_DeInit), (22 bytes).
    Removing stm32l1xx_syscfg.o(i.SYSCFG_GetBootMode), (16 bytes).
    Removing stm32l1xx_syscfg.o(i.SYSCFG_MemoryRemapConfig), (12 bytes).
    Removing stm32l1xx_syscfg.o(i.SYSCFG_RIChannelSpeedConfig), (24 bytes).
    Removing stm32l1xx_syscfg.o(i.SYSCFG_RIDeInit), (36 bytes).
    Removing stm32l1xx_syscfg.o(i.SYSCFG_RIHysteresisConfig), (88 bytes).
    Removing stm32l1xx_syscfg.o(i.SYSCFG_RIIOSwitchConfig), (52 bytes).
    Removing stm32l1xx_syscfg.o(i.SYSCFG_RIResistorConfig), (24 bytes).
    Removing stm32l1xx_syscfg.o(i.SYSCFG_RISwitchControlModeCmd), (28 bytes).
    Removing stm32l1xx_syscfg.o(i.SYSCFG_RITIMInputCaptureConfig), (64 bytes).
    Removing stm32l1xx_syscfg.o(i.SYSCFG_RITIMSelect), (20 bytes).
    Removing stm32l1xx_spi.o(.rev16_text), (4 bytes).
    Removing stm32l1xx_spi.o(.revsh_text), (4 bytes).
    Removing stm32l1xx_spi.o(i.I2S_Cmd), (20 bytes).
    Removing stm32l1xx_spi.o(i.I2S_Init), (146 bytes).
    Removing stm32l1xx_spi.o(i.I2S_StructInit), (18 bytes).
    Removing stm32l1xx_spi.o(i.SPI_BiDirectionalLineConfig), (22 bytes).
    Removing stm32l1xx_spi.o(i.SPI_CalculateCRC), (20 bytes).
    Removing stm32l1xx_spi.o(i.SPI_Cmd), (20 bytes).
    Removing stm32l1xx_spi.o(i.SPI_DataSizeConfig), (16 bytes).
    Removing stm32l1xx_spi.o(i.SPI_GetCRC), (12 bytes).
    Removing stm32l1xx_spi.o(i.SPI_GetCRCPolynomial), (4 bytes).
    Removing stm32l1xx_spi.o(i.SPI_I2S_ClearFlag), (6 bytes).
    Removing stm32l1xx_spi.o(i.SPI_I2S_ClearITPendingBit), (14 bytes).
    Removing stm32l1xx_spi.o(i.SPI_I2S_DMACmd), (16 bytes).
    Removing stm32l1xx_spi.o(i.SPI_I2S_DeInit), (84 bytes).
    Removing stm32l1xx_spi.o(i.SPI_I2S_GetFlagStatus), (14 bytes).
    Removing stm32l1xx_spi.o(i.SPI_I2S_GetITStatus), (40 bytes).
    Removing stm32l1xx_spi.o(i.SPI_I2S_ITConfig), (24 bytes).
    Removing stm32l1xx_spi.o(i.SPI_I2S_ReceiveData), (4 bytes).
    Removing stm32l1xx_spi.o(i.SPI_I2S_SendData), (4 bytes).
    Removing stm32l1xx_spi.o(i.SPI_Init), (56 bytes).
    Removing stm32l1xx_spi.o(i.SPI_NSSInternalSoftwareConfig), (24 bytes).
    Removing stm32l1xx_spi.o(i.SPI_SSOutputCmd), (20 bytes).
    Removing stm32l1xx_spi.o(i.SPI_StructInit), (24 bytes).
    Removing stm32l1xx_spi.o(i.SPI_TransmitCRC), (10 bytes).
    Removing stm32l1xx_sdio.o(.rev16_text), (4 bytes).
    Removing stm32l1xx_sdio.o(.revsh_text), (4 bytes).
    Removing stm32l1xx_sdio.o(i.SDIO_CEATAITCmd), (16 bytes).
    Removing stm32l1xx_sdio.o(i.SDIO_ClearFlag), (12 bytes).
    Removing stm32l1xx_sdio.o(i.SDIO_ClearITPendingBit), (12 bytes).
    Removing stm32l1xx_sdio.o(i.SDIO_ClockCmd), (12 bytes).
    Removing stm32l1xx_sdio.o(i.SDIO_CmdStructInit), (14 bytes).
    Removing stm32l1xx_sdio.o(i.SDIO_CommandCompletionCmd), (12 bytes).
    Removing stm32l1xx_sdio.o(i.SDIO_DMACmd), (12 bytes).
    Removing stm32l1xx_sdio.o(i.SDIO_DataConfig), (48 bytes).
    Removing stm32l1xx_sdio.o(i.SDIO_DataStructInit), (20 bytes).
    Removing stm32l1xx_sdio.o(i.SDIO_DeInit), (24 bytes).
    Removing stm32l1xx_sdio.o(i.SDIO_GetCommandResponse), (12 bytes).
    Removing stm32l1xx_sdio.o(i.SDIO_GetDataCounter), (12 bytes).
    Removing stm32l1xx_sdio.o(i.SDIO_GetFIFOCount), (12 bytes).
    Removing stm32l1xx_sdio.o(i.SDIO_GetFlagStatus), (20 bytes).
    Removing stm32l1xx_sdio.o(i.SDIO_GetITStatus), (20 bytes).
    Removing stm32l1xx_sdio.o(i.SDIO_GetPowerState), (16 bytes).
    Removing stm32l1xx_sdio.o(i.SDIO_GetResponse), (12 bytes).
    Removing stm32l1xx_sdio.o(i.SDIO_ITConfig), (24 bytes).
    Removing stm32l1xx_sdio.o(i.SDIO_Init), (44 bytes).
    Removing stm32l1xx_sdio.o(i.SDIO_ReadData), (12 bytes).
    Removing stm32l1xx_sdio.o(i.SDIO_SendCEATACmd), (12 bytes).
    Removing stm32l1xx_sdio.o(i.SDIO_SendCommand), (40 bytes).
    Removing stm32l1xx_sdio.o(i.SDIO_SendSDIOSuspendCmd), (12 bytes).
    Removing stm32l1xx_sdio.o(i.SDIO_SetPowerState), (12 bytes).
    Removing stm32l1xx_sdio.o(i.SDIO_SetSDIOOperation), (12 bytes).
    Removing stm32l1xx_sdio.o(i.SDIO_SetSDIOReadWaitMode), (12 bytes).
    Removing stm32l1xx_sdio.o(i.SDIO_StartSDIOReadWait), (12 bytes).
    Removing stm32l1xx_sdio.o(i.SDIO_StopSDIOReadWait), (12 bytes).
    Removing stm32l1xx_sdio.o(i.SDIO_StructInit), (16 bytes).
    Removing stm32l1xx_sdio.o(i.SDIO_WriteData), (12 bytes).
    Removing stm32l152d_eval.o(.rev16_text), (4 bytes).
    Removing stm32l152d_eval.o(.revsh_text), (4 bytes).
    Removing stm32l152d_eval.o(i.LM75_LowLevel_DeInit), (88 bytes).
    Removing stm32l152d_eval.o(i.LM75_LowLevel_Init), (116 bytes).
    Removing stm32l152d_eval.o(i.SD_LowLevel_DMA_RxConfig), (104 bytes).
    Removing stm32l152d_eval.o(i.SD_LowLevel_DMA_TxConfig), (104 bytes).
    Removing stm32l152d_eval.o(i.SD_LowLevel_DeInit), (152 bytes).
    Removing stm32l152d_eval.o(i.SD_LowLevel_Init), (192 bytes).
    Removing stm32l152d_eval.o(i.STM_EVAL_COMInit), (184 bytes).
    Removing stm32l152d_eval.o(i.STM_EVAL_LEDToggle), (28 bytes).
    Removing stm32l152d_eval.o(i.sEE_LowLevel_DMAConfig), (44 bytes).
    Removing stm32l152d_eval.o(i.sEE_LowLevel_DeInit), (156 bytes).
    Removing stm32l152d_eval.o(i.sEE_LowLevel_Init), (240 bytes).
    Removing stm32l152d_eval.o(i.sEE_SPI_LowLevel_DeInit), (104 bytes).
    Removing stm32l152d_eval.o(i.sEE_SPI_LowLevel_Init), (232 bytes).
    Removing stm32l152d_eval.o(.bss), (44 bytes).

396 unused section(s) (total 11214 bytes) removed from the image.

==============================================================================

Image Symbol Table

    Local Symbols

    Symbol Name                              Value     Ov Type        Size  Object(Section)

    ../../../cmprslib/zerorunl2.c            0x00000000   Number         0  __dczerorl2.o ABSOLUTE
    ../../microlib/init/entry.s              0x00000000   Number         0  entry5.o ABSOLUTE
    ../../microlib/init/entry.s              0x00000000   Number         0  entry.o ABSOLUTE
    ../../microlib/init/entry.s              0x00000000   Number         0  entry7a.o ABSOLUTE
    ../../microlib/init/entry.s              0x00000000   Number         0  entry7b.o ABSOLUTE
    ../../microlib/init/entry.s              0x00000000   Number         0  entry8.o ABSOLUTE
    ../../microlib/init/entry.s              0x00000000   Number         0  entry2.o ABSOLUTE
    ..\..\..\Libraries\CMSIS\Device\ST\STM32L1xx\Source\Templates\arm\startup_stm32l1xx_hd.s 0x00000000   Number         0  startup_stm32l1xx_hd.o ABSOLUTE
    ..\..\..\Libraries\STM32F10x_StdPeriph_Driver\src\misc.c 0x00000000   Number         0  misc.o ABSOLUTE
    ..\..\..\Libraries\STM32L1xx_StdPeriph_Driver\src\stm32l1xx_adc.c 0x00000000   Number         0  stm32l1xx_adc.o ABSOLUTE
    ..\..\..\Libraries\STM32L1xx_StdPeriph_Driver\src\stm32l1xx_dma.c 0x00000000   Number         0  stm32l1xx_dma.o ABSOLUTE
    ..\..\..\Libraries\STM32L1xx_StdPeriph_Driver\src\stm32l1xx_exti.c 0x00000000   Number         0  stm32l1xx_exti.o ABSOLUTE
    ..\..\..\Libraries\STM32L1xx_StdPeriph_Driver\src\stm32l1xx_flash.c 0x00000000   Number         0  stm32l1xx_flash.o ABSOLUTE
    ..\..\..\Libraries\STM32L1xx_StdPeriph_Driver\src\stm32l1xx_gpio.c 0x00000000   Number         0  stm32l1xx_gpio.o ABSOLUTE
    ..\..\..\Libraries\STM32L1xx_StdPeriph_Driver\src\stm32l1xx_i2c.c 0x00000000   Number         0  stm32l1xx_i2c.o ABSOLUTE
    ..\..\..\Libraries\STM32L1xx_StdPeriph_Driver\src\stm32l1xx_pwr.c 0x00000000   Number         0  stm32l1xx_pwr.o ABSOLUTE
    ..\..\..\Libraries\STM32L1xx_StdPeriph_Driver\src\stm32l1xx_rcc.c 0x00000000   Number         0  stm32l1xx_rcc.o ABSOLUTE
    ..\..\..\Libraries\STM32L1xx_StdPeriph_Driver\src\stm32l1xx_sdio.c 0x00000000   Number         0  stm32l1xx_sdio.o ABSOLUTE
    ..\..\..\Libraries\STM32L1xx_StdPeriph_Driver\src\stm32l1xx_spi.c 0x00000000   Number         0  stm32l1xx_spi.o ABSOLUTE
    ..\..\..\Libraries\STM32L1xx_StdPeriph_Driver\src\stm32l1xx_syscfg.c 0x00000000   Number         0  stm32l1xx_syscfg.o ABSOLUTE
    ..\..\..\Libraries\STM32L1xx_StdPeriph_Driver\src\stm32l1xx_usart.c 0x00000000   Number         0  stm32l1xx_usart.o ABSOLUTE
    ..\..\..\Libraries\STM32_USB-FS-Device_Driver\src\otgd_fs_cal.c 0x00000000   Number         0  otgd_fs_cal.o ABSOLUTE
    ..\..\..\Libraries\STM32_USB-FS-Device_Driver\src\otgd_fs_dev.c 0x00000000   Number         0  otgd_fs_dev.o ABSOLUTE
    ..\..\..\Libraries\STM32_USB-FS-Device_Driver\src\otgd_fs_int.c 0x00000000   Number         0  otgd_fs_int.o ABSOLUTE
    ..\..\..\Libraries\STM32_USB-FS-Device_Driver\src\otgd_fs_pcd.c 0x00000000   Number         0  otgd_fs_pcd.o ABSOLUTE
    ..\..\..\Libraries\STM32_USB-FS-Device_Driver\src\usb_core.c 0x00000000   Number         0  usb_core.o ABSOLUTE
    ..\..\..\Libraries\STM32_USB-FS-Device_Driver\src\usb_init.c 0x00000000   Number         0  usb_init.o ABSOLUTE
    ..\..\..\Libraries\STM32_USB-FS-Device_Driver\src\usb_int.c 0x00000000   Number         0  usb_int.o ABSOLUTE
    ..\..\..\Libraries\STM32_USB-FS-Device_Driver\src\usb_mem.c 0x00000000   Number         0  usb_mem.o ABSOLUTE
    ..\..\..\Libraries\STM32_USB-FS-Device_Driver\src\usb_regs.c 0x00000000   Number         0  usb_regs.o ABSOLUTE
    ..\..\..\Libraries\STM32_USB-FS-Device_Driver\src\usb_sil.c 0x00000000   Number         0  usb_sil.o ABSOLUTE
    ..\..\..\Utilities\STM32_EVAL\STM32L152D_EVAL\stm32l152d_eval.c 0x00000000   Number         0  stm32l152d_eval.o ABSOLUTE
    ..\\..\\..\\Libraries\\STM32F10x_StdPeriph_Driver\\src\\misc.c 0x00000000   Number         0  misc.o ABSOLUTE
    ..\\..\\..\\Libraries\\STM32L1xx_StdPeriph_Driver\\src\\stm32l1xx_adc.c 0x00000000   Number         0  stm32l1xx_adc.o ABSOLUTE
    ..\\..\\..\\Libraries\\STM32L1xx_StdPeriph_Driver\\src\\stm32l1xx_dma.c 0x00000000   Number         0  stm32l1xx_dma.o ABSOLUTE
    ..\\..\\..\\Libraries\\STM32L1xx_StdPeriph_Driver\\src\\stm32l1xx_exti.c 0x00000000   Number         0  stm32l1xx_exti.o ABSOLUTE
    ..\\..\\..\\Libraries\\STM32L1xx_StdPeriph_Driver\\src\\stm32l1xx_flash.c 0x00000000   Number         0  stm32l1xx_flash.o ABSOLUTE
    ..\\..\\..\\Libraries\\STM32L1xx_StdPeriph_Driver\\src\\stm32l1xx_gpio.c 0x00000000   Number         0  stm32l1xx_gpio.o ABSOLUTE
    ..\\..\\..\\Libraries\\STM32L1xx_StdPeriph_Driver\\src\\stm32l1xx_i2c.c 0x00000000   Number         0  stm32l1xx_i2c.o ABSOLUTE
    ..\\..\\..\\Libraries\\STM32L1xx_StdPeriph_Driver\\src\\stm32l1xx_pwr.c 0x00000000   Number         0  stm32l1xx_pwr.o ABSOLUTE
    ..\\..\\..\\Libraries\\STM32L1xx_StdPeriph_Driver\\src\\stm32l1xx_rcc.c 0x00000000   Number         0  stm32l1xx_rcc.o ABSOLUTE
    ..\\..\\..\\Libraries\\STM32L1xx_StdPeriph_Driver\\src\\stm32l1xx_sdio.c 0x00000000   Number         0  stm32l1xx_sdio.o ABSOLUTE
    ..\\..\\..\\Libraries\\STM32L1xx_StdPeriph_Driver\\src\\stm32l1xx_spi.c 0x00000000   Number         0  stm32l1xx_spi.o ABSOLUTE
    ..\\..\\..\\Libraries\\STM32L1xx_StdPeriph_Driver\\src\\stm32l1xx_syscfg.c 0x00000000   Number         0  stm32l1xx_syscfg.o ABSOLUTE
    ..\\..\\..\\Libraries\\STM32L1xx_StdPeriph_Driver\\src\\stm32l1xx_usart.c 0x00000000   Number         0  stm32l1xx_usart.o ABSOLUTE
    ..\\..\\..\\Libraries\\STM32_USB-FS-Device_Driver\\src\\usb_core.c 0x00000000   Number         0  usb_core.o ABSOLUTE
    ..\\..\\..\\Libraries\\STM32_USB-FS-Device_Driver\\src\\usb_init.c 0x00000000   Number         0  usb_init.o ABSOLUTE
    ..\\..\\..\\Libraries\\STM32_USB-FS-Device_Driver\\src\\usb_int.c 0x00000000   Number         0  usb_int.o ABSOLUTE
    ..\\..\\..\\Libraries\\STM32_USB-FS-Device_Driver\\src\\usb_mem.c 0x00000000   Number         0  usb_mem.o ABSOLUTE
    ..\\..\\..\\Libraries\\STM32_USB-FS-Device_Driver\\src\\usb_regs.c 0x00000000   Number         0  usb_regs.o ABSOLUTE
    ..\\..\\..\\Libraries\\STM32_USB-FS-Device_Driver\\src\\usb_sil.c 0x00000000   Number         0  usb_sil.o ABSOLUTE
    ..\\..\\..\\Utilities\\STM32_EVAL\\STM32L152D_EVAL\\stm32l152d_eval.c 0x00000000   Number         0  stm32l152d_eval.o ABSOLUTE
    ..\\src\\hw_config.c                     0x00000000   Number         0  hw_config.o ABSOLUTE
    ..\\src\\main.c                          0x00000000   Number         0  main.o ABSOLUTE
    ..\\src\\stm32_it.c                      0x00000000   Number         0  stm32_it.o ABSOLUTE
    ..\\src\\system_stm32l1xx.c              0x00000000   Number         0  system_stm32l1xx.o ABSOLUTE
    ..\\src\\usb_desc.c                      0x00000000   Number         0  usb_desc.o ABSOLUTE
    ..\\src\\usb_endp.c                      0x00000000   Number         0  usb_endp.o ABSOLUTE
    ..\\src\\usb_istr.c                      0x00000000   Number         0  usb_istr.o ABSOLUTE
    ..\\src\\usb_prop.c                      0x00000000   Number         0  usb_prop.o ABSOLUTE
    ..\\src\\usb_pwr.c                       0x00000000   Number         0  usb_pwr.o ABSOLUTE
    ..\src\hw_config.c                       0x00000000   Number         0  hw_config.o ABSOLUTE
    ..\src\main.c                            0x00000000   Number         0  main.o ABSOLUTE
    ..\src\stm32_it.c                        0x00000000   Number         0  stm32_it.o ABSOLUTE
    ..\src\system_stm32l1xx.c                0x00000000   Number         0  system_stm32l1xx.o ABSOLUTE
    ..\src\usb_desc.c                        0x00000000   Number         0  usb_desc.o ABSOLUTE
    ..\src\usb_endp.c                        0x00000000   Number         0  usb_endp.o ABSOLUTE
    ..\src\usb_istr.c                        0x00000000   Number         0  usb_istr.o ABSOLUTE
    ..\src\usb_prop.c                        0x00000000   Number         0  usb_prop.o ABSOLUTE
    ..\src\usb_pwr.c                         0x00000000   Number         0  usb_pwr.o ABSOLUTE
    dc.s                                     0x00000000   Number         0  dc.o ABSOLUTE
    handlers.s                               0x00000000   Number         0  handlers.o ABSOLUTE
    init.s                                   0x00000000   Number         0  init.o ABSOLUTE
    RESET                                    0x08000000   Section      292  startup_stm32l1xx_hd.o(RESET)
    .ARM.Collect$$$$00000000                 0x08000124   Section        0  entry.o(.ARM.Collect$$$$00000000)
    .ARM.Collect$$$$00000001                 0x08000124   Section        4  entry2.o(.ARM.Collect$$$$00000001)
    .ARM.Collect$$$$00000004                 0x08000128   Section        4  entry5.o(.ARM.Collect$$$$00000004)
    .ARM.Collect$$$$00000008                 0x0800012c   Section        0  entry7b.o(.ARM.Collect$$$$00000008)
    .ARM.Collect$$$$00000009                 0x0800012c   Section        8  entry8.o(.ARM.Collect$$$$00000009)
    .ARM.Collect$$$$00002712                 0x08000134   Section        4  entry2.o(.ARM.Collect$$$$00002712)
    __lit__00000000                          0x08000134   Data           4  entry2.o(.ARM.Collect$$$$00002712)
    .text                                    0x08000138   Section       36  startup_stm32l1xx_hd.o(.text)
    .text                                    0x0800015c   Section       36  init.o(.text)
    .text                                    0x08000180   Section        0  __dczerorl2.o(.text)
    i.ADC_Cmd                                0x080001dc   Section        0  stm32l1xx_adc.o(i.ADC_Cmd)
    i.ADC_Configuration                      0x080001f0   Section        0  hw_config.o(i.ADC_Configuration)
    i.ADC_DMACmd                             0x080002b0   Section        0  stm32l1xx_adc.o(i.ADC_DMACmd)
    i.ADC_DMARequestAfterLastTransferCmd     0x080002c4   Section        0  stm32l1xx_adc.o(i.ADC_DMARequestAfterLastTransferCmd)
    i.ADC_Init                               0x080002d8   Section        0  stm32l1xx_adc.o(i.ADC_Init)
    i.ADC_RegularChannelConfig               0x08000324   Section        0  stm32l1xx_adc.o(i.ADC_RegularChannelConfig)
    i.ADC_SoftwareStartConv                  0x080003fc   Section        0  stm32l1xx_adc.o(i.ADC_SoftwareStartConv)
    i.ADC_StructInit                         0x08000406   Section        0  stm32l1xx_adc.o(i.ADC_StructInit)
    i.BusFault_Handler                       0x0800041e   Section        0  stm32_it.o(i.BusFault_Handler)
    i.ByteSwap                               0x08000420   Section        0  usb_regs.o(i.ByteSwap)
    i.CTR_LP                                 0x0800042c   Section        0  usb_int.o(i.CTR_LP)
    i.ClearDTOG_RX                           0x08000574   Section        0  usb_regs.o(i.ClearDTOG_RX)
    i.ClearDTOG_TX                           0x08000598   Section        0  usb_regs.o(i.ClearDTOG_TX)
    i.Clear_Status_Out                       0x080005bc   Section        0  usb_regs.o(i.Clear_Status_Out)
    i.CustomHID_Data_Setup                   0x080005dc   Section        0  usb_prop.o(i.CustomHID_Data_Setup)
    i.CustomHID_GetConfigDescriptor          0x08000638   Section        0  usb_prop.o(i.CustomHID_GetConfigDescriptor)
    i.CustomHID_GetDeviceDescriptor          0x08000644   Section        0  usb_prop.o(i.CustomHID_GetDeviceDescriptor)
    i.CustomHID_GetHIDDescriptor             0x08000650   Section        0  usb_prop.o(i.CustomHID_GetHIDDescriptor)
    i.CustomHID_GetProtocolValue             0x0800065c   Section        0  usb_prop.o(i.CustomHID_GetProtocolValue)
    i.CustomHID_GetReportDescriptor          0x08000678   Section        0  usb_prop.o(i.CustomHID_GetReportDescriptor)
    i.CustomHID_GetStringDescriptor          0x08000684   Section        0  usb_prop.o(i.CustomHID_GetStringDescriptor)
    i.CustomHID_Get_Interface_Setting        0x080006a4   Section        0  usb_prop.o(i.CustomHID_Get_Interface_Setting)
    i.CustomHID_NoData_Setup                 0x080006b0   Section        0  usb_prop.o(i.CustomHID_NoData_Setup)
    i.CustomHID_Reset                        0x080006d0   Section        0  usb_prop.o(i.CustomHID_Reset)
    i.CustomHID_SetConfiguration             0x08000780   Section        0  usb_prop.o(i.CustomHID_SetConfiguration)
    i.CustomHID_SetDeviceAddress             0x080007a4   Section        0  usb_prop.o(i.CustomHID_SetDeviceAddress)
    i.CustomHID_SetProtocol                  0x080007b0   Section        0  usb_prop.o(i.CustomHID_SetProtocol)
    i.CustomHID_Status_In                    0x080007c8   Section        0  usb_prop.o(i.CustomHID_Status_In)
    i.CustomHID_Status_Out                   0x080007ca   Section        0  usb_prop.o(i.CustomHID_Status_Out)
    i.CustomHID_init                         0x080007cc   Section        0  usb_prop.o(i.CustomHID_init)
    i.DMA1_Channel1_IRQHandler               0x080007f0   Section        0  stm32_it.o(i.DMA1_Channel1_IRQHandler)
    i.DMA_ClearFlag                          0x08000844   Section        0  stm32l1xx_dma.o(i.DMA_ClearFlag)
    i.DMA_Cmd                                0x0800085c   Section        0  stm32l1xx_dma.o(i.DMA_Cmd)
    i.DMA_DeInit                             0x08000874   Section        0  stm32l1xx_dma.o(i.DMA_DeInit)
    i.DMA_ITConfig                           0x08000958   Section        0  stm32l1xx_dma.o(i.DMA_ITConfig)
    i.DMA_Init                               0x08000968   Section        0  stm32l1xx_dma.o(i.DMA_Init)
    i.DataStageIn                            0x080009a4   Section        0  usb_core.o(i.DataStageIn)
    DataStageIn                              0x080009a5   Thumb Code   162  usb_core.o(i.DataStageIn)
    i.DataStageOut                           0x08000a60   Section        0  usb_core.o(i.DataStageOut)
    DataStageOut                             0x08000a61   Thumb Code   146  usb_core.o(i.DataStageOut)
    i.Data_Setup0                            0x08000b08   Section        0  usb_core.o(i.Data_Setup0)
    Data_Setup0                              0x08000b09   Thumb Code   374  usb_core.o(i.Data_Setup0)
    i.DebugMon_Handler                       0x08000ca4   Section        0  stm32_it.o(i.DebugMon_Handler)
    i.EP1_IN_Callback                        0x08000ca8   Section        0  usb_endp.o(i.EP1_IN_Callback)
    i.EP1_OUT_Callback                       0x08000cb4   Section        0  usb_endp.o(i.EP1_OUT_Callback)
    i.EXTI0_IRQHandler                       0x08000d28   Section        0  stm32_it.o(i.EXTI0_IRQHandler)
    i.EXTI_ClearITPendingBit                 0x08000d78   Section        0  stm32l1xx_exti.o(i.EXTI_ClearITPendingBit)
    i.EXTI_Configuration                     0x08000d84   Section        0  hw_config.o(i.EXTI_Configuration)
    i.EXTI_GetITStatus                       0x08000da8   Section        0  stm32l1xx_exti.o(i.EXTI_GetITStatus)
    i.EXTI_Init                              0x08000dc8   Section        0  stm32l1xx_exti.o(i.EXTI_Init)
    i.Enter_LowPowerMode                     0x08000e38   Section        0  hw_config.o(i.Enter_LowPowerMode)
    i.GPIO_Configuration                     0x08000e44   Section        0  hw_config.o(i.GPIO_Configuration)
    i.GPIO_Init                              0x08000e68   Section        0  stm32l1xx_gpio.o(i.GPIO_Init)
    i.GPIO_ReadInputDataBit                  0x08000ee2   Section        0  stm32l1xx_gpio.o(i.GPIO_ReadInputDataBit)
    i.GetEPRxAddr                            0x08000ef0   Section        0  usb_regs.o(i.GetEPRxAddr)
    i.GetEPRxCount                           0x08000f10   Section        0  usb_regs.o(i.GetEPRxCount)
    i.GetEPTxAddr                            0x08000f30   Section        0  usb_regs.o(i.GetEPTxAddr)
    i.Get_SerialNum                          0x08000f4c   Section        0  hw_config.o(i.Get_SerialNum)
    i.HardFault_Handler                      0x08000f7c   Section        0  stm32_it.o(i.HardFault_Handler)
    i.In0_Process                            0x08000f80   Section        0  usb_core.o(i.In0_Process)
    i.IntToUnicode                           0x08000fdc   Section        0  hw_config.o(i.IntToUnicode)
    IntToUnicode                             0x08000fdd   Thumb Code    54  hw_config.o(i.IntToUnicode)
    i.Leave_LowPowerMode                     0x08001014   Section        0  hw_config.o(i.Leave_LowPowerMode)
    i.MemManage_Handler                      0x08001030   Section        0  stm32_it.o(i.MemManage_Handler)
    i.NMI_Handler                            0x08001032   Section        0  stm32_it.o(i.NMI_Handler)
    i.NOP_Process                            0x08001034   Section        0  usb_core.o(i.NOP_Process)
    i.NVIC_Init                              0x08001038   Section        0  misc.o(i.NVIC_Init)
    i.NVIC_PriorityGroupConfig               0x0800109c   Section        0  misc.o(i.NVIC_PriorityGroupConfig)
    i.NoData_Setup0                          0x080010b0   Section        0  usb_core.o(i.NoData_Setup0)
    NoData_Setup0                            0x080010b1   Thumb Code   190  usb_core.o(i.NoData_Setup0)
    i.Out0_Process                           0x08001184   Section        0  usb_core.o(i.Out0_Process)
    i.PMAToUserBufferCopy                    0x080011cc   Section        0  usb_mem.o(i.PMAToUserBufferCopy)
    i.PendSV_Handler                         0x080011e8   Section        0  stm32_it.o(i.PendSV_Handler)
    i.Post0_Process                          0x080011ec   Section        0  usb_core.o(i.Post0_Process)
    i.PowerOn                                0x08001230   Section        0  usb_pwr.o(i.PowerOn)
    i.RCC_AHBPeriphClockCmd                  0x0800125c   Section        0  stm32l1xx_rcc.o(i.RCC_AHBPeriphClockCmd)
    i.RCC_APB1PeriphClockCmd                 0x08001274   Section        0  stm32l1xx_rcc.o(i.RCC_APB1PeriphClockCmd)
    i.RCC_APB2PeriphClockCmd                 0x0800128c   Section        0  stm32l1xx_rcc.o(i.RCC_APB2PeriphClockCmd)
    i.RCC_HSICmd                             0x080012a4   Section        0  stm32l1xx_rcc.o(i.RCC_HSICmd)
    i.Resume                                 0x080012b0   Section        0  usb_pwr.o(i.Resume)
    i.Resume_Init                            0x0800132c   Section        0  usb_pwr.o(i.Resume_Init)
    i.STM_EVAL_LEDInit                       0x0800134c   Section        0  stm32l152d_eval.o(i.STM_EVAL_LEDInit)
    i.STM_EVAL_LEDOff                        0x0800139c   Section        0  stm32l152d_eval.o(i.STM_EVAL_LEDOff)
    i.STM_EVAL_LEDOn                         0x080013b4   Section        0  stm32l152d_eval.o(i.STM_EVAL_LEDOn)
    i.STM_EVAL_PBGetState                    0x080013cc   Section        0  stm32l152d_eval.o(i.STM_EVAL_PBGetState)
    i.STM_EVAL_PBInit                        0x080013e4   Section        0  stm32l152d_eval.o(i.STM_EVAL_PBInit)
    i.SVC_Handler                            0x08001484   Section        0  stm32_it.o(i.SVC_Handler)
    i.SYSCFG_EXTILineConfig                  0x08001488   Section        0  stm32l1xx_syscfg.o(i.SYSCFG_EXTILineConfig)
    i.SYSCFG_USBPuCmd                        0x080014b0   Section        0  stm32l1xx_syscfg.o(i.SYSCFG_USBPuCmd)
    i.SetBTABLE                              0x080014cc   Section        0  usb_regs.o(i.SetBTABLE)
    i.SetDeviceAddress                       0x080014dc   Section        0  usb_core.o(i.SetDeviceAddress)
    i.SetEPRxAddr                            0x08001520   Section        0  usb_regs.o(i.SetEPRxAddr)
    i.SetEPRxCount                           0x08001540   Section        0  usb_regs.o(i.SetEPRxCount)
    i.SetEPRxStatus                          0x08001580   Section        0  usb_regs.o(i.SetEPRxStatus)
    i.SetEPRxValid                           0x080015b0   Section        0  usb_regs.o(i.SetEPRxValid)
    i.SetEPTxAddr                            0x080015d4   Section        0  usb_regs.o(i.SetEPTxAddr)
    i.SetEPTxCount                           0x080015f4   Section        0  usb_regs.o(i.SetEPTxCount)
    i.SetEPTxStatus                          0x08001610   Section        0  usb_regs.o(i.SetEPTxStatus)
    i.SetEPTxValid                           0x08001640   Section        0  usb_regs.o(i.SetEPTxValid)
    i.SetEPType                              0x08001664   Section        0  usb_regs.o(i.SetEPType)
    i.SetSysClock                            0x08001680   Section        0  system_stm32l1xx.o(i.SetSysClock)
    SetSysClock                              0x08001681   Thumb Code   162  system_stm32l1xx.o(i.SetSysClock)
    i.Set_System                             0x08001730   Section        0  hw_config.o(i.Set_System)
    i.Set_USBClock                           0x0800176a   Section        0  hw_config.o(i.Set_USBClock)
    i.Setup0_Process                         0x08001774   Section        0  usb_core.o(i.Setup0_Process)
    i.Standard_ClearFeature                  0x080017dc   Section        0  usb_core.o(i.Standard_ClearFeature)
    i.Standard_GetConfiguration              0x080018c8   Section        0  usb_core.o(i.Standard_GetConfiguration)
    i.Standard_GetDescriptorData             0x080018f0   Section        0  usb_core.o(i.Standard_GetDescriptorData)
    i.Standard_GetInterface                  0x0800190c   Section        0  usb_core.o(i.Standard_GetInterface)
    i.Standard_GetStatus                     0x08001934   Section        0  usb_core.o(i.Standard_GetStatus)
    i.Standard_SetConfiguration              0x080019c4   Section        0  usb_core.o(i.Standard_SetConfiguration)
    i.Standard_SetDeviceFeature              0x080019fc   Section        0  usb_core.o(i.Standard_SetDeviceFeature)
    i.Standard_SetEndPointFeature            0x08001a20   Section        0  usb_core.o(i.Standard_SetEndPointFeature)
    i.Standard_SetInterface                  0x08001aa4   Section        0  usb_core.o(i.Standard_SetInterface)
    i.Suspend                                0x08001aec   Section        0  usb_pwr.o(i.Suspend)
    i.SysTick_Handler                        0x08001b0c   Section        0  stm32_it.o(i.SysTick_Handler)
    i.SystemInit                             0x08001b10   Section        0  system_stm32l1xx.o(i.SystemInit)
    i.USB_Cable_Config                       0x08001b64   Section        0  hw_config.o(i.USB_Cable_Config)
    i.USB_Init                               0x08001b6c   Section        0  usb_init.o(i.USB_Init)
    i.USB_Interrupts_Config                  0x08001b94   Section        0  hw_config.o(i.USB_Interrupts_Config)
    i.USB_Istr                               0x08001bf0   Section        0  usb_istr.o(i.USB_Istr)
    i.USB_LP_IRQHandler                      0x08001cb0   Section        0  stm32_it.o(i.USB_LP_IRQHandler)
    i.USB_SIL_Init                           0x08001cb4   Section        0  usb_sil.o(i.USB_SIL_Init)
    i.USB_SIL_Read                           0x08001cd4   Section        0  usb_sil.o(i.USB_SIL_Read)
    i.USB_SIL_Write                          0x08001cf8   Section        0  usb_sil.o(i.USB_SIL_Write)
    i.UsageFault_Handler                     0x08001d20   Section        0  stm32_it.o(i.UsageFault_Handler)
    i.UserToPMABufferCopy                    0x08001d24   Section        0  usb_mem.o(i.UserToPMABufferCopy)
    i.__scatterload_copy                     0x08001d4c   Section       14  handlers.o(i.__scatterload_copy)
    i.__scatterload_null                     0x08001d5a   Section        2  handlers.o(i.__scatterload_null)
    i.__scatterload_zeroinit                 0x08001d5c   Section       14  handlers.o(i.__scatterload_zeroinit)
    i.main                                   0x08001d6a   Section        0  main.o(i.main)
    .constdata                               0x08001d7c   Section       18  usb_desc.o(.constdata)
    .constdata                               0x08001d8e   Section       41  usb_desc.o(.constdata)
    .constdata                               0x08001db7   Section      163  usb_desc.o(.constdata)
    .constdata                               0x08001e5a   Section        4  usb_desc.o(.constdata)
    .constdata                               0x08001e5e   Section       38  usb_desc.o(.constdata)
    .constdata                               0x08001e84   Section       32  usb_desc.o(.constdata)
    .constdata                               0x08001ea4   Section      112  stm32l152d_eval.o(.constdata)
    .data                                    0x20000000   Section        4  hw_config.o(.data)
    .data                                    0x20000004   Section        4  hw_config.o(.data)
    .data                                    0x20000008   Section        1  main.o(.data)
    .data                                    0x20000009   Section       26  usb_desc.o(.data)
    .data                                    0x20000023   Section        2  usb_endp.o(.data)
    .data                                    0x20000026   Section        4  usb_istr.o(.data)
    .data                                    0x2000002c   Section       28  usb_istr.o(.data)
    .data                                    0x20000048   Section       28  usb_istr.o(.data)
    .data                                    0x20000064   Section        2  usb_prop.o(.data)
    .data                                    0x20000068   Section      116  usb_prop.o(.data)
    .data                                    0x200000dc   Section       36  usb_prop.o(.data)
    .data                                    0x20000100   Section        4  usb_pwr.o(.data)
    .data                                    0x20000104   Section        1  usb_pwr.o(.data)
    .data                                    0x20000105   Section        2  usb_pwr.o(.data)
    .data                                    0x20000107   Section        2  stm32_it.o(.data)
    .data                                    0x20000109   Section        1  usb_init.o(.data)
    .data                                    0x2000010c   Section       12  usb_init.o(.data)
    .data                                    0x20000118   Section        2  usb_init.o(.data)
    .data                                    0x2000011a   Section        4  usb_int.o(.data)
    .data                                    0x2000011e   Section        4  usb_core.o(.data)
    .data                                    0x20000124   Section       52  stm32l152d_eval.o(.data)
    .bss                                     0x20000158   Section       28  usb_init.o(.bss)
    STACK                                    0x20000178   Section     1024  startup_stm32l1xx_hd.o(STACK)

    Global Symbols

    Symbol Name                              Value     Ov Type        Size  Object(Section)

    BuildAttributes$$THM_ISAv4$P$D$K$B$S$PE$A:L22UL41UL21$X:L11$S22US41US21$IEEE1$IW$USESV6$~STKCKD$USESV7$~SHL$OSPACE$EBA8$MICROLIB$REQ8$PRES8$EABIv2 0x00000000   Number         0  anon$$obj.o ABSOLUTE
    __ARM_use_no_argv                        0x00000000   Number         0  main.o ABSOLUTE
    _clock_init                               - Undefined Weak Reference
    __Vectors_Size                           0x00000124   Number         0  startup_stm32l1xx_hd.o ABSOLUTE
    __Vectors                                0x08000000   Data           4  startup_stm32l1xx_hd.o(RESET)
    __Vectors_End                            0x08000124   Data           0  startup_stm32l1xx_hd.o(RESET)
    __main                                   0x08000125   Thumb Code     0  entry.o(.ARM.Collect$$$$00000000)
    _main_stk                                0x08000125   Thumb Code     0  entry2.o(.ARM.Collect$$$$00000001)
    _main_scatterload                        0x08000129   Thumb Code     0  entry5.o(.ARM.Collect$$$$00000004)
    __main_after_scatterload                 0x0800012d   Thumb Code     0  entry5.o(.ARM.Collect$$$$00000004)
    _main_clock                              0x0800012d   Thumb Code     0  entry7b.o(.ARM.Collect$$$$00000008)
    _main_init                               0x0800012d   Thumb Code     0  entry8.o(.ARM.Collect$$$$00000009)
    Reset_Handler                            0x08000139   Thumb Code     8  startup_stm32l1xx_hd.o(.text)
    ADC1_IRQHandler                          0x08000153   Thumb Code     0  startup_stm32l1xx_hd.o(.text)
    AES_IRQHandler                           0x08000153   Thumb Code     0  startup_stm32l1xx_hd.o(.text)
    COMP_ACQ_IRQHandler                      0x08000153   Thumb Code     0  startup_stm32l1xx_hd.o(.text)
    COMP_IRQHandler                          0x08000153   Thumb Code     0  startup_stm32l1xx_hd.o(.text)
    DAC_IRQHandler                           0x08000153   Thumb Code     0  startup_stm32l1xx_hd.o(.text)
    DMA1_Channel2_IRQHandler                 0x08000153   Thumb Code     0  startup_stm32l1xx_hd.o(.text)
    DMA1_Channel3_IRQHandler                 0x08000153   Thumb Code     0  startup_stm32l1xx_hd.o(.text)
    DMA1_Channel4_IRQHandler                 0x08000153   Thumb Code     0  startup_stm32l1xx_hd.o(.text)
    DMA1_Channel5_IRQHandler                 0x08000153   Thumb Code     0  startup_stm32l1xx_hd.o(.text)
    DMA1_Channel6_IRQHandler                 0x08000153   Thumb Code     0  startup_stm32l1xx_hd.o(.text)
    DMA1_Channel7_IRQHandler                 0x08000153   Thumb Code     0  startup_stm32l1xx_hd.o(.text)
    DMA2_Channel1_IRQHandler                 0x08000153   Thumb Code     0  startup_stm32l1xx_hd.o(.text)
    DMA2_Channel2_IRQHandler                 0x08000153   Thumb Code     0  startup_stm32l1xx_hd.o(.text)
    DMA2_Channel3_IRQHandler                 0x08000153   Thumb Code     0  startup_stm32l1xx_hd.o(.text)
    DMA2_Channel4_IRQHandler                 0x08000153   Thumb Code     0  startup_stm32l1xx_hd.o(.text)
    DMA2_Channel5_IRQHandler                 0x08000153   Thumb Code     0  startup_stm32l1xx_hd.o(.text)
    EXTI15_10_IRQHandler                     0x08000153   Thumb Code     0  startup_stm32l1xx_hd.o(.text)
    EXTI1_IRQHandler                         0x08000153   Thumb Code     0  startup_stm32l1xx_hd.o(.text)
    EXTI2_IRQHandler                         0x08000153   Thumb Code     0  startup_stm32l1xx_hd.o(.text)
    EXTI3_IRQHandler                         0x08000153   Thumb Code     0  startup_stm32l1xx_hd.o(.text)
    EXTI4_IRQHandler                         0x08000153   Thumb Code     0  startup_stm32l1xx_hd.o(.text)
    EXTI9_5_IRQHandler                       0x08000153   Thumb Code     0  startup_stm32l1xx_hd.o(.text)
    FLASH_IRQHandler                         0x08000153   Thumb Code     0  startup_stm32l1xx_hd.o(.text)
    I2C1_ER_IRQHandler                       0x08000153   Thumb Code     0  startup_stm32l1xx_hd.o(.text)
    I2C1_EV_IRQHandler                       0x08000153   Thumb Code     0  startup_stm32l1xx_hd.o(.text)
    I2C2_ER_IRQHandler                       0x08000153   Thumb Code     0  startup_stm32l1xx_hd.o(.text)
    I2C2_EV_IRQHandler                       0x08000153   Thumb Code     0  startup_stm32l1xx_hd.o(.text)
    LCD_IRQHandler                           0x08000153   Thumb Code     0  startup_stm32l1xx_hd.o(.text)
    PVD_IRQHandler                           0x08000153   Thumb Code     0  startup_stm32l1xx_hd.o(.text)
    RCC_IRQHandler                           0x08000153   Thumb Code     0  startup_stm32l1xx_hd.o(.text)
    RTC_Alarm_IRQHandler                     0x08000153   Thumb Code     0  startup_stm32l1xx_hd.o(.text)
    RTC_WKUP_IRQHandler                      0x08000153   Thumb Code     0  startup_stm32l1xx_hd.o(.text)
    SDIO_IRQHandler                          0x08000153   Thumb Code     0  startup_stm32l1xx_hd.o(.text)
    SPI1_IRQHandler                          0x08000153   Thumb Code     0  startup_stm32l1xx_hd.o(.text)
    SPI2_IRQHandler                          0x08000153   Thumb Code     0  startup_stm32l1xx_hd.o(.text)
    SPI3_IRQHandler                          0x08000153   Thumb Code     0  startup_stm32l1xx_hd.o(.text)
    TAMPER_STAMP_IRQHandler                  0x08000153   Thumb Code     0  startup_stm32l1xx_hd.o(.text)
    TIM10_IRQHandler                         0x08000153   Thumb Code     0  startup_stm32l1xx_hd.o(.text)
    TIM11_IRQHandler                         0x08000153   Thumb Code     0  startup_stm32l1xx_hd.o(.text)
    TIM2_IRQHandler                          0x08000153   Thumb Code     0  startup_stm32l1xx_hd.o(.text)
    TIM3_IRQHandler                          0x08000153   Thumb Code     0  startup_stm32l1xx_hd.o(.text)
    TIM4_IRQHandler                          0x08000153   Thumb Code     0  startup_stm32l1xx_hd.o(.text)
    TIM5_IRQHandler                          0x08000153   Thumb Code     0  startup_stm32l1xx_hd.o(.text)
    TIM6_IRQHandler                          0x08000153   Thumb Code     0  startup_stm32l1xx_hd.o(.text)
    TIM7_IRQHandler                          0x08000153   Thumb Code     0  startup_stm32l1xx_hd.o(.text)
    TIM9_IRQHandler                          0x08000153   Thumb Code     0  startup_stm32l1xx_hd.o(.text)
    UART4_IRQHandler                         0x08000153   Thumb Code     0  startup_stm32l1xx_hd.o(.text)
    UART5_IRQHandler                         0x08000153   Thumb Code     0  startup_stm32l1xx_hd.o(.text)
    USART1_IRQHandler                        0x08000153   Thumb Code     0  startup_stm32l1xx_hd.o(.text)
    USART2_IRQHandler                        0x08000153   Thumb Code     0  startup_stm32l1xx_hd.o(.text)
    USART3_IRQHandler                        0x08000153   Thumb Code     0  startup_stm32l1xx_hd.o(.text)
    USB_FS_WKUP_IRQHandler                   0x08000153   Thumb Code     0  startup_stm32l1xx_hd.o(.text)
    USB_HP_IRQHandler                        0x08000153   Thumb Code     0  startup_stm32l1xx_hd.o(.text)
    WWDG_IRQHandler                          0x08000153   Thumb Code     0  startup_stm32l1xx_hd.o(.text)
    __scatterload                            0x0800015d   Thumb Code    28  init.o(.text)
    __scatterload_rt2                        0x0800015d   Thumb Code     0  init.o(.text)
    __decompress                             0x08000181   Thumb Code     0  __dczerorl2.o(.text)
    __decompress1                            0x08000181   Thumb Code    92  __dczerorl2.o(.text)
    ADC_Cmd                                  0x080001dd   Thumb Code    20  stm32l1xx_adc.o(i.ADC_Cmd)
    ADC_Configuration                        0x080001f1   Thumb Code   180  hw_config.o(i.ADC_Configuration)
    ADC_DMACmd                               0x080002b1   Thumb Code    20  stm32l1xx_adc.o(i.ADC_DMACmd)
    ADC_DMARequestAfterLastTransferCmd       0x080002c5   Thumb Code    20  stm32l1xx_adc.o(i.ADC_DMARequestAfterLastTransferCmd)
    ADC_Init                                 0x080002d9   Thumb Code    66  stm32l1xx_adc.o(i.ADC_Init)
    ADC_RegularChannelConfig                 0x08000325   Thumb Code   216  stm32l1xx_adc.o(i.ADC_RegularChannelConfig)
    ADC_SoftwareStartConv                    0x080003fd   Thumb Code    10  stm32l1xx_adc.o(i.ADC_SoftwareStartConv)
    ADC_StructInit                           0x08000407   Thumb Code    24  stm32l1xx_adc.o(i.ADC_StructInit)
    BusFault_Handler                         0x0800041f   Thumb Code     2  stm32_it.o(i.BusFault_Handler)
    ByteSwap                                 0x08000421   Thumb Code    10  usb_regs.o(i.ByteSwap)
    CTR_LP                                   0x0800042d   Thumb Code   304  usb_int.o(i.CTR_LP)
    ClearDTOG_RX                             0x08000575   Thumb Code    32  usb_regs.o(i.ClearDTOG_RX)
    ClearDTOG_TX                             0x08000599   Thumb Code    32  usb_regs.o(i.ClearDTOG_TX)
    Clear_Status_Out                         0x080005bd   Thumb Code    26  usb_regs.o(i.Clear_Status_Out)
    CustomHID_Data_Setup                     0x080005dd   Thumb Code    74  usb_prop.o(i.CustomHID_Data_Setup)
    CustomHID_GetConfigDescriptor            0x08000639   Thumb Code     6  usb_prop.o(i.CustomHID_GetConfigDescriptor)
    CustomHID_GetDeviceDescriptor            0x08000645   Thumb Code     6  usb_prop.o(i.CustomHID_GetDeviceDescriptor)
    CustomHID_GetHIDDescriptor               0x08000651   Thumb Code     6  usb_prop.o(i.CustomHID_GetHIDDescriptor)
    CustomHID_GetProtocolValue               0x0800065d   Thumb Code    18  usb_prop.o(i.CustomHID_GetProtocolValue)
    CustomHID_GetReportDescriptor            0x08000679   Thumb Code     6  usb_prop.o(i.CustomHID_GetReportDescriptor)
    CustomHID_GetStringDescriptor            0x08000685   Thumb Code    24  usb_prop.o(i.CustomHID_GetStringDescriptor)
    CustomHID_Get_Interface_Setting          0x080006a5   Thumb Code    10  usb_prop.o(i.CustomHID_Get_Interface_Setting)
    CustomHID_NoData_Setup                   0x080006b1   Thumb Code    26  usb_prop.o(i.CustomHID_NoData_Setup)
    CustomHID_Reset                          0x080006d1   Thumb Code   160  usb_prop.o(i.CustomHID_Reset)
    CustomHID_SetConfiguration               0x08000781   Thumb Code    24  usb_prop.o(i.CustomHID_SetConfiguration)
    CustomHID_SetDeviceAddress               0x080007a5   Thumb Code     8  usb_prop.o(i.CustomHID_SetDeviceAddress)
    CustomHID_SetProtocol                    0x080007b1   Thumb Code    14  usb_prop.o(i.CustomHID_SetProtocol)
    CustomHID_Status_In                      0x080007c9   Thumb Code     2  usb_prop.o(i.CustomHID_Status_In)
    CustomHID_Status_Out                     0x080007cb   Thumb Code     2  usb_prop.o(i.CustomHID_Status_Out)
    CustomHID_init                           0x080007cd   Thumb Code    28  usb_prop.o(i.CustomHID_init)
    DMA1_Channel1_IRQHandler                 0x080007f1   Thumb Code    66  stm32_it.o(i.DMA1_Channel1_IRQHandler)
    DMA_ClearFlag                            0x08000845   Thumb Code    16  stm32l1xx_dma.o(i.DMA_ClearFlag)
    DMA_Cmd                                  0x0800085d   Thumb Code    22  stm32l1xx_dma.o(i.DMA_Cmd)
    DMA_DeInit                               0x08000875   Thumb Code   218  stm32l1xx_dma.o(i.DMA_DeInit)
    DMA_ITConfig                             0x08000959   Thumb Code    16  stm32l1xx_dma.o(i.DMA_ITConfig)
    DMA_Init                                 0x08000969   Thumb Code    58  stm32l1xx_dma.o(i.DMA_Init)
    DebugMon_Handler                         0x08000ca5   Thumb Code     2  stm32_it.o(i.DebugMon_Handler)
    EP1_IN_Callback                          0x08000ca9   Thumb Code     8  usb_endp.o(i.EP1_IN_Callback)
    EP1_OUT_Callback                         0x08000cb5   Thumb Code   112  usb_endp.o(i.EP1_OUT_Callback)
    EXTI0_IRQHandler                         0x08000d29   Thumb Code    72  stm32_it.o(i.EXTI0_IRQHandler)
    EXTI_ClearITPendingBit                   0x08000d79   Thumb Code     6  stm32l1xx_exti.o(i.EXTI_ClearITPendingBit)
    EXTI_Configuration                       0x08000d85   Thumb Code    36  hw_config.o(i.EXTI_Configuration)
    EXTI_GetITStatus                         0x08000da9   Thumb Code    28  stm32l1xx_exti.o(i.EXTI_GetITStatus)
    EXTI_Init                                0x08000dc9   Thumb Code   108  stm32l1xx_exti.o(i.EXTI_Init)
    Enter_LowPowerMode                       0x08000e39   Thumb Code     8  hw_config.o(i.Enter_LowPowerMode)
    GPIO_Configuration                       0x08000e45   Thumb Code    32  hw_config.o(i.GPIO_Configuration)
    GPIO_Init                                0x08000e69   Thumb Code   122  stm32l1xx_gpio.o(i.GPIO_Init)
    GPIO_ReadInputDataBit                    0x08000ee3   Thumb Code    14  stm32l1xx_gpio.o(i.GPIO_ReadInputDataBit)
    GetEPRxAddr                              0x08000ef1   Thumb Code    22  usb_regs.o(i.GetEPRxAddr)
    GetEPRxCount                             0x08000f11   Thumb Code    24  usb_regs.o(i.GetEPRxCount)
    GetEPTxAddr                              0x08000f31   Thumb Code    20  usb_regs.o(i.GetEPTxAddr)
    Get_SerialNum                            0x08000f4d   Thumb Code    40  hw_config.o(i.Get_SerialNum)
    HardFault_Handler                        0x08000f7d   Thumb Code     2  stm32_it.o(i.HardFault_Handler)
    In0_Process                              0x08000f81   Thumb Code    80  usb_core.o(i.In0_Process)
    Leave_LowPowerMode                       0x08001015   Thumb Code    18  hw_config.o(i.Leave_LowPowerMode)
    MemManage_Handler                        0x08001031   Thumb Code     2  stm32_it.o(i.MemManage_Handler)
    NMI_Handler                              0x08001033   Thumb Code     2  stm32_it.o(i.NMI_Handler)
    NOP_Process                              0x08001035   Thumb Code     2  usb_core.o(i.NOP_Process)
    NVIC_Init                                0x08001039   Thumb Code    90  misc.o(i.NVIC_Init)
    NVIC_PriorityGroupConfig                 0x0800109d   Thumb Code    10  misc.o(i.NVIC_PriorityGroupConfig)
    Out0_Process                             0x08001185   Thumb Code    62  usb_core.o(i.Out0_Process)
    PMAToUserBufferCopy                      0x080011cd   Thumb Code    24  usb_mem.o(i.PMAToUserBufferCopy)
    PendSV_Handler                           0x080011e9   Thumb Code     2  stm32_it.o(i.PendSV_Handler)
    Post0_Process                            0x080011ed   Thumb Code    52  usb_core.o(i.Post0_Process)
    PowerOn                                  0x08001231   Thumb Code    36  usb_pwr.o(i.PowerOn)
    RCC_AHBPeriphClockCmd                    0x0800125d   Thumb Code    18  stm32l1xx_rcc.o(i.RCC_AHBPeriphClockCmd)
    RCC_APB1PeriphClockCmd                   0x08001275   Thumb Code    18  stm32l1xx_rcc.o(i.RCC_APB1PeriphClockCmd)
    RCC_APB2PeriphClockCmd                   0x0800128d   Thumb Code    18  stm32l1xx_rcc.o(i.RCC_APB2PeriphClockCmd)
    RCC_HSICmd                               0x080012a5   Thumb Code     6  stm32l1xx_rcc.o(i.RCC_HSICmd)
    Resume                                   0x080012b1   Thumb Code   116  usb_pwr.o(i.Resume)
    Resume_Init                              0x0800132d   Thumb Code    26  usb_pwr.o(i.Resume_Init)
    STM_EVAL_LEDInit                         0x0800134d   Thumb Code    72  stm32l152d_eval.o(i.STM_EVAL_LEDInit)
    STM_EVAL_LEDOff                          0x0800139d   Thumb Code    16  stm32l152d_eval.o(i.STM_EVAL_LEDOff)
    STM_EVAL_LEDOn                           0x080013b5   Thumb Code    16  stm32l152d_eval.o(i.STM_EVAL_LEDOn)
    STM_EVAL_PBGetState                      0x080013cd   Thumb Code    16  stm32l152d_eval.o(i.STM_EVAL_PBGetState)
    STM_EVAL_PBInit                          0x080013e5   Thumb Code   150  stm32l152d_eval.o(i.STM_EVAL_PBInit)
    SVC_Handler                              0x08001485   Thumb Code     2  stm32_it.o(i.SVC_Handler)
    SYSCFG_EXTILineConfig                    0x08001489   Thumb Code    34  stm32l1xx_syscfg.o(i.SYSCFG_EXTILineConfig)
    SYSCFG_USBPuCmd                          0x080014b1   Thumb Code    22  stm32l1xx_syscfg.o(i.SYSCFG_USBPuCmd)
    SetBTABLE                                0x080014cd   Thumb Code    10  usb_regs.o(i.SetBTABLE)
    SetDeviceAddress                         0x080014dd   Thumb Code    58  usb_core.o(i.SetDeviceAddress)
    SetEPRxAddr                              0x08001521   Thumb Code    24  usb_regs.o(i.SetEPRxAddr)
    SetEPRxCount                             0x08001541   Thumb Code    56  usb_regs.o(i.SetEPRxCount)
    SetEPRxStatus                            0x08001581   Thumb Code    44  usb_regs.o(i.SetEPRxStatus)
    SetEPRxValid                             0x080015b1   Thumb Code    30  usb_regs.o(i.SetEPRxValid)
    SetEPTxAddr                              0x080015d5   Thumb Code    22  usb_regs.o(i.SetEPTxAddr)
    SetEPTxCount                             0x080015f5   Thumb Code    20  usb_regs.o(i.SetEPTxCount)
    SetEPTxStatus                            0x08001611   Thumb Code    44  usb_regs.o(i.SetEPTxStatus)
    SetEPTxValid                             0x08001641   Thumb Code    30  usb_regs.o(i.SetEPTxValid)
    SetEPType                                0x08001665   Thumb Code    22  usb_regs.o(i.SetEPType)
    Set_System                               0x08001731   Thumb Code    58  hw_config.o(i.Set_System)
    Set_USBClock                             0x0800176b   Thumb Code     8  hw_config.o(i.Set_USBClock)
    Setup0_Process                           0x08001775   Thumb Code    92  usb_core.o(i.Setup0_Process)
    Standard_ClearFeature                    0x080017dd   Thumb Code   216  usb_core.o(i.Standard_ClearFeature)
    Standard_GetConfiguration                0x080018c9   Thumb Code    30  usb_core.o(i.Standard_GetConfiguration)
    Standard_GetDescriptorData               0x080018f1   Thumb Code    24  usb_core.o(i.Standard_GetDescriptorData)
    Standard_GetInterface                    0x0800190d   Thumb Code    30  usb_core.o(i.Standard_GetInterface)
    Standard_GetStatus                       0x08001935   Thumb Code   128  usb_core.o(i.Standard_GetStatus)
    Standard_SetConfiguration                0x080019c5   Thumb Code    42  usb_core.o(i.Standard_SetConfiguration)
    Standard_SetDeviceFeature                0x080019fd   Thumb Code    26  usb_core.o(i.Standard_SetDeviceFeature)
    Standard_SetEndPointFeature              0x08001a21   Thumb Code   116  usb_core.o(i.Standard_SetEndPointFeature)
    Standard_SetInterface                    0x08001aa5   Thumb Code    60  usb_core.o(i.Standard_SetInterface)
    Suspend                                  0x08001aed   Thumb Code    26  usb_pwr.o(i.Suspend)
    SysTick_Handler                          0x08001b0d   Thumb Code     2  stm32_it.o(i.SysTick_Handler)
    SystemInit                               0x08001b11   Thumb Code    68  system_stm32l1xx.o(i.SystemInit)
    USB_Cable_Config                         0x08001b65   Thumb Code     8  hw_config.o(i.USB_Cable_Config)
    USB_Init                                 0x08001b6d   Thumb Code    22  usb_init.o(i.USB_Init)
    USB_Interrupts_Config                    0x08001b95   Thumb Code    90  hw_config.o(i.USB_Interrupts_Config)
    USB_Istr                                 0x08001bf1   Thumb Code   170  usb_istr.o(i.USB_Istr)
    USB_LP_IRQHandler                        0x08001cb1   Thumb Code     4  stm32_it.o(i.USB_LP_IRQHandler)
    USB_SIL_Init                             0x08001cb5   Thumb Code    24  usb_sil.o(i.USB_SIL_Init)
    USB_SIL_Read                             0x08001cd5   Thumb Code    36  usb_sil.o(i.USB_SIL_Read)
    USB_SIL_Write                            0x08001cf9   Thumb Code    40  usb_sil.o(i.USB_SIL_Write)
    UsageFault_Handler                       0x08001d21   Thumb Code     2  stm32_it.o(i.UsageFault_Handler)
    UserToPMABufferCopy                      0x08001d25   Thumb Code    34  usb_mem.o(i.UserToPMABufferCopy)
    __scatterload_copy                       0x08001d4d   Thumb Code    14  handlers.o(i.__scatterload_copy)
    __scatterload_null                       0x08001d5b   Thumb Code     2  handlers.o(i.__scatterload_null)
    __scatterload_zeroinit                   0x08001d5d   Thumb Code    14  handlers.o(i.__scatterload_zeroinit)
    main                                     0x08001d6b   Thumb Code    18  main.o(i.main)
    CustomHID_DeviceDescriptor               0x08001d7c   Data          18  usb_desc.o(.constdata)
    CustomHID_ConfigDescriptor               0x08001d8e   Data          41  usb_desc.o(.constdata)
    CustomHID_ReportDescriptor               0x08001db7   Data         163  usb_desc.o(.constdata)
    CustomHID_StringLangID                   0x08001e5a   Data           4  usb_desc.o(.constdata)
    CustomHID_StringVendor                   0x08001e5e   Data          38  usb_desc.o(.constdata)
    CustomHID_StringProduct                  0x08001e84   Data          32  usb_desc.o(.constdata)
    COM_TX_PIN_SOURCE                        0x08001ea4   Data           1  stm32l152d_eval.o(.constdata)
    COM_RX_PIN_SOURCE                        0x08001ea5   Data           1  stm32l152d_eval.o(.constdata)
    COM_TX_AF                                0x08001ea6   Data           1  stm32l152d_eval.o(.constdata)
    COM_RX_AF                                0x08001ea7   Data           1  stm32l152d_eval.o(.constdata)
    COM_TX_PIN                               0x08001ea8   Data           2  stm32l152d_eval.o(.constdata)
    COM_RX_PIN                               0x08001eaa   Data           2  stm32l152d_eval.o(.constdata)
    COM_USART_CLK                            0x08001eac   Data           4  stm32l152d_eval.o(.constdata)
    COM_TX_PORT_CLK                          0x08001eb0   Data           4  stm32l152d_eval.o(.constdata)
    COM_RX_PORT_CLK                          0x08001eb4   Data           4  stm32l152d_eval.o(.constdata)
    BUTTON_PORT_SOURCE                       0x08001eb8   Data           6  stm32l152d_eval.o(.constdata)
    BUTTON_PIN_SOURCE                        0x08001ebe   Data           6  stm32l152d_eval.o(.constdata)
    BUTTON_IRQn                              0x08001ec4   Data           6  stm32l152d_eval.o(.constdata)
    GPIO_PIN                                 0x08001eca   Data           8  stm32l152d_eval.o(.constdata)
    GPIO_CLK                                 0x08001ed4   Data          16  stm32l152d_eval.o(.constdata)
    BUTTON_PIN                               0x08001ee4   Data          12  stm32l152d_eval.o(.constdata)
    BUTTON_CLK                               0x08001ef0   Data          24  stm32l152d_eval.o(.constdata)
    BUTTON_EXTI_LINE                         0x08001f08   Data          12  stm32l152d_eval.o(.constdata)
    Region$$Table$$Base                      0x08001f14   Number         0  anon$$obj.o(Region$$Table)
    Region$$Table$$Limit                     0x08001f34   Number         0  anon$$obj.o(Region$$Table)
    ADC_ConvertedValueX                      0x20000000   Data           4  hw_config.o(.data)
    ADC_ConvertedValueX_1                    0x20000004   Data           4  hw_config.o(.data)
    PrevXferComplete                         0x20000008   Data           1  main.o(.data)
    CustomHID_StringSerial                   0x20000009   Data          26  usb_desc.o(.data)
    Receive_Buffer                           0x20000023   Data           2  usb_endp.o(.data)
    bIntPackSOF                              0x20000026   Data           1  usb_istr.o(.data)
    wIstr                                    0x20000028   Data           2  usb_istr.o(.data)
    pEpInt_IN                                0x2000002c   Data          28  usb_istr.o(.data)
    pEpInt_OUT                               0x20000048   Data          28  usb_istr.o(.data)
    Device_Table                             0x20000064   Data           2  usb_prop.o(.data)
    ProtocolValue                            0x20000068   Data           4  usb_prop.o(.data)
    Device_Descriptor                        0x2000006c   Data           8  usb_prop.o(.data)
    Config_Descriptor                        0x20000074   Data           8  usb_prop.o(.data)
    CustomHID_Report_Descriptor              0x2000007c   Data           8  usb_prop.o(.data)
    CustomHID_Hid_Descriptor                 0x20000084   Data           8  usb_prop.o(.data)
    Device_Property                          0x2000008c   Data          48  usb_prop.o(.data)
    String_Descriptor                        0x200000bc   Data          32  usb_prop.o(.data)
    User_Standard_Requests                   0x200000dc   Data          36  usb_prop.o(.data)
    bDeviceState                             0x20000100   Data           4  usb_pwr.o(.data)
    fSuspendEnabled                          0x20000104   Data           1  usb_pwr.o(.data)
    ResumeS                                  0x20000105   Data           2  usb_pwr.o(.data)
    Send_Buffer                              0x20000107   Data           2  stm32_it.o(.data)
    EPindex                                  0x20000109   Data           1  usb_init.o(.data)
    pInformation                             0x2000010c   Data           4  usb_init.o(.data)
    pProperty                                0x20000110   Data           4  usb_init.o(.data)
    pUser_Standard_Requests                  0x20000114   Data           4  usb_init.o(.data)
    wInterrupt_Mask                          0x20000118   Data           2  usb_init.o(.data)
    SaveRState                               0x2000011a   Data           2  usb_int.o(.data)
    SaveTState                               0x2000011c   Data           2  usb_int.o(.data)
    Data_Mul_MaxPacketSize                   0x2000011e   Data           1  usb_core.o(.data)
    StatusInfo                               0x20000120   Data           2  usb_core.o(.data)
    COM_USART                                0x20000124   Data           4  stm32l152d_eval.o(.data)
    COM_TX_PORT                              0x20000128   Data           4  stm32l152d_eval.o(.data)
    COM_RX_PORT                              0x2000012c   Data           4  stm32l152d_eval.o(.data)
    GPIO_PORT                                0x20000130   Data          16  stm32l152d_eval.o(.data)
    BUTTON_PORT                              0x20000140   Data          24  stm32l152d_eval.o(.data)
    Device_Info                              0x20000158   Data          28  usb_init.o(.bss)
    __initial_sp                             0x20000578   Data           0  startup_stm32l1xx_hd.o(STACK)



==============================================================================

Memory Map of the image

  Image Entry point : 0x08000125

  Load Region LR_IROM1 (Base: 0x08000000, Size: 0x0000208c, Max: 0x00060000, ABSOLUTE, COMPRESSED[0x00001fc8])

    Execution Region ER_IROM1 (Base: 0x08000000, Size: 0x00001f34, Max: 0x00060000, ABSOLUTE)

    Base Addr    Size         Type   Attr      Idx    E Section Name        Object

    0x08000000   0x00000124   Data   RO          697    RESET               startup_stm32l1xx_hd.o
    0x08000124   0x00000000   Code   RO         3390  * .ARM.Collect$$$$00000000  mc_w.l(entry.o)
    0x08000124   0x00000004   Code   RO         3393    .ARM.Collect$$$$00000001  mc_w.l(entry2.o)
    0x08000128   0x00000004   Code   RO         3396    .ARM.Collect$$$$00000004  mc_w.l(entry5.o)
    0x0800012c   0x00000000   Code   RO         3398    .ARM.Collect$$$$00000008  mc_w.l(entry7b.o)
    0x0800012c   0x00000008   Code   RO         3399    .ARM.Collect$$$$00000009  mc_w.l(entry8.o)
    0x08000134   0x00000004   Code   RO         3394    .ARM.Collect$$$$00002712  mc_w.l(entry2.o)
    0x08000138   0x00000024   Code   RO          698    .text               startup_stm32l1xx_hd.o
    0x0800015c   0x00000024   Code   RO         3400    .text               mc_w.l(init.o)
    0x08000180   0x0000005c   Code   RO         3410    .text               mc_w.l(__dczerorl2.o)
    0x080001dc   0x00000014   Code   RO         1536    i.ADC_Cmd           stm32l1xx_adc.o
    0x080001f0   0x000000c0   Code   RO          136    i.ADC_Configuration  hw_config.o
    0x080002b0   0x00000014   Code   RO         1540    i.ADC_DMACmd        stm32l1xx_adc.o
    0x080002c4   0x00000014   Code   RO         1541    i.ADC_DMARequestAfterLastTransferCmd  stm32l1xx_adc.o
    0x080002d8   0x0000004c   Code   RO         1556    i.ADC_Init          stm32l1xx_adc.o
    0x08000324   0x000000d8   Code   RO         1561    i.ADC_RegularChannelConfig  stm32l1xx_adc.o
    0x080003fc   0x0000000a   Code   RO         1563    i.ADC_SoftwareStartConv  stm32l1xx_adc.o
    0x08000406   0x00000018   Code   RO         1565    i.ADC_StructInit    stm32l1xx_adc.o
    0x0800041e   0x00000002   Code   RO          567    i.BusFault_Handler  stm32_it.o
    0x08000420   0x0000000a   Code   RO          802    i.ByteSwap          usb_regs.o
    0x0800042a   0x00000002   PAD
    0x0800042c   0x00000148   Code   RO          739    i.CTR_LP            usb_int.o
    0x08000574   0x00000024   Code   RO          803    i.ClearDTOG_RX      usb_regs.o
    0x08000598   0x00000024   Code   RO          804    i.ClearDTOG_TX      usb_regs.o
    0x080005bc   0x00000020   Code   RO          809    i.Clear_Status_Out  usb_regs.o
    0x080005dc   0x0000005c   Code   RO          391    i.CustomHID_Data_Setup  usb_prop.o
    0x08000638   0x0000000c   Code   RO          392    i.CustomHID_GetConfigDescriptor  usb_prop.o
    0x08000644   0x0000000c   Code   RO          393    i.CustomHID_GetDeviceDescriptor  usb_prop.o
    0x08000650   0x0000000c   Code   RO          394    i.CustomHID_GetHIDDescriptor  usb_prop.o
    0x0800065c   0x0000001c   Code   RO          395    i.CustomHID_GetProtocolValue  usb_prop.o
    0x08000678   0x0000000c   Code   RO          396    i.CustomHID_GetReportDescriptor  usb_prop.o
    0x08000684   0x00000020   Code   RO          397    i.CustomHID_GetStringDescriptor  usb_prop.o
    0x080006a4   0x0000000a   Code   RO          398    i.CustomHID_Get_Interface_Setting  usb_prop.o
    0x080006ae   0x00000002   PAD
    0x080006b0   0x00000020   Code   RO          399    i.CustomHID_NoData_Setup  usb_prop.o
    0x080006d0   0x000000b0   Code   RO          400    i.CustomHID_Reset   usb_prop.o
    0x08000780   0x00000024   Code   RO          401    i.CustomHID_SetConfiguration  usb_prop.o
    0x080007a4   0x0000000c   Code   RO          402    i.CustomHID_SetDeviceAddress  usb_prop.o
    0x080007b0   0x00000018   Code   RO          403    i.CustomHID_SetProtocol  usb_prop.o
    0x080007c8   0x00000002   Code   RO          404    i.CustomHID_Status_In  usb_prop.o
    0x080007ca   0x00000002   Code   RO          405    i.CustomHID_Status_Out  usb_prop.o
    0x080007cc   0x00000024   Code   RO          406    i.CustomHID_init    usb_prop.o
    0x080007f0   0x00000054   Code   RO          568    i.DMA1_Channel1_IRQHandler  stm32_it.o
    0x08000844   0x00000018   Code   RO         1771    i.DMA_ClearFlag     stm32l1xx_dma.o
    0x0800085c   0x00000016   Code   RO         1773    i.DMA_Cmd           stm32l1xx_dma.o
    0x08000872   0x00000002   PAD
    0x08000874   0x000000e4   Code   RO         1774    i.DMA_DeInit        stm32l1xx_dma.o
    0x08000958   0x00000010   Code   RO         1778    i.DMA_ITConfig      stm32l1xx_dma.o
    0x08000968   0x0000003a   Code   RO         1779    i.DMA_Init          stm32l1xx_dma.o
    0x080009a2   0x00000002   PAD
    0x080009a4   0x000000bc   Code   RO         1182    i.DataStageIn       usb_core.o
    0x08000a60   0x000000a8   Code   RO         1183    i.DataStageOut      usb_core.o
    0x08000b08   0x0000019c   Code   RO         1184    i.Data_Setup0       usb_core.o
    0x08000ca4   0x00000002   Code   RO          569    i.DebugMon_Handler  stm32_it.o
    0x08000ca6   0x00000002   PAD
    0x08000ca8   0x0000000c   Code   RO          327    i.EP1_IN_Callback   usb_endp.o
    0x08000cb4   0x00000074   Code   RO          328    i.EP1_OUT_Callback  usb_endp.o
    0x08000d28   0x00000050   Code   RO          570    i.EXTI0_IRQHandler  stm32_it.o
    0x08000d78   0x0000000c   Code   RO         1852    i.EXTI_ClearITPendingBit  stm32l1xx_exti.o
    0x08000d84   0x00000024   Code   RO          137    i.EXTI_Configuration  hw_config.o
    0x08000da8   0x00000020   Code   RO         1856    i.EXTI_GetITStatus  stm32l1xx_exti.o
    0x08000dc8   0x00000070   Code   RO         1857    i.EXTI_Init         stm32l1xx_exti.o
    0x08000e38   0x0000000c   Code   RO          138    i.Enter_LowPowerMode  hw_config.o
    0x08000e44   0x00000024   Code   RO          139    i.GPIO_Configuration  hw_config.o
    0x08000e68   0x0000007a   Code   RO         2173    i.GPIO_Init         stm32l1xx_gpio.o
    0x08000ee2   0x0000000e   Code   RO         2177    i.GPIO_ReadInputDataBit  stm32l1xx_gpio.o
    0x08000ef0   0x00000020   Code   RO          821    i.GetEPRxAddr       usb_regs.o
    0x08000f10   0x00000020   Code   RO          822    i.GetEPRxCount      usb_regs.o
    0x08000f30   0x0000001c   Code   RO          824    i.GetEPTxAddr       usb_regs.o
    0x08000f4c   0x00000030   Code   RO          140    i.Get_SerialNum     hw_config.o
    0x08000f7c   0x00000002   Code   RO          571    i.HardFault_Handler  stm32_it.o
    0x08000f7e   0x00000002   PAD
    0x08000f80   0x0000005c   Code   RO         1185    i.In0_Process       usb_core.o
    0x08000fdc   0x00000036   Code   RO          141    i.IntToUnicode      hw_config.o
    0x08001012   0x00000002   PAD
    0x08001014   0x0000001c   Code   RO          142    i.Leave_LowPowerMode  hw_config.o
    0x08001030   0x00000002   Code   RO          572    i.MemManage_Handler  stm32_it.o
    0x08001032   0x00000002   Code   RO          573    i.NMI_Handler       stm32_it.o
    0x08001034   0x00000002   Code   RO         1186    i.NOP_Process       usb_core.o
    0x08001036   0x00000002   PAD
    0x08001038   0x00000064   Code   RO            3    i.NVIC_Init         misc.o
    0x0800109c   0x00000014   Code   RO            4    i.NVIC_PriorityGroupConfig  misc.o
    0x080010b0   0x000000d4   Code   RO         1187    i.NoData_Setup0     usb_core.o
    0x08001184   0x00000048   Code   RO         1188    i.Out0_Process      usb_core.o
    0x080011cc   0x0000001c   Code   RO          776    i.PMAToUserBufferCopy  usb_mem.o
    0x080011e8   0x00000002   Code   RO          574    i.PendSV_Handler    stm32_it.o
    0x080011ea   0x00000002   PAD
    0x080011ec   0x00000044   Code   RO         1189    i.Post0_Process     usb_core.o
    0x08001230   0x0000002c   Code   RO          516    i.PowerOn           usb_pwr.o
    0x0800125c   0x00000018   Code   RO         2580    i.RCC_AHBPeriphClockCmd  stm32l1xx_rcc.o
    0x08001274   0x00000018   Code   RO         2583    i.RCC_APB1PeriphClockCmd  stm32l1xx_rcc.o
    0x0800128c   0x00000018   Code   RO         2586    i.RCC_APB2PeriphClockCmd  stm32l1xx_rcc.o
    0x080012a4   0x0000000c   Code   RO         2601    i.RCC_HSICmd        stm32l1xx_rcc.o
    0x080012b0   0x0000007c   Code   RO          517    i.Resume            usb_pwr.o
    0x0800132c   0x00000020   Code   RO          518    i.Resume_Init       usb_pwr.o
    0x0800134c   0x00000050   Code   RO         3272    i.STM_EVAL_LEDInit  stm32l152d_eval.o
    0x0800139c   0x00000018   Code   RO         3273    i.STM_EVAL_LEDOff   stm32l152d_eval.o
    0x080013b4   0x00000018   Code   RO         3274    i.STM_EVAL_LEDOn    stm32l152d_eval.o
    0x080013cc   0x00000018   Code   RO         3276    i.STM_EVAL_PBGetState  stm32l152d_eval.o
    0x080013e4   0x000000a0   Code   RO         3277    i.STM_EVAL_PBInit   stm32l152d_eval.o
    0x08001484   0x00000002   Code   RO          575    i.SVC_Handler       stm32_it.o
    0x08001486   0x00000002   PAD
    0x08001488   0x00000028   Code   RO         2825    i.SYSCFG_EXTILineConfig  stm32l1xx_syscfg.o
    0x080014b0   0x0000001c   Code   RO         2836    i.SYSCFG_USBPuCmd   stm32l1xx_syscfg.o
    0x080014cc   0x00000010   Code   RO          832    i.SetBTABLE         usb_regs.o
    0x080014dc   0x00000044   Code   RO         1190    i.SetDeviceAddress  usb_core.o
    0x08001520   0x00000020   Code   RO          846    i.SetEPRxAddr       usb_regs.o
    0x08001540   0x00000040   Code   RO          847    i.SetEPRxCount      usb_regs.o
    0x08001580   0x00000030   Code   RO          848    i.SetEPRxStatus     usb_regs.o
    0x080015b0   0x00000024   Code   RO          849    i.SetEPRxValid      usb_regs.o
    0x080015d4   0x00000020   Code   RO          850    i.SetEPTxAddr       usb_regs.o
    0x080015f4   0x0000001c   Code   RO          851    i.SetEPTxCount      usb_regs.o
    0x08001610   0x00000030   Code   RO          852    i.SetEPTxStatus     usb_regs.o
    0x08001640   0x00000024   Code   RO          853    i.SetEPTxValid      usb_regs.o
    0x08001664   0x0000001c   Code   RO          854    i.SetEPType         usb_regs.o
    0x08001680   0x000000b0   Code   RO          660    i.SetSysClock       system_stm32l1xx.o
    0x08001730   0x0000003a   Code   RO          143    i.Set_System        hw_config.o
    0x0800176a   0x00000008   Code   RO          144    i.Set_USBClock      hw_config.o
    0x08001772   0x00000002   PAD
    0x08001774   0x00000068   Code   RO         1191    i.Setup0_Process    usb_core.o
    0x080017dc   0x000000ec   Code   RO         1192    i.Standard_ClearFeature  usb_core.o
    0x080018c8   0x00000028   Code   RO         1193    i.Standard_GetConfiguration  usb_core.o
    0x080018f0   0x0000001c   Code   RO         1194    i.Standard_GetDescriptorData  usb_core.o
    0x0800190c   0x00000028   Code   RO         1195    i.Standard_GetInterface  usb_core.o
    0x08001934   0x00000090   Code   RO         1196    i.Standard_GetStatus  usb_core.o
    0x080019c4   0x00000038   Code   RO         1197    i.Standard_SetConfiguration  usb_core.o
    0x080019fc   0x00000024   Code   RO         1198    i.Standard_SetDeviceFeature  usb_core.o
    0x08001a20   0x00000084   Code   RO         1199    i.Standard_SetEndPointFeature  usb_core.o
    0x08001aa4   0x00000048   Code   RO         1200    i.Standard_SetInterface  usb_core.o
    0x08001aec   0x00000020   Code   RO          519    i.Suspend           usb_pwr.o
    0x08001b0c   0x00000002   Code   RO          576    i.SysTick_Handler   stm32_it.o
    0x08001b0e   0x00000002   PAD
    0x08001b10   0x00000054   Code   RO          662    i.SystemInit        system_stm32l1xx.o
    0x08001b64   0x00000008   Code   RO          145    i.USB_Cable_Config  hw_config.o
    0x08001b6c   0x00000028   Code   RO          704    i.USB_Init          usb_init.o
    0x08001b94   0x0000005a   Code   RO          146    i.USB_Interrupts_Config  hw_config.o
    0x08001bee   0x00000002   PAD
    0x08001bf0   0x000000c0   Code   RO          360    i.USB_Istr          usb_istr.o
    0x08001cb0   0x00000004   Code   RO          577    i.USB_LP_IRQHandler  stm32_it.o
    0x08001cb4   0x00000020   Code   RO         1309    i.USB_SIL_Init      usb_sil.o
    0x08001cd4   0x00000024   Code   RO         1310    i.USB_SIL_Read      usb_sil.o
    0x08001cf8   0x00000028   Code   RO         1311    i.USB_SIL_Write     usb_sil.o
    0x08001d20   0x00000002   Code   RO          578    i.UsageFault_Handler  stm32_it.o
    0x08001d22   0x00000002   PAD
    0x08001d24   0x00000028   Code   RO          777    i.UserToPMABufferCopy  usb_mem.o
    0x08001d4c   0x0000000e   Code   RO         3404    i.__scatterload_copy  mc_w.l(handlers.o)
    0x08001d5a   0x00000002   Code   RO         3405    i.__scatterload_null  mc_w.l(handlers.o)
    0x08001d5c   0x0000000e   Code   RO         3406    i.__scatterload_zeroinit  mc_w.l(handlers.o)
    0x08001d6a   0x00000012   Code   RO          273    i.main              main.o
    0x08001d7c   0x00000012   Data   RO          301    .constdata          usb_desc.o
    0x08001d8e   0x00000029   Data   RO          302    .constdata          usb_desc.o
    0x08001db7   0x000000a3   Data   RO          303    .constdata          usb_desc.o
    0x08001e5a   0x00000004   Data   RO          304    .constdata          usb_desc.o
    0x08001e5e   0x00000026   Data   RO          305    .constdata          usb_desc.o
    0x08001e84   0x00000020   Data   RO          306    .constdata          usb_desc.o
    0x08001ea4   0x00000070   Data   RO         3284    .constdata          stm32l152d_eval.o
    0x08001f14   0x00000020   Data   RO         3402    Region$$Table       anon$$obj.o


    Execution Region RW_IRAM1 (Base: 0x20000000, Size: 0x00000578, Max: 0x0000c000, ABSOLUTE, COMPRESSED[0x00000094])

    Base Addr    Size         Type   Attr      Idx    E Section Name        Object

    0x20000000   0x00000004   Data   RW          147    .data               hw_config.o
    0x20000004   0x00000004   Data   RW          148    .data               hw_config.o
    0x20000008   0x00000001   Data   RW          274    .data               main.o
    0x20000009   0x0000001a   Data   RW          307    .data               usb_desc.o
    0x20000023   0x00000002   Data   RW          329    .data               usb_endp.o
    0x20000025   0x00000001   PAD
    0x20000026   0x00000004   Data   RW          361    .data               usb_istr.o
    0x2000002a   0x00000002   PAD
    0x2000002c   0x0000001c   Data   RW          362    .data               usb_istr.o
    0x20000048   0x0000001c   Data   RW          363    .data               usb_istr.o
    0x20000064   0x00000002   Data   RW          407    .data               usb_prop.o
    0x20000066   0x00000002   PAD
    0x20000068   0x00000074   Data   RW          408    .data               usb_prop.o
    0x200000dc   0x00000024   Data   RW          409    .data               usb_prop.o
    0x20000100   0x00000004   Data   RW          520    .data               usb_pwr.o
    0x20000104   0x00000001   Data   RW          521    .data               usb_pwr.o
    0x20000105   0x00000002   Data   RW          522    .data               usb_pwr.o
    0x20000107   0x00000002   Data   RW          579    .data               stm32_it.o
    0x20000109   0x00000001   Data   RW          706    .data               usb_init.o
    0x2000010a   0x00000002   PAD
    0x2000010c   0x0000000c   Data   RW          707    .data               usb_init.o
    0x20000118   0x00000002   Data   RW          709    .data               usb_init.o
    0x2000011a   0x00000004   Data   RW          740    .data               usb_int.o
    0x2000011e   0x00000004   Data   RW         1201    .data               usb_core.o
    0x20000122   0x00000002   PAD
    0x20000124   0x00000034   Data   RW         3285    .data               stm32l152d_eval.o
    0x20000158   0x0000001c   Zero   RW          705    .bss                usb_init.o
    0x20000174   0x00000004   PAD
    0x20000178   0x00000400   Zero   RW          695    STACK               startup_stm32l1xx_hd.o


==============================================================================

Image component sizes


      Code (inc. data)   RO Data    RW Data    ZI Data      Debug   Object Name

       570         38          0          8          0      16738   hw_config.o
        18          0          0          1          0       1082   main.o
       120         20          0          0          0     218771   misc.o
        36          8        292          0       1024        928   startup_stm32l1xx_hd.o
       186         26          0          2          0       6371   stm32_it.o
       312         42        112         52          0       5383   stm32l152d_eval.o
       386         10          0          0          0       6275   stm32l1xx_adc.o
       348         18          0          0          0       5193   stm32l1xx_dma.o
       156         14          0          0          0       2500   stm32l1xx_exti.o
       136          0          0          0          0       1996   stm32l1xx_gpio.o
        84         24          0          0          0       2559   stm32l1xx_rcc.o
        68         12          0          0          0       1342   stm32l1xx_syscfg.o
       260         30          0          0          0       1557   system_stm32l1xx.o
      2170        280          0          4          0      16223   usb_core.o
         0          0        296         26          0       1112   usb_desc.o
       128          8          0          2          0       1785   usb_endp.o
        40         18          0         15         28       4346   usb_init.o
       328         24          0          4          0       1864   usb_int.o
       192         22          0         60          0       1420   usb_istr.o
        68         10          0          0          0       2000   usb_mem.o
       530        116          0        154          0      12533   usb_prop.o
       232         34          0          7          0       3466   usb_pwr.o
       574        106          0          0          0      10773   usb_regs.o
       108          8          0          0          0       2422   usb_sil.o

    ----------------------------------------------------------------------
      7078        868        732        344       1056     328639   Object Totals
         0          0         32          0          0          0   (incl. Generated)
        28          0          0          9          4          0   (incl. Padding)

    ----------------------------------------------------------------------

      Code (inc. data)   RO Data    RW Data    ZI Data      Debug   Library Member Name

        92          0          0          0          0          0   __dczerorl2.o
         0          0          0          0          0          0   entry.o
         8          4          0          0          0          0   entry2.o
         4          0          0          0          0          0   entry5.o
         0          0          0          0          0          0   entry7b.o
         8          4          0          0          0          0   entry8.o
        30          0          0          0          0          0   handlers.o
        36          8          0          0          0         68   init.o

    ----------------------------------------------------------------------
       178         16          0          0          0         68   Library Totals
         0          0          0          0          0          0   (incl. Padding)

    ----------------------------------------------------------------------

      Code (inc. data)   RO Data    RW Data    ZI Data      Debug   Library Name

       178         16          0          0          0         68   mc_w.l

    ----------------------------------------------------------------------
       178         16          0          0          0         68   Library Totals

    ----------------------------------------------------------------------

==============================================================================


      Code (inc. data)   RO Data    RW Data    ZI Data      Debug   

      7256        884        732        344       1056     322623   Grand Totals
      7256        884        732        148       1056     322623   ELF Image Totals (compressed)
      7256        884        732        148          0          0   ROM Totals

==============================================================================

    Total RO  Size (Code + RO Data)                 7988 (   7.80kB)
    Total RW  Size (RW Data + ZI Data)              1400 (   1.37kB)
    Total ROM Size (Code + RO Data + RW Data)       8136 (   7.95kB)

==============================================================================

