Archive member included because of file (symbol)

c:/program files/raisonance/ride/arm-gcc/bin/../lib/gcc/arm-none-eabi/4.5.2/../../../../arm-none-eabi/lib/thumb2\libc.a(lib_a-memcpy.o)
                              D:\svn\stm32\stm32_high\sw\prj\RIDE\all_demo\usart.o (memcpy)
c:/program files/raisonance/ride/arm-gcc/bin/../lib/gcc/arm-none-eabi/4.5.2/../../../../arm-none-eabi/lib/thumb2\libc.a(lib_a-memset.o)
                              D:\svn\stm32\stm32_high\sw\prj\RIDE\all_demo\usart.o (memset)
c:/program files/raisonance/ride/arm-gcc/bin/../lib/gcc/arm-none-eabi/4.5.2/../../../../arm-none-eabi/lib/thumb2\libc.a(lib_a-strlen.o)
                              D:\svn\stm32\stm32_high\sw\prj\RIDE\all_demo\usart.o (strlen)
c:/program files/raisonance/ride/arm-gcc/bin/../lib/gcc/arm-none-eabi/4.5.2/../../../../arm-none-eabi/lib/thumb2\libc.a(lib_a-vsprintf.o)
                              D:\svn\stm32\stm32_high\sw\prj\RIDE\all_demo\usart.o (vsprintf)
c:/program files/raisonance/ride/arm-gcc/bin/../lib/gcc/arm-none-eabi/4.5.2/../../../../arm-none-eabi/lib/thumb2\libc.a(lib_a-impure.o)
                              c:/program files/raisonance/ride/arm-gcc/bin/../lib/gcc/arm-none-eabi/4.5.2/../../../../arm-none-eabi/lib/thumb2\libc.a(lib_a-vsprintf.o) (_impure_ptr)
c:/program files/raisonance/ride/arm-gcc/bin/../lib/gcc/arm-none-eabi/4.5.2/../../../../arm-none-eabi/lib/thumb2\libc.a(lib_a-svfprintf.o)
                              c:/program files/raisonance/ride/arm-gcc/bin/../lib/gcc/arm-none-eabi/4.5.2/../../../../arm-none-eabi/lib/thumb2\libc.a(lib_a-vsprintf.o) (_svfprintf_r)
c:/program files/raisonance/ride/arm-gcc/bin/../lib/gcc/arm-none-eabi/4.5.2/../../../../arm-none-eabi/lib/thumb2\libc.a(lib_a-dtoa.o)
                              c:/program files/raisonance/ride/arm-gcc/bin/../lib/gcc/arm-none-eabi/4.5.2/../../../../arm-none-eabi/lib/thumb2\libc.a(lib_a-svfprintf.o) (_dtoa_r)
c:/program files/raisonance/ride/arm-gcc/bin/../lib/gcc/arm-none-eabi/4.5.2/../../../../arm-none-eabi/lib/thumb2\libc.a(lib_a-locale.o)
                              c:/program files/raisonance/ride/arm-gcc/bin/../lib/gcc/arm-none-eabi/4.5.2/../../../../arm-none-eabi/lib/thumb2\libc.a(lib_a-svfprintf.o) (_localeconv_r)
c:/program files/raisonance/ride/arm-gcc/bin/../lib/gcc/arm-none-eabi/4.5.2/../../../../arm-none-eabi/lib/thumb2\libc.a(lib_a-malloc.o)
                              c:/program files/raisonance/ride/arm-gcc/bin/../lib/gcc/arm-none-eabi/4.5.2/../../../../arm-none-eabi/lib/thumb2\libc.a(lib_a-dtoa.o) (malloc)
c:/program files/raisonance/ride/arm-gcc/bin/../lib/gcc/arm-none-eabi/4.5.2/../../../../arm-none-eabi/lib/thumb2\libc.a(lib_a-mallocr.o)
                              c:/program files/raisonance/ride/arm-gcc/bin/../lib/gcc/arm-none-eabi/4.5.2/../../../../arm-none-eabi/lib/thumb2\libc.a(lib_a-svfprintf.o) (_malloc_r)
c:/program files/raisonance/ride/arm-gcc/bin/../lib/gcc/arm-none-eabi/4.5.2/../../../../arm-none-eabi/lib/thumb2\libc.a(lib_a-memchr.o)
                              c:/program files/raisonance/ride/arm-gcc/bin/../lib/gcc/arm-none-eabi/4.5.2/../../../../arm-none-eabi/lib/thumb2\libc.a(lib_a-svfprintf.o) (memchr)
c:/program files/raisonance/ride/arm-gcc/bin/../lib/gcc/arm-none-eabi/4.5.2/../../../../arm-none-eabi/lib/thumb2\libc.a(lib_a-mlock.o)
                              c:/program files/raisonance/ride/arm-gcc/bin/../lib/gcc/arm-none-eabi/4.5.2/../../../../arm-none-eabi/lib/thumb2\libc.a(lib_a-mallocr.o) (__malloc_lock)
c:/program files/raisonance/ride/arm-gcc/bin/../lib/gcc/arm-none-eabi/4.5.2/../../../../arm-none-eabi/lib/thumb2\libc.a(lib_a-mprec.o)
                              c:/program files/raisonance/ride/arm-gcc/bin/../lib/gcc/arm-none-eabi/4.5.2/../../../../arm-none-eabi/lib/thumb2\libc.a(lib_a-dtoa.o) (_Balloc)
c:/program files/raisonance/ride/arm-gcc/bin/../lib/gcc/arm-none-eabi/4.5.2/../../../../arm-none-eabi/lib/thumb2\libc.a(lib_a-s_fpclassify.o)
                              c:/program files/raisonance/ride/arm-gcc/bin/../lib/gcc/arm-none-eabi/4.5.2/../../../../arm-none-eabi/lib/thumb2\libc.a(lib_a-svfprintf.o) (__fpclassifyd)
c:/program files/raisonance/ride/arm-gcc/bin/../lib/gcc/arm-none-eabi/4.5.2/../../../../arm-none-eabi/lib/thumb2\libc.a(lib_a-sbrkr.o)
                              c:/program files/raisonance/ride/arm-gcc/bin/../lib/gcc/arm-none-eabi/4.5.2/../../../../arm-none-eabi/lib/thumb2\libc.a(lib_a-mallocr.o) (_sbrk_r)
c:/program files/raisonance/ride/arm-gcc/bin/../lib/gcc/arm-none-eabi/4.5.2/../../../../arm-none-eabi/lib/thumb2\libc.a(lib_a-strcmp.o)
                              c:/program files/raisonance/ride/arm-gcc/bin/../lib/gcc/arm-none-eabi/4.5.2/../../../../arm-none-eabi/lib/thumb2\libc.a(lib_a-locale.o) (strcmp)
c:/program files/raisonance/ride/arm-gcc/bin/../lib/gcc/arm-none-eabi/4.5.2/../../../../arm-none-eabi/lib/thumb2\libc.a(lib_a-svfiprintf.o)
[...]
Memory Configuration

Name             Origin             Length             Attributes
RAM              0x20000000         0x0000c000         xrw
FLASH            0x08000000         0x00040000         xr
STARTFLASH       0x00000000         0x00000000         xr
CRPPATCH         0x00000000         0x00000000         r
FLASHPATCH       0x00000000         0x00000000         r
ENDFLASH         0x00000000         0x00000000         xr
FLASHB1          0x00000000         0x00000000         xr
EXTMEMB0         0x00000000         0x00000000         xr
EXTMEMB1         0x00000000         0x00000000         xr
EXTMEMB2         0x00000000         0x00000000         xr
EXTMEMB3         0x00000000         0x00000000         xr
*default*        0x00000000         0xffffffff

Linker script and memory map

LOAD D:\svn\stm32\stm32_high\sw\prj\RIDE\all_demo\vs1003b.o
LOAD D:\svn\stm32\stm32_high\sw\prj\RIDE\all_demo\adc.o
LOAD D:\svn\stm32\stm32_high\sw\prj\RIDE\all_demo\at24c02.o
LOAD D:\svn\stm32\stm32_high\sw\prj\RIDE\all_demo\buzzer.o
LOAD D:\svn\stm32\stm32_high\sw\prj\RIDE\all_demo\can.o
LOAD D:\svn\stm32\stm32_high\sw\prj\RIDE\all_demo\dac.o
LOAD D:\svn\stm32\stm32_high\sw\prj\RIDE\all_demo\diskio.o
LOAD D:\svn\stm32\stm32_high\sw\prj\RIDE\all_demo\ff.o
LOAD D:\svn\stm32\stm32_high\sw\prj\RIDE\all_demo\font.o
LOAD D:\svn\stm32\stm32_high\sw\prj\RIDE\all_demo\hw_config.o
LOAD D:\svn\stm32\stm32_high\sw\prj\RIDE\all_demo\icon.o
LOAD D:\svn\stm32\stm32_high\sw\prj\RIDE\all_demo\iic.o
LOAD D:\svn\stm32\stm32_high\sw\prj\RIDE\all_demo\key.o
LOAD D:\svn\stm32\stm32_high\sw\prj\RIDE\all_demo\lcd28.o
LOAD D:\svn\stm32\stm32_high\sw\prj\RIDE\all_demo\lcd32.o
LOAD D:\svn\stm32\stm32_high\sw\prj\RIDE\all_demo\lcd43.o
LOAD D:\svn\stm32\stm32_high\sw\prj\RIDE\all_demo\lcd70.o
LOAD D:\svn\stm32\stm32_high\sw\prj\RIDE\all_demo\lcd1602.o
LOAD D:\svn\stm32\stm32_high\sw\prj\RIDE\all_demo\lcd12864.o
LOAD D:\svn\stm32\stm32_high\sw\prj\RIDE\all_demo\lcd.o
LOAD D:\svn\stm32\stm32_high\sw\prj\RIDE\all_demo\led.o
LOAD D:\svn\stm32\stm32_high\sw\prj\RIDE\all_demo\main.o
LOAD D:\svn\stm32\stm32_high\sw\prj\RIDE\all_demo\mmc_sd.o
LOAD D:\svn\stm32\stm32_high\sw\prj\RIDE\all_demo\nrf24l01.o
LOAD D:\svn\stm32\stm32_high\sw\prj\RIDE\all_demo\queue.o
LOAD D:\svn\stm32\stm32_high\sw\prj\RIDE\all_demo\rs485.o
LOAD D:\svn\stm32\stm32_high\sw\prj\RIDE\all_demo\rtc.o
LOAD D:\svn\stm32\stm32_high\sw\prj\RIDE\all_demo\spi.o
LOAD D:\svn\stm32\stm32_high\sw\prj\RIDE\all_demo\stm32f10x_it.o
LOAD D:\svn\stm32\stm32_high\sw\prj\RIDE\all_demo\timer.o
LOAD D:\svn\stm32\stm32_high\sw\prj\RIDE\all_demo\touch.o
LOAD D:\svn\stm32\stm32_high\sw\prj\RIDE\all_demo\usart.o
LOAD D:\svn\stm32\stm32_high\sw\prj\RIDE\all_demo\usb_desc.o
LOAD D:\svn\stm32\stm32_high\sw\prj\RIDE\all_demo\usb_istr.o
LOAD D:\svn\stm32\stm32_high\sw\prj\RIDE\all_demo\usb_prop.o
LOAD D:\svn\stm32\stm32_high\sw\prj\RIDE\all_demo\usb_pwr.o
LOAD D:\svn\stm32\stm32_high\sw\prj\RIDE\all_demo\startup_stm32f10x_hd.o
LOAD D:\svn\stm32\stm32_high\sw\prj\RIDE\all_demo\system_stm32f10x.o
LOAD D:\svn\stm32\stm32_high\sw\prj\RIDE\all_demo\usb_sil.o
LOAD D:\svn\stm32\stm32_high\sw\prj\RIDE\all_demo\otgd_fs_cal.o
LOAD D:\svn\stm32\stm32_high\sw\prj\RIDE\all_demo\otgd_fs_dev.o
LOAD D:\svn\stm32\stm32_high\sw\prj\RIDE\all_demo\otgd_fs_int.o
LOAD D:\svn\stm32\stm32_high\sw\prj\RIDE\all_demo\otgd_fs_pcd.o
LOAD D:\svn\stm32\stm32_high\sw\prj\RIDE\all_demo\usb_core.o
LOAD D:\svn\stm32\stm32_high\sw\prj\RIDE\all_demo\usb_init.o
LOAD D:\svn\stm32\stm32_high\sw\prj\RIDE\all_demo\usb_int.o
LOAD D:\svn\stm32\stm32_high\sw\prj\RIDE\all_demo\usb_mem.o
LOAD D:\svn\stm32\stm32_high\sw\prj\RIDE\all_demo\usb_regs.o
LOAD D:\svn\stm32\stm32_high\sw\prj\RIDE\all_demo\stm32f10x_wwdg.o
LOAD D:\svn\stm32\stm32_high\sw\prj\RIDE\all_demo\misc.o
LOAD D:\svn\stm32\stm32_high\sw\prj\RIDE\all_demo\stm32f10x_adc.o
LOAD D:\svn\stm32\stm32_high\sw\prj\RIDE\all_demo\stm32f10x_bkp.o
LOAD D:\svn\stm32\stm32_high\sw\prj\RIDE\all_demo\stm32f10x_can.o
LOAD D:\svn\stm32\stm32_high\sw\prj\RIDE\all_demo\stm32f10x_cec.o
LOAD D:\svn\stm32\stm32_high\sw\prj\RIDE\all_demo\stm32f10x_crc.o
LOAD D:\svn\stm32\stm32_high\sw\prj\RIDE\all_demo\stm32f10x_dac.o
LOAD D:\svn\stm32\stm32_high\sw\prj\RIDE\all_demo\stm32f10x_dbgmcu.o
LOAD D:\svn\stm32\stm32_high\sw\prj\RIDE\all_demo\stm32f10x_dma.o
LOAD D:\svn\stm32\stm32_high\sw\prj\RIDE\all_demo\stm32f10x_exti.o
LOAD D:\svn\stm32\stm32_high\sw\prj\RIDE\all_demo\stm32f10x_flash.o
LOAD D:\svn\stm32\stm32_high\sw\prj\RIDE\all_demo\stm32f10x_fsmc.o
LOAD D:\svn\stm32\stm32_high\sw\prj\RIDE\all_demo\stm32f10x_gpio.o
LOAD D:\svn\stm32\stm32_high\sw\prj\RIDE\all_demo\stm32f10x_i2c.o
LOAD D:\svn\stm32\stm32_high\sw\prj\RIDE\all_demo\stm32f10x_iwdg.o
LOAD D:\svn\stm32\stm32_high\sw\prj\RIDE\all_demo\stm32f10x_pwr.o
LOAD D:\svn\stm32\stm32_high\sw\prj\RIDE\all_demo\stm32f10x_rcc.o
LOAD D:\svn\stm32\stm32_high\sw\prj\RIDE\all_demo\stm32f10x_rtc.o
LOAD D:\svn\stm32\stm32_high\sw\prj\RIDE\all_demo\stm32f10x_sdio.o
LOAD D:\svn\stm32\stm32_high\sw\prj\RIDE\all_demo\stm32f10x_spi.o
LOAD D:\svn\stm32\stm32_high\sw\prj\RIDE\all_demo\stm32f10x_tim.o
LOAD D:\svn\stm32\stm32_high\sw\prj\RIDE\all_demo\stm32f10x_usart.o
START GROUP
LOAD C:\Program Files\Raisonance\Ride\Lib\ARM\std_sbrk_thumb.lib
LOAD C:\Program Files\Raisonance\Ride\Lib\ARM\smallprintf_thumb.a
LOAD c:/program files/raisonance/ride/arm-gcc/bin/../lib/gcc/arm-none-eabi/4.5.2/../../../../arm-none-eabi/lib/thumb2\libc.a
LOAD c:/program files/raisonance/ride/arm-gcc/bin/../lib/gcc/arm-none-eabi/4.5.2/../../../../arm-none-eabi/lib/thumb2\libm.a
END GROUP
                0x00000400                __Stack_Size = 0x400
                0x00000400                PROVIDE (_Stack_Size, __Stack_Size)
                0x2000bc00                __Stack_Init = (_estack - __Stack_Size)
                0x2000bc00                PROVIDE (_Stack_Init, __Stack_Init)
                0x00000100                _Minimum_Stack_Size = 0x100
                0x00000000                PROVIDE (Undefined_Handler, 0x0)
                0x00000000                PROVIDE (SWI_Handler, 0x0)
                0x00000000                PROVIDE (IRQ_Handler, 0x0)
                0x00000000                PROVIDE (Prefetch_Handler, 0x0)
                0x00000000                PROVIDE (Abort_Handler, 0x0)
                0x00000000                PROVIDE (FIQ_Handler, 0x0)
                0x00000000                PROVIDE (NMIException, 0x0)
                0x00000000                PROVIDE (NMI_Handler, 0x0)
                0x00000000                PROVIDE (HardFaultException, 0x0)
                0x00000000                PROVIDE (HardFault_Handler, 0x0)
                0x00000000                PROVIDE (MemManageException, 0x0)
                0x00000000                PROVIDE (MemManage_Handler, 0x0)
                0x00000000                PROVIDE (BusFaultException, 0x0)
                0x00000000                PROVIDE (BusFault_Handler, 0x0)
                0x00000000                PROVIDE (UsageFaultException, 0x0)
                0x00000000                PROVIDE (UsageFault_Handler, 0x0)
                0x00000000                PROVIDE (SVCHandler, 0x0)
                0x00000000                PROVIDE (SVC_Handler, 0x0)
                0x00000000                PROVIDE (DebugMonitor, 0x0)
                0x00000000                PROVIDE (DebugMon_Handler, 0x0)
                0x00000000                PROVIDE (PendSVC, 0x0)
                0x00000000                PROVIDE (PendSV_Handler, 0x0)
                0x00000000                PROVIDE (SysTickHandler, 0x0)
                0x00000000                PROVIDE (SysTick_Handler, 0x0)
                0x00000000                PROVIDE (WWDG_IRQHandler, 0x0)
                0x00000000                PROVIDE (PVD_IRQHandler, 0x0)
                0x00000000                PROVIDE (TAMPER_IRQHandler, 0x0)
                0x00000000                PROVIDE (RTC_IRQHandler, 0x0)
                0x00000000                PROVIDE (FLASH_IRQHandler, 0x0)
                0x00000000                PROVIDE (RCC_IRQHandler, 0x0)
                0x00000000                PROVIDE (EXTI0_IRQHandler, 0x0)
                0x00000000                PROVIDE (EXTI1_IRQHandler, 0x0)
                0x00000000                PROVIDE (EXTI2_IRQHandler, 0x0)
                0x00000000                PROVIDE (EXTI3_IRQHandler, 0x0)
                0x00000000                PROVIDE (EXTI4_IRQHandler, 0x0)
                0x00000000                PROVIDE (DMAChannel1_IRQHandler, 0x0)
                0x00000000                PROVIDE (DMAChannel2_IRQHandler, 0x0)
                0x00000000                PROVIDE (DMAChannel3_IRQHandler, 0x0)
                0x00000000                PROVIDE (DMAChannel4_IRQHandler, 0x0)
                0x00000000                PROVIDE (DMAChannel5_IRQHandler, 0x0)
                0x00000000                PROVIDE (DMAChannel6_IRQHandler, 0x0)
                0x00000000                PROVIDE (DMAChannel7_IRQHandler, 0x0)
                0x00000000                PROVIDE (DMA1_Channel1_IRQHandler, 0x0)
                0x00000000                PROVIDE (DMA1_Channel2_IRQHandler, 0x0)
                0x00000000                PROVIDE (DMA1_Channel3_IRQHandler, 0x0)
                0x00000000                PROVIDE (DMA1_Channel4_IRQHandler, 0x0)
                0x00000000                PROVIDE (DMA1_Channel5_IRQHandler, 0x0)
                0x00000000                PROVIDE (DMA1_Channel6_IRQHandler, 0x0)
                0x00000000                PROVIDE (DMA1_Channel7_IRQHandler, 0x0)
                0x00000000                PROVIDE (ADC_IRQHandler, 0x0)
                0x00000000                PROVIDE (ADC1_2_IRQHandler, 0x0)
                0x00000000                PROVIDE (USB_HP_CAN_TX_IRQHandler, 0x0)
                0x00000000                PROVIDE (USB_HP_CAN1_TX_IRQHandler, 0x0)
                0x00000000                PROVIDE (USB_LP_CAN_RX0_IRQHandler, 0x0)
                0x00000000                PROVIDE (USB_LP_CAN1_RX0_IRQHandler, 0x0)
                0x00000000                PROVIDE (CAN_RX1_IRQHandler, 0x0)
                0x00000000                PROVIDE (CAN1_RX1_IRQHandler, 0x0)
                0x00000000                PROVIDE (CAN_SCE_IRQHandler, 0x0)
                0x00000000                PROVIDE (CAN1_SCE_IRQHandler, 0x0)
                0x00000000                PROVIDE (EXTI9_5_IRQHandler, 0x0)
                0x00000000                PROVIDE (TIM1_BRK_IRQHandler, 0x0)
                0x00000000                PROVIDE (TIM1_UP_IRQHandler, 0x0)
                0x00000000                PROVIDE (TIM1_TRG_COM_IRQHandler, 0x0)
                0x00000000                PROVIDE (TIM1_CC_IRQHandler, 0x0)
                0x00000000                PROVIDE (TIM2_IRQHandler, 0x0)
                0x00000000                PROVIDE (TIM3_IRQHandler, 0x0)
                0x00000000                PROVIDE (TIM4_IRQHandler, 0x0)
                0x00000000                PROVIDE (I2C1_EV_IRQHandler, 0x0)
                0x00000000                PROVIDE (I2C1_ER_IRQHandler, 0x0)
                0x00000000                PROVIDE (I2C2_EV_IRQHandler, 0x0)
                0x00000000                PROVIDE (I2C2_ER_IRQHandler, 0x0)
                0x00000000                PROVIDE (SPI1_IRQHandler, 0x0)
                0x00000000                PROVIDE (SPI2_IRQHandler, 0x0)
                0x00000000                PROVIDE (USART1_IRQHandler, 0x0)
                0x00000000                PROVIDE (USART2_IRQHandler, 0x0)
                0x00000000                PROVIDE (USART3_IRQHandler, 0x0)
                0x00000000                PROVIDE (EXTI15_10_IRQHandler, 0x0)
                0x00000000                PROVIDE (RTCAlarm_IRQHandler, 0x0)
                0x00000000                PROVIDE (USBWakeUp_IRQHandler, 0x0)
                0x00000000                PROVIDE (TIM8_BRK_IRQHandler, 0x0)
                0x00000000                PROVIDE (TIM8_UP_IRQHandler, 0x0)
                0x00000000                PROVIDE (TIM8_TRG_COM_IRQHandler, 0x0)
                0x00000000                PROVIDE (TIM8_CC_IRQHandler, 0x0)
                0x00000000                PROVIDE (ADC3_IRQHandler, 0x0)
                0x00000000                PROVIDE (FSMC_IRQHandler, 0x0)
                0x00000000                PROVIDE (SDIO_IRQHandler, 0x0)
                0x00000000                PROVIDE (TIM5_IRQHandler, 0x0)
                0x00000000                PROVIDE (SPI3_IRQHandler, 0x0)
                0x00000000                PROVIDE (UART4_IRQHandler, 0x0)
                0x00000000                PROVIDE (UART5_IRQHandler, 0x0)
                0x00000000                PROVIDE (TIM6_IRQHandler, 0x0)
                0x00000000                PROVIDE (TIM7_IRQHandler, 0x0)
                0x00000000                PROVIDE (DMA2_Channel1_IRQHandler, 0x0)
                0x00000000                PROVIDE (DMA2_Channel2_IRQHandler, 0x0)
                0x00000000                PROVIDE (DMA2_Channel3_IRQHandler, 0x0)
                0x00000000                PROVIDE (DMA2_Channel4_5_IRQHandler, 0x0)
                0x42000000                PERIPH_BB_BASE = 0x42000000
                0x22000000                SRAM_BB_BASE = 0x22000000
                0x20000000                SRAM_BASE = 0x20000000
                0x40000000                PERIPH_BASE = 0x40000000
                0x40022000                PROVIDE (FLASH_BASE, 0x40022000)
                0x1ffff800                PROVIDE (OB_BASE, 0x1ffff800)
                0x40000000                APB1PERIPH_BASE = PERIPH_BASE
                0x40010000                APB2PERIPH_BASE = (PERIPH_BASE + 0x10000)
                0x40020000                AHBPERIPH_BASE = (PERIPH_BASE + 0x20000)
                0x40000000                PROVIDE (TIM2, (APB1PERIPH_BASE + 0x0))
                0x40000400                PROVIDE (TIM3, (APB1PERIPH_BASE + 0x400))
                0x40000800                PROVIDE (TIM4, (APB1PERIPH_BASE + 0x800))
                0x40002800                PROVIDE (RTC, (APB1PERIPH_BASE + 0x2800))
                0x40002c00                PROVIDE (WWDG, (APB1PERIPH_BASE + 0x2c00))
                0x40003000                PROVIDE (IWDG, (APB1PERIPH_BASE + 0x3000))
                0x40003800                PROVIDE (SPI2, (APB1PERIPH_BASE + 0x3800))
                0x40004400                PROVIDE (USART2, (APB1PERIPH_BASE + 0x4400))
                0x40004800                PROVIDE (USART3, (APB1PERIPH_BASE + 0x4800))
                0x40005400                PROVIDE (I2C1, (APB1PERIPH_BASE + 0x5400))
                0x40005800                PROVIDE (I2C2, (APB1PERIPH_BASE + 0x5800))
                0x40006400                PROVIDE (CAN, (APB1PERIPH_BASE + 0x6400))
                0x40006c00                PROVIDE (BKP, (APB1PERIPH_BASE + 0x6c00))
                0x40007000                PROVIDE (PWR, (APB1PERIPH_BASE + 0x7000))
                0x40010000                PROVIDE (AFIO, (APB2PERIPH_BASE + 0x0))
                0x40010400                PROVIDE (EXTI, (APB2PERIPH_BASE + 0x400))
                0x40010800                PROVIDE (GPIOA, (APB2PERIPH_BASE + 0x800))
                0x40010c00                PROVIDE (GPIOB, (APB2PERIPH_BASE + 0xc00))
                0x40011000                PROVIDE (GPIOC, (APB2PERIPH_BASE + 0x1000))
                0x40011400                PROVIDE (GPIOD, (APB2PERIPH_BASE + 0x1400))
                0x40011800                PROVIDE (GPIOE, (APB2PERIPH_BASE + 0x1800))
                0x40012400                PROVIDE (ADC1, (APB2PERIPH_BASE + 0x2400))
                0x40012800                PROVIDE (ADC2, (APB2PERIPH_BASE + 0x2800))
                0x40012c00                PROVIDE (TIM1, (APB2PERIPH_BASE + 0x2c00))
                0x40013000                PROVIDE (SPI1, (APB2PERIPH_BASE + 0x3000))
                0x40013800                PROVIDE (USART1, (APB2PERIPH_BASE + 0x3800))
                0x40020000                PROVIDE (DMA, (AHBPERIPH_BASE + 0x0))
                0x40020008                PROVIDE (DMA_Channel1, (AHBPERIPH_BASE + 0x8))
                0x4002001c                PROVIDE (DMA_Channel2, (AHBPERIPH_BASE + 0x1c))
                0x40020030                PROVIDE (DMA_Channel3, (AHBPERIPH_BASE + 0x30))
                0x40020044                PROVIDE (DMA_Channel4, (AHBPERIPH_BASE + 0x44))
                0x40020058                PROVIDE (DMA_Channel5, (AHBPERIPH_BASE + 0x58))
                0x4002006c                PROVIDE (DMA_Channel6, (AHBPERIPH_BASE + 0x6c))
                0x40020080                PROVIDE (DMA_Channel7, (AHBPERIPH_BASE + 0x80))
                0x40021000                PROVIDE (RCC, (AHBPERIPH_BASE + 0x1000))
                0xe000e000                SCS_BASE = 0xe000e000
                0xe000e010                PROVIDE (SysTick, (SCS_BASE + 0x10))
                0xe000e100                PROVIDE (NVIC, (SCS_BASE + 0x100))
                0xe000ed00                PROVIDE (SCB, (SCS_BASE + 0xd00))
                0x2000c000                _estack = 0x2000c000
                0x00000000                PROVIDE (___SK_limit___, 0x0)

.isr_vector     0x08000000      0x1e4
                0x08000000                . = ALIGN (0x4)
 *(.isr_vector)
 .isr_vector    0x08000000      0x1e4 D:\svn\stm32\stm32_high\sw\prj\RIDE\all_demo\startup_stm32f10x_hd.o
                0x08000000                g_pfnVectors
                0x080001e4                . = ALIGN (0x4)

.flash_start    0x00000000        0x0
                0x00000000                . = ALIGN (0x4)
 *(.flash_start)
 *(.flash_start.*)
                0x00000000                . = ALIGN (0x4)

.crp_patch      0x00000000        0x0
                0x00000000                . = ALIGN (0x4)
 *(.crp_patch)
                0x00000000                . = ALIGN (0x4)

.flashtext      0x080001e4        0x0
                0x080001e4                . = ALIGN (0x4)
 *(.flashtext)
                0x080001e4                . = ALIGN (0x4)

.text           0x080001e8    0x29a2c
                0x080001e8                . = ALIGN (0x4)
 *(.text)
 .text          0x080001e8      0x150 c:/program files/raisonance/ride/arm-gcc/bin/../lib/gcc/arm-none-eabi/4.5.2/../../../../arm-none-eabi/lib/thumb2\libc.a(lib_a-memcpy.o)
                0x080001e8                memcpy
 .text          0x08000338       0xb4 c:/program files/raisonance/ride/arm-gcc/bin/../lib/gcc/arm-none-eabi/4.5.2/../../../../arm-none-eabi/lib/thumb2\libc.a(lib_a-memset.o)
                0x08000338                memset
 .text          0x080003ec       0x60 c:/program files/raisonance/ride/arm-gcc/bin/../lib/gcc/arm-none-eabi/4.5.2/../../../../arm-none-eabi/lib/thumb2\libc.a(lib_a-strlen.o)
                0x080003ec                strlen
 .text          0x0800044c       0x4c c:/program files/raisonance/ride/arm-gcc/bin/../lib/gcc/arm-none-eabi/4.5.2/../../../../arm-none-eabi/lib/thumb2\libc.a(lib_a-vsprintf.o)
                0x0800044c                _vsprintf_r
                0x08000480                vsprintf
 .text          0x08000498     0x1640 c:/program files/raisonance/ride/arm-gcc/bin/../lib/gcc/arm-none-eabi/4.5.2/../../../../arm-none-eabi/lib/thumb2\libc.a(lib_a-svfprintf.o)
                0x08000498                _svfprintf_r
 .text          0x08001ad8      0xfe8 c:/program files/raisonance/ride/arm-gcc/bin/../lib/gcc/arm-none-eabi/4.5.2/../../../../arm-none-eabi/lib/thumb2\libc.a(lib_a-dtoa.o)
                0x08001c04                _dtoa_r
 .text          0x08002ac0       0xa0 c:/program files/raisonance/ride/arm-gcc/bin/../lib/gcc/arm-none-eabi/4.5.2/../../../../arm-none-eabi/lib/thumb2\libc.a(lib_a-locale.o)
                0x08002ac0                _setlocale_r
                0x08002b1c                __locale_charset
                0x08002b28                __locale_mb_cur_max
                0x08002b34                __locale_msgcharset
                0x08002b3c                __locale_cjk_lang
                0x08002b40                _localeconv_r
                0x08002b48                setlocale
                0x08002b58                localeconv
 .text          0x08002b60       0x20 c:/program files/raisonance/ride/arm-gcc/bin/../lib/gcc/arm-none-eabi/4.5.2/../../../../arm-none-eabi/lib/thumb2\libc.a(lib_a-malloc.o)
                0x08002b60                malloc
                0x08002b70                free
 .text          0x08002b80      0x57c c:/program files/raisonance/ride/arm-gcc/bin/../lib/gcc/arm-none-eabi/4.5.2/../../../../arm-none-eabi/lib/thumb2\libc.a(lib_a-mallocr.o)
                0x08002b80                _malloc_r
 .text          0x080030fc       0x8c c:/program files/raisonance/ride/arm-gcc/bin/../lib/gcc/arm-none-eabi/4.5.2/../../../../arm-none-eabi/lib/thumb2\libc.a(lib_a-memchr.o)
                0x080030fc                memchr
 .text          0x08003188        0x8 c:/program files/raisonance/ride/arm-gcc/bin/../lib/gcc/arm-none-eabi/4.5.2/../../../../arm-none-eabi/lib/thumb2\libc.a(lib_a-mlock.o)
                0x08003188                __malloc_lock
                0x0800318c                __malloc_unlock
 .text          0x08003190      0x91c c:/program files/raisonance/ride/arm-gcc/bin/../lib/gcc/arm-none-eabi/4.5.2/../../../../arm-none-eabi/lib/thumb2\libc.a(lib_a-mprec.o)
                0x08003190                _Balloc
                0x080031f8                _Bfree
                0x08003230                __multadd
                0x080032b4                __s2b
                0x0800334c                __hi0bits
                0x0800338c                __lo0bits
                0x080033f0                __i2b
                0x08003404                __multiply
                0x0800352c                __pow5mult
                0x080035d0                __lshift
                0x0800367c                __mcmp
                0x080036b8                __mdiff
                0x080037b0                __ulp
                0x080037f8                __b2d
                0x080038a4                __d2b
                0x0800396c                __ratio
                0x080039d4                _mprec_log10
                0x08003a08                __copybits
                0x08003a50                __any_on
 .text          0x08003aac       0x90 c:/program files/raisonance/ride/arm-gcc/bin/../lib/gcc/arm-none-eabi/4.5.2/../../../../arm-none-eabi/lib/thumb2\libc.a(lib_a-s_fpclassify.o)
                0x08003aac                __fpclassifyd
 .text          0x08003b3c       0x28 c:/program files/raisonance/ride/arm-gcc/bin/../lib/gcc/arm-none-eabi/4.5.2/../../../../arm-none-eabi/lib/thumb2\libc.a(lib_a-sbrkr.o)
                0x08003b3c                _sbrk_r
 .text          0x08003b64      0x1dc c:/program files/raisonance/ride/arm-gcc/bin/../lib/gcc/arm-none-eabi/4.5.2/../../../../arm-none-eabi/lib/thumb2\libc.a(lib_a-strcmp.o)
                0x08003b64                strcmp
 .text          0x08003d40      0xbe8 c:/program files/raisonance/ride/arm-gcc/bin/../lib/gcc/arm-none-eabi/4.5.2/../../../../arm-none-eabi/lib/thumb2\libc.a(lib_a-svfiprintf.o)
                0x08003d40                __ssprint_r
                0x08003e48                _svfiprintf_r
 .text          0x08004928       0x5c c:/program files/raisonance/ride/arm-gcc/bin/../lib/gcc/arm-none-eabi/4.5.2/../../../../arm-none-eabi/lib/thumb2\libc.a(lib_a-callocr.o)
                0x08004928                _calloc_r
 .text          0x08004984      0x240 c:/program files/raisonance/ride/arm-gcc/bin/../lib/gcc/arm-none-eabi/4.5.2/../../../../arm-none-eabi/lib/thumb2\libc.a(lib_a-freer.o)
                0x08004984                _malloc_trim_r
                0x08004a2c                _free_r
 .text          0x08004bc4       0xb4 c:/program files/raisonance/ride/arm-gcc/bin/../lib/gcc/arm-none-eabi/4.5.2/../../../../arm-none-eabi/lib/thumb2\libc.a(lib_a-memmove.o)
                0x08004bc4                memmove
 .text          0x08004c78      0x41c c:/program files/raisonance/ride/arm-gcc/bin/../lib/gcc/arm-none-eabi/4.5.2/../../../../arm-none-eabi/lib/thumb2\libc.a(lib_a-reallocr.o)
                0x08004c78                _realloc_r
 .text          0x08005094       0xac c:/program files/raisonance/ride/arm-gcc/bin/../lib/gcc/arm-none-eabi/4.5.2/../../../../arm-none-eabi/lib/thumb2\libm.a(lib_a-w_sqrt.o)
                0x08005094                sqrt
 .text          0x08005140      0x1c0 c:/program files/raisonance/ride/arm-gcc/bin/../lib/gcc/arm-none-eabi/4.5.2/../../../../arm-none-eabi/lib/thumb2\libm.a(lib_a-e_sqrt.o)
                0x08005140                __ieee754_sqrt
 .text          0x08005300        0x4 c:/program files/raisonance/ride/arm-gcc/bin/../lib/gcc/arm-none-eabi/4.5.2/../../../../arm-none-eabi/lib/thumb2\libm.a(lib_a-s_matherr.o)
                0x08005300                matherr
 .text          0x08005304        0xc c:/program files/raisonance/ride/arm-gcc/bin/../lib/gcc/arm-none-eabi/4.5.2/../../../../arm-none-eabi/lib/thumb2\libc.a(lib_a-errno.o)
                0x08005304                __errno
 .text          0x08005310      0x278 c:/program files/raisonance/ride/arm-gcc/bin/../lib/gcc/arm-none-eabi/4.5.2/thumb2\libgcc.a(_udivsi3.o)
                0x08005310                __aeabi_uidiv
                0x08005310                __udivsi3
                0x0800556c                __aeabi_uidivmod
 .text          0x08005588        0x4 c:/program files/raisonance/ride/arm-gcc/bin/../lib/gcc/arm-none-eabi/4.5.2/thumb2\libgcc.a(_dvmd_tls.o)
                0x08005588                __aeabi_idiv0
                0x08005588                __aeabi_ldiv0
 .text          0x0800558c      0x370 c:/program files/raisonance/ride/arm-gcc/bin/../lib/gcc/arm-none-eabi/4.5.2/thumb2\libgcc.a(_arm_addsubdf3.o)
                0x0800558c                __aeabi_drsub
                0x08005594                __aeabi_dsub
                0x08005594                __subdf3
                0x08005598                __aeabi_dadd
                0x08005598                __adddf3
                0x08005810                __floatunsidf
                0x08005810                __aeabi_ui2d
                0x08005830                __floatsidf
                0x08005830                __aeabi_i2d
                0x08005854                __aeabi_f2d
                0x08005854                __extendsfdf2
                0x08005890                __floatundidf
                0x08005890                __aeabi_ul2d
                0x080058a0                __floatdidf
                0x080058a0                __aeabi_l2d
 .text          0x080058fc      0x424 c:/program files/raisonance/ride/arm-gcc/bin/../lib/gcc/arm-none-eabi/4.5.2/thumb2\libgcc.a(_arm_muldivdf3.o)
                0x080058fc                __aeabi_dmul
                0x080058fc                __muldf3
                0x08005b50                __divdf3
                0x08005b50                __aeabi_ddiv
 .text          0x08005d20      0x110 c:/program files/raisonance/ride/arm-gcc/bin/../lib/gcc/arm-none-eabi/4.5.2/thumb2\libgcc.a(_arm_cmpdf2.o)
                0x08005d20                __gtdf2
                0x08005d20                __gedf2
                0x08005d28                __ltdf2
                0x08005d28                __ledf2
                0x08005d30                __nedf2
                0x08005d30                __eqdf2
                0x08005d30                __cmpdf2
                0x08005dac                __aeabi_cdrcmple
                0x08005dbc                __aeabi_cdcmpeq
                0x08005dbc                __aeabi_cdcmple
                0x08005dcc                __aeabi_dcmpeq
                0x08005de0                __aeabi_dcmplt
                0x08005df4                __aeabi_dcmple
                0x08005e08                __aeabi_dcmpge
                0x08005e1c                __aeabi_dcmpgt
 .text          0x08005e30       0x50 c:/program files/raisonance/ride/arm-gcc/bin/../lib/gcc/arm-none-eabi/4.5.2/thumb2\libgcc.a(_arm_fixdfsi.o)
                0x08005e30                __aeabi_d2iz
                0x08005e30                __fixdfsi
 .text          0x08005e80       0x40 c:/program files/raisonance/ride/arm-gcc/bin/../lib/gcc/arm-none-eabi/4.5.2/thumb2\libgcc.a(_arm_fixunsdfsi.o)
                0x08005e80                __aeabi_d2uiz
                0x08005e80                __fixunsdfsi
 .text          0x08005ec0      0x21c c:/program files/raisonance/ride/arm-gcc/bin/../lib/gcc/arm-none-eabi/4.5.2/thumb2\libgcc.a(_arm_addsubsf3.o)
                0x08005ec0                __aeabi_frsub
                0x08005ec8                __subsf3
                0x08005ec8                __aeabi_fsub
                0x08005ecc                __aeabi_fadd
                0x08005ecc                __addsf3
                0x0800602c                __aeabi_ui2f
                0x0800602c                __floatunsisf
                0x08006034                __aeabi_i2f
                0x08006034                __floatsisf
                0x08006050                __aeabi_ul2f
                0x08006050                __floatundisf
                0x08006060                __aeabi_l2f
                0x08006060                __floatdisf
 .text          0x080060dc      0x2a0 c:/program files/raisonance/ride/arm-gcc/bin/../lib/gcc/arm-none-eabi/4.5.2/thumb2\libgcc.a(_arm_muldivsf3.o)
                0x080060dc                __mulsf3
                0x080060dc                __aeabi_fmul
                0x08006244                __aeabi_fdiv
                0x08006244                __divsf3
 .text          0x0800637c       0xec c:/program files/raisonance/ride/arm-gcc/bin/../lib/gcc/arm-none-eabi/4.5.2/thumb2\libgcc.a(_arm_cmpsf2.o)
                0x0800637c                __gesf2
                0x0800637c                __gtsf2
                0x08006384                __lesf2
                0x08006384                __ltsf2
                0x0800638c                __nesf2
                0x0800638c                __eqsf2
                0x0800638c                __cmpsf2
                0x080063ec                __aeabi_cfrcmple
                0x080063f4                __aeabi_cfcmpeq
                0x080063f4                __aeabi_cfcmple
                0x08006404                __aeabi_fcmpeq
                0x08006418                __aeabi_fcmplt
                0x0800642c                __aeabi_fcmple
                0x08006440                __aeabi_fcmpge
                0x08006454                __aeabi_fcmpgt
 .text          0x08006468       0x4c c:/program files/raisonance/ride/arm-gcc/bin/../lib/gcc/arm-none-eabi/4.5.2/thumb2\libgcc.a(_arm_fixsfsi.o)
                0x08006468                __aeabi_f2iz
                0x08006468                __fixsfsi
 .text          0x080064b4       0x40 c:/program files/raisonance/ride/arm-gcc/bin/../lib/gcc/arm-none-eabi/4.5.2/thumb2\libgcc.a(_arm_fixunssfsi.o)
                0x080064b4                __fixunssfsi
                0x080064b4                __aeabi_f2uiz
 .text          0x080064f4       0x2c c:/program files/raisonance/ride/arm-gcc/bin/../lib/gcc/arm-none-eabi/4.5.2/thumb2\libgcc.a(_aeabi_uldivmod.o)
                0x080064f4                __aeabi_uldivmod
 .text          0x08006520       0x60 c:/program files/raisonance/ride/arm-gcc/bin/../lib/gcc/arm-none-eabi/4.5.2/thumb2\libgcc.a(bpabi.o)
                0x08006520                __gnu_ldivmod_helper
                0x08006550                __gnu_uldivmod_helper
 .text          0x08006580      0x360 c:/program files/raisonance/ride/arm-gcc/bin/../lib/gcc/arm-none-eabi/4.5.2/thumb2\libgcc.a(_divdi3.o)
                0x08006580                __divdi3
 .text          0x080068e0      0x308 c:/program files/raisonance/ride/arm-gcc/bin/../lib/gcc/arm-none-eabi/4.5.2/thumb2\libgcc.a(_udivdi3.o)
                0x080068e0                __udivdi3
 *(.text.*)
 .text.Vs1003_CMD_Write
                0x08006be8       0x44 D:\svn\stm32\stm32_high\sw\prj\RIDE\all_demo\vs1003b.o
                0x08006be8                Vs1003_CMD_Write
 .text.Vs1003SoftReset
                0x08006c2c       0x20 D:\svn\stm32\stm32_high\sw\prj\RIDE\all_demo\vs1003b.o
                0x08006c2c                Vs1003SoftReset
 .text.Vs1003_REG_Read
                0x08006c4c       0x50 D:\svn\stm32\stm32_high\sw\prj\RIDE\all_demo\vs1003b.o
                0x08006c4c                Vs1003_REG_Read
 .text.Vs1003_Init
                0x08006c9c      0x160 D:\svn\stm32\stm32_high\sw\prj\RIDE\all_demo\vs1003b.o
                0x08006c9c                Vs1003_Init
 .text.VS1003B_NeedData
                0x08006dfc       0x18 D:\svn\stm32\stm32_high\sw\prj\RIDE\all_demo\vs1003b.o
                0x08006dfc                VS1003B_NeedData
 .text.VS1003B_Fill2048Zero
                0x08006e14       0x4c D:\svn\stm32\stm32_high\sw\prj\RIDE\all_demo\vs1003b.o
                0x08006e14                VS1003B_Fill2048Zero
 .text.bsp_adc_gpio_init
                0x08006e60       0x80 D:\svn\stm32\stm32_high\sw\prj\RIDE\all_demo\adc.o
                0x08006e60                bsp_adc_gpio_init
 .text.bsp_adc_init
                0x08006ee0       0x94 D:\svn\stm32\stm32_high\sw\prj\RIDE\all_demo\adc.o
                0x08006ee0                bsp_adc_init
 .text.bsp_at24c02_gpio_init
                0x08006f74       0x4c D:\svn\stm32\stm32_high\sw\prj\RIDE\all_demo\at24c02.o
                0x08006f74                bsp_at24c02_gpio_init
 .text.AT24CXX_Init
                0x08006fc0        0x8 D:\svn\stm32\stm32_high\sw\prj\RIDE\all_demo\at24c02.o
                0x08006fc0                AT24CXX_Init
 .text.AT24CXX_ReadOneByte
                0x08006fc8       0x4c D:\svn\stm32\stm32_high\sw\prj\RIDE\all_demo\at24c02.o
                0x08006fc8                AT24CXX_ReadOneByte
 .text.AT24CXX_WriteOneByte
                0x08007014       0x3c D:\svn\stm32\stm32_high\sw\prj\RIDE\all_demo\at24c02.o
                0x08007014                AT24CXX_WriteOneByte
 .text.bsp_buzzer_gpio_init
                0x08007050       0x2c D:\svn\stm32\stm32_high\sw\prj\RIDE\all_demo\buzzer.o
                0x08007050                bsp_buzzer_gpio_init
 .text.bsp_buzzer_init
                0x0800707c        0x8 D:\svn\stm32\stm32_high\sw\prj\RIDE\all_demo\buzzer.o
                0x0800707c                bsp_buzzer_init
 .text.buzzer_on
                0x08007084       0x14 D:\svn\stm32\stm32_high\sw\prj\RIDE\all_demo\buzzer.o
                0x08007084                buzzer_on
 .text.buzzer_off
                0x08007098       0x14 D:\svn\stm32\stm32_high\sw\prj\RIDE\all_demo\buzzer.o
                0x08007098                buzzer_off
 .text.bsp_can_gpio_init
                0x080070ac       0x58 D:\svn\stm32\stm32_high\sw\prj\RIDE\all_demo\can.o
                0x080070ac                bsp_can_gpio_init
 .text.bsp_can_interrupt_init
                0x08007104       0x2c D:\svn\stm32\stm32_high\sw\prj\RIDE\all_demo\can.o
                0x08007104                bsp_can_interrupt_init
 .text.bsp_can_init
                0x08007130       0xa0 D:\svn\stm32\stm32_high\sw\prj\RIDE\all_demo\can.o
                0x08007130                bsp_can_init
 .text.can_polling
                0x080071d0      0x154 D:\svn\stm32\stm32_high\sw\prj\RIDE\all_demo\can.o
                0x080071d0                can_polling
 .text.can_interrupt
                0x08007324      0x118 D:\svn\stm32\stm32_high\sw\prj\RIDE\all_demo\can.o
                0x08007324                can_interrupt
 .text.disk_initialize
                0x0800743c       0x20 D:\svn\stm32\stm32_high\sw\prj\RIDE\all_demo\diskio.o
                0x0800743c                disk_initialize
 .text.disk_status
                0x0800745c        0x8 D:\svn\stm32\stm32_high\sw\prj\RIDE\all_demo\diskio.o
                0x0800745c                disk_status
 .text.disk_read
                0x08007464       0x30 D:\svn\stm32\stm32_high\sw\prj\RIDE\all_demo\diskio.o
                0x08007464                disk_read
 .text.disk_write
                0x08007494       0x30 D:\svn\stm32\stm32_high\sw\prj\RIDE\all_demo\diskio.o
                0x08007494                disk_write
 .text.disk_ioctl
                0x080074c4       0x60 D:\svn\stm32\stm32_high\sw\prj\RIDE\all_demo\diskio.o
                0x080074c4                disk_ioctl
 .text.get_fattime
                0x08007524        0x8 D:\svn\stm32\stm32_high\sw\prj\RIDE\all_demo\diskio.o
                0x08007524                get_fattime
 .text.mem_cpy  0x0800752c       0x1c D:\svn\stm32\stm32_high\sw\prj\RIDE\all_demo\ff.o
 .text.mem_set  0x08007548       0x14 D:\svn\stm32\stm32_high\sw\prj\RIDE\all_demo\ff.o
 .text.mem_cmp  0x0800755c       0x28 D:\svn\stm32\stm32_high\sw\prj\RIDE\all_demo\ff.o
 .text.clust2sect
                0x08007584       0x20 D:\svn\stm32\stm32_high\sw\prj\RIDE\all_demo\ff.o
 .text.get_fileinfo
                0x080075a4       0xd8 D:\svn\stm32\stm32_high\sw\prj\RIDE\all_demo\ff.o
 .text.validate
                0x0800767c       0x34 D:\svn\stm32\stm32_high\sw\prj\RIDE\all_demo\ff.o
 .text.check_fs
                0x080076b0       0x74 D:\svn\stm32\stm32_high\sw\prj\RIDE\all_demo\ff.o
 .text.auto_mount
                0x08007724      0x328 D:\svn\stm32\stm32_high\sw\prj\RIDE\all_demo\ff.o
 .text.move_window
                0x08007a4c       0x98 D:\svn\stm32\stm32_high\sw\prj\RIDE\all_demo\ff.o
 .text.get_fat  0x08007ae4      0x10c D:\svn\stm32\stm32_high\sw\prj\RIDE\all_demo\ff.o
 .text.dir_seek
                0x08007bf0       0xc4 D:\svn\stm32\stm32_high\sw\prj\RIDE\all_demo\ff.o
 .text.put_fat  0x08007cb4      0x118 D:\svn\stm32\stm32_high\sw\prj\RIDE\all_demo\ff.o
 .text.create_chain
                0x08007dcc       0xc0 D:\svn\stm32\stm32_high\sw\prj\RIDE\all_demo\ff.o
 .text.remove_chain
                0x08007e8c       0x80 D:\svn\stm32\stm32_high\sw\prj\RIDE\all_demo\ff.o
 .text.dir_next
                0x08007f0c      0x164 D:\svn\stm32\stm32_high\sw\prj\RIDE\all_demo\ff.o
 .text.follow_path
                0x08008070      0x250 D:\svn\stm32\stm32_high\sw\prj\RIDE\all_demo\ff.o
 .text.dir_register
                0x080082c0       0x80 D:\svn\stm32\stm32_high\sw\prj\RIDE\all_demo\ff.o
 .text.dir_read
                0x08008340       0x54 D:\svn\stm32\stm32_high\sw\prj\RIDE\all_demo\ff.o
 .text.sync     0x08008394       0xd8 D:\svn\stm32\stm32_high\sw\prj\RIDE\all_demo\ff.o
 .text.f_mount  0x0800846c       0x2c D:\svn\stm32\stm32_high\sw\prj\RIDE\all_demo\ff.o
                0x0800846c                f_mount
 .text.f_open   0x08008498      0x1a8 D:\svn\stm32\stm32_high\sw\prj\RIDE\all_demo\ff.o
                0x08008498                f_open
 .text.f_read   0x08008640      0x1d8 D:\svn\stm32\stm32_high\sw\prj\RIDE\all_demo\ff.o
                0x08008640                f_read
 .text.f_sync   0x08008818       0xbc D:\svn\stm32\stm32_high\sw\prj\RIDE\all_demo\ff.o
                0x08008818                f_sync
 .text.f_close  0x080088d4       0x18 D:\svn\stm32\stm32_high\sw\prj\RIDE\all_demo\ff.o
                0x080088d4                f_close
 .text.f_opendir
                0x080088ec       0x70 D:\svn\stm32\stm32_high\sw\prj\RIDE\all_demo\ff.o
                0x080088ec                f_opendir
 .text.f_readdir
                0x0800895c       0x68 D:\svn\stm32\stm32_high\sw\prj\RIDE\all_demo\ff.o
                0x0800895c                f_readdir
 .text.IntToUnicode
                0x080089c4       0x3c D:\svn\stm32\stm32_high\sw\prj\RIDE\all_demo\hw_config.o
 .text.Set_USBClock
                0x08008a00       0x18 D:\svn\stm32\stm32_high\sw\prj\RIDE\all_demo\hw_config.o
                0x08008a00                Set_USBClock
 .text.bsp_init_rcc
                0x08008a18      0x134 D:\svn\stm32\stm32_high\sw\prj\RIDE\all_demo\hw_config.o
                0x08008a18                bsp_init_rcc
 .text.Enter_LowPowerMode
                0x08008b4c        0x4 D:\svn\stm32\stm32_high\sw\prj\RIDE\all_demo\hw_config.o
                0x08008b4c                Enter_LowPowerMode
 .text.Leave_LowPowerMode
                0x08008b50       0x74 D:\svn\stm32\stm32_high\sw\prj\RIDE\all_demo\hw_config.o
                0x08008b50                Leave_LowPowerMode
 .text.USB_Cable_Config
                0x08008bc4       0x20 D:\svn\stm32\stm32_high\sw\prj\RIDE\all_demo\hw_config.o
                0x08008bc4                USB_Cable_Config
 .text.Get_SerialNum
                0x08008be4       0x3c D:\svn\stm32\stm32_high\sw\prj\RIDE\all_demo\hw_config.o
                0x08008be4                Get_SerialNum
 .text.bsp_init_gpio
                0x08008c20       0x34 D:\svn\stm32\stm32_high\sw\prj\RIDE\all_demo\hw_config.o
                0x08008c20                bsp_init_gpio
 .text.bsp_init_interrupt
                0x08008c54       0x58 D:\svn\stm32\stm32_high\sw\prj\RIDE\all_demo\hw_config.o
                0x08008c54                bsp_init_interrupt
 .text.delay_us
                0x08008cac       0x70 D:\svn\stm32\stm32_high\sw\prj\RIDE\all_demo\hw_config.o
                0x08008cac                delay_us
 .text.delay_ms
                0x08008d1c       0x10 D:\svn\stm32\stm32_high\sw\prj\RIDE\all_demo\hw_config.o
                0x08008d1c                delay_ms
 .text.IIC_delay_us
                0x08008d2c       0x28 D:\svn\stm32\stm32_high\sw\prj\RIDE\all_demo\iic.o
                0x08008d2c                IIC_delay_us
 .text.IIC1_Start
                0x08008d54       0x54 D:\svn\stm32\stm32_high\sw\prj\RIDE\all_demo\iic.o
                0x08008d54                IIC1_Start
 .text.IIC1_Stop
                0x08008da8       0x54 D:\svn\stm32\stm32_high\sw\prj\RIDE\all_demo\iic.o
                0x08008da8                IIC1_Stop
 .text.IIC1_Wait_Ack
                0x08008dfc       0x78 D:\svn\stm32\stm32_high\sw\prj\RIDE\all_demo\iic.o
                0x08008dfc                IIC1_Wait_Ack
 .text.IIC1_Ack
                0x08008e74       0x54 D:\svn\stm32\stm32_high\sw\prj\RIDE\all_demo\iic.o
                0x08008e74                IIC1_Ack
 .text.IIC1_NAck
                0x08008ec8       0x54 D:\svn\stm32\stm32_high\sw\prj\RIDE\all_demo\iic.o
                0x08008ec8                IIC1_NAck
 .text.IIC1_Send_Byte
                0x08008f1c       0x80 D:\svn\stm32\stm32_high\sw\prj\RIDE\all_demo\iic.o
                0x08008f1c                IIC1_Send_Byte
 .text.IIC1_Read_Byte
                0x08008f9c       0x78 D:\svn\stm32\stm32_high\sw\prj\RIDE\all_demo\iic.o
                0x08008f9c                IIC1_Read_Byte
 .text.register_exti_key_function
                0x08009014       0x10 D:\svn\stm32\stm32_high\sw\prj\RIDE\all_demo\key.o
                0x08009014                register_exti_key_function
 .text.bsp_key_gpio_init
                0x08009024       0xa8 D:\svn\stm32\stm32_high\sw\prj\RIDE\all_demo\key.o
                0x08009024                bsp_key_gpio_init
 .text.bsp_key_interrupt_init
                0x080090cc       0x70 D:\svn\stm32\stm32_high\sw\prj\RIDE\all_demo\key.o
                0x080090cc                bsp_key_interrupt_init
 .text.EXTI0_IRQHandler
                0x0800913c        0x4 D:\svn\stm32\stm32_high\sw\prj\RIDE\all_demo\key.o
                0x0800913c                EXTI0_IRQHandler
 .text.EXTI2_IRQHandler
                0x08009140        0x4 D:\svn\stm32\stm32_high\sw\prj\RIDE\all_demo\key.o
                0x08009140                EXTI2_IRQHandler
 .text.EXTI4_IRQHandler
                0x08009144       0x24 D:\svn\stm32\stm32_high\sw\prj\RIDE\all_demo\key.o
                0x08009144                EXTI4_IRQHandler
 .text.EXTI15_10_IRQHandler
                0x08009168        0x4 D:\svn\stm32\stm32_high\sw\prj\RIDE\all_demo\key.o
                0x08009168                EXTI15_10_IRQHandler
 .text.lcd28_writeram_prepare
                0x0800916c        0xc D:\svn\stm32\stm32_high\sw\prj\RIDE\all_demo\lcd28.o
                0x0800916c                lcd28_writeram_prepare
 .text.lcd28_setcursor
                0x08009178       0x1c D:\svn\stm32\stm32_high\sw\prj\RIDE\all_demo\lcd28.o
                0x08009178                lcd28_setcursor
 .text.lcd28_clear_screen
                0x08009194       0x24 D:\svn\stm32\stm32_high\sw\prj\RIDE\all_demo\lcd28.o
                0x08009194                lcd28_clear_screen
 .text.bsp_lcd28_init
                0x080091b8     0x1260 D:\svn\stm32\stm32_high\sw\prj\RIDE\all_demo\lcd28.o
                0x080091b8                bsp_lcd28_init
 .text.lcd28_draw_point
                0x0800a418       0x20 D:\svn\stm32\stm32_high\sw\prj\RIDE\all_demo\lcd28.o
                0x0800a418                lcd28_draw_point
 .text.lcd28_draw_line
                0x0800a438       0xac D:\svn\stm32\stm32_high\sw\prj\RIDE\all_demo\lcd28.o
                0x0800a438                lcd28_draw_line
 .text.lcd28_show_char
                0x0800a4e4      0x1b0 D:\svn\stm32\stm32_high\sw\prj\RIDE\all_demo\lcd28.o
                0x0800a4e4                lcd28_show_char
 .text.lcd28_show_string
                0x0800a694       0x60 D:\svn\stm32\stm32_high\sw\prj\RIDE\all_demo\lcd28.o
                0x0800a694                lcd28_show_string
 .text.lcd28_draw_point_big
                0x0800a6f4       0x30 D:\svn\stm32\stm32_high\sw\prj\RIDE\all_demo\lcd28.o
                0x0800a6f4                lcd28_draw_point_big
 .text.lcd32_writeram_prepare
                0x0800a724        0xc D:\svn\stm32\stm32_high\sw\prj\RIDE\all_demo\lcd32.o
                0x0800a724                lcd32_writeram_prepare
 .text.lcd32_setcursor
                0x0800a730       0x1c D:\svn\stm32\stm32_high\sw\prj\RIDE\all_demo\lcd32.o
                0x0800a730                lcd32_setcursor
 .text.lcd32_clear_screen
                0x0800a74c       0x24 D:\svn\stm32\stm32_high\sw\prj\RIDE\all_demo\lcd32.o
                0x0800a74c                lcd32_clear_screen
 .text.bsp_lcd32_init
                0x0800a770     0x1280 D:\svn\stm32\stm32_high\sw\prj\RIDE\all_demo\lcd32.o
                0x0800a770                bsp_lcd32_init
 .text.lcd32_draw_point
                0x0800b9f0       0x20 D:\svn\stm32\stm32_high\sw\prj\RIDE\all_demo\lcd32.o
                0x0800b9f0                lcd32_draw_point
 .text.lcd32_draw_line
                0x0800ba10       0xac D:\svn\stm32\stm32_high\sw\prj\RIDE\all_demo\lcd32.o
                0x0800ba10                lcd32_draw_line
 .text.lcd32_show_char
                0x0800babc      0x1b0 D:\svn\stm32\stm32_high\sw\prj\RIDE\all_demo\lcd32.o
                0x0800babc                lcd32_show_char
 .text.lcd32_show_string
                0x0800bc6c       0x60 D:\svn\stm32\stm32_high\sw\prj\RIDE\all_demo\lcd32.o
                0x0800bc6c                lcd32_show_string
 .text.lcd32_draw_point_big
                0x0800bccc       0x30 D:\svn\stm32\stm32_high\sw\prj\RIDE\all_demo\lcd32.o
                0x0800bccc                lcd32_draw_point_big
 .text.lcd43_clear_screen
                0x0800bcfc       0x88 D:\svn\stm32\stm32_high\sw\prj\RIDE\all_demo\lcd43.o
                0x0800bcfc                lcd43_clear_screen
 .text.bsp_lcd43_init
                0x0800bd84      0x260 D:\svn\stm32\stm32_high\sw\prj\RIDE\all_demo\lcd43.o
                0x0800bd84                bsp_lcd43_init
 .text.lcd43_clear_area
                0x0800bfe4       0x8c D:\svn\stm32\stm32_high\sw\prj\RIDE\all_demo\lcd43.o
                0x0800bfe4                lcd43_clear_area
 .text.lcd43_draw_point
                0x0800c070       0x60 D:\svn\stm32\stm32_high\sw\prj\RIDE\all_demo\lcd43.o
                0x0800c070                lcd43_draw_point
 .text.lcd43_draw_point_big
                0x0800c0d0       0x38 D:\svn\stm32\stm32_high\sw\prj\RIDE\all_demo\lcd43.o
                0x0800c0d0                lcd43_draw_point_big
 .text.lcd43_show_char
                0x0800c108       0xcc D:\svn\stm32\stm32_high\sw\prj\RIDE\all_demo\lcd43.o
                0x0800c108                lcd43_show_char
 .text.lcd43_show_char_mode
                0x0800c1d4      0x1c8 D:\svn\stm32\stm32_high\sw\prj\RIDE\all_demo\lcd43.o
                0x0800c1d4                lcd43_show_char_mode
 .text.lcd43_show_string_mode
                0x0800c39c       0x60 D:\svn\stm32\stm32_high\sw\prj\RIDE\all_demo\lcd43.o
                0x0800c39c                lcd43_show_string_mode
 .text.lcd43_show_num
                0x0800c3fc       0xa0 D:\svn\stm32\stm32_high\sw\prj\RIDE\all_demo\lcd43.o
                0x0800c3fc                lcd43_show_num
 .text.lcd43_show_string
                0x0800c49c       0x60 D:\svn\stm32\stm32_high\sw\prj\RIDE\all_demo\lcd43.o
                0x0800c49c                lcd43_show_string
 .text.lcd43_fill_color
                0x0800c4fc       0x58 D:\svn\stm32\stm32_high\sw\prj\RIDE\all_demo\lcd43.o
                0x0800c4fc                lcd43_fill_color
 .text.lcd43_draw_line
                0x0800c554       0xb4 D:\svn\stm32\stm32_high\sw\prj\RIDE\all_demo\lcd43.o
                0x0800c554                lcd43_draw_line
 .text.lcd43_draw_demo_icon
                0x0800c608       0xac D:\svn\stm32\stm32_high\sw\prj\RIDE\all_demo\lcd43.o
                0x0800c608                lcd43_draw_demo_icon
 .text.lcd43_fill_rectangle
                0x0800c6b4       0x88 D:\svn\stm32\stm32_high\sw\prj\RIDE\all_demo\lcd43.o
                0x0800c6b4                lcd43_fill_rectangle
 .text.lcd43_show_4num
                0x0800c73c       0xb8 D:\svn\stm32\stm32_high\sw\prj\RIDE\all_demo\lcd43.o
                0x0800c73c                lcd43_show_4num
 .text.lcd43_demo
                0x0800c7f4      0x1b8 D:\svn\stm32\stm32_high\sw\prj\RIDE\all_demo\lcd43.o
                0x0800c7f4                lcd43_demo
 .text.lcd43_draw_demo_icon_all
                0x0800c9ac       0x70 D:\svn\stm32\stm32_high\sw\prj\RIDE\all_demo\lcd43.o
                0x0800c9ac                lcd43_draw_demo_icon_all
 .text.lcd70_set_area
                0x0800ca1c       0x54 D:\svn\stm32\stm32_high\sw\prj\RIDE\all_demo\lcd70.o
                0x0800ca1c                lcd70_set_area
 .text.lcd70_clear_screen
                0x0800ca70       0x30 D:\svn\stm32\stm32_high\sw\prj\RIDE\all_demo\lcd70.o
                0x0800ca70                lcd70_clear_screen
 .text.bsp_lcd70_init
                0x0800caa0      0x4d0 D:\svn\stm32\stm32_high\sw\prj\RIDE\all_demo\lcd70.o
                0x0800caa0                bsp_lcd70_init
 .text.lcd70_draw_point
                0x0800cf70       0x1c D:\svn\stm32\stm32_high\sw\prj\RIDE\all_demo\lcd70.o
                0x0800cf70                lcd70_draw_point
 .text.lcd70_show_char
                0x0800cf8c       0xbc D:\svn\stm32\stm32_high\sw\prj\RIDE\all_demo\lcd70.o
                0x0800cf8c                lcd70_show_char
 .text.lcd70_show_char_mode
                0x0800d048      0x1c8 D:\svn\stm32\stm32_high\sw\prj\RIDE\all_demo\lcd70.o
                0x0800d048                lcd70_show_char_mode
 .text.lcd70_show_string_mode
                0x0800d210       0x6c D:\svn\stm32\stm32_high\sw\prj\RIDE\all_demo\lcd70.o
                0x0800d210                lcd70_show_string_mode
 .text.lcd70_fill_color
                0x0800d27c       0x44 D:\svn\stm32\stm32_high\sw\prj\RIDE\all_demo\lcd70.o
                0x0800d27c                lcd70_fill_color
 .text.lcd70_show_string
                0x0800d2c0       0x58 D:\svn\stm32\stm32_high\sw\prj\RIDE\all_demo\lcd70.o
                0x0800d2c0                lcd70_show_string
 .text.lcd70_draw_point_big
                0x0800d318       0x38 D:\svn\stm32\stm32_high\sw\prj\RIDE\all_demo\lcd70.o
                0x0800d318                lcd70_draw_point_big
 .text.lcd70_show_num
                0x0800d350       0xa0 D:\svn\stm32\stm32_high\sw\prj\RIDE\all_demo\lcd70.o
                0x0800d350                lcd70_show_num
 .text.lcd70_draw_line
                0x0800d3f0       0xb4 D:\svn\stm32\stm32_high\sw\prj\RIDE\all_demo\lcd70.o
                0x0800d3f0                lcd70_draw_line
 .text.lcd70_draw_demo_icon
                0x0800d4a4       0xac D:\svn\stm32\stm32_high\sw\prj\RIDE\all_demo\lcd70.o
                0x0800d4a4                lcd70_draw_demo_icon
 .text.lcd70_demo
                0x0800d550      0x1b8 D:\svn\stm32\stm32_high\sw\prj\RIDE\all_demo\lcd70.o
                0x0800d550                lcd70_demo
 .text.lcd70_draw_demo_icon_all
                0x0800d708       0x70 D:\svn\stm32\stm32_high\sw\prj\RIDE\all_demo\lcd70.o
                0x0800d708                lcd70_draw_demo_icon_all
 .text.LCD1602_GPIO_OUTPUT
                0x0800d778       0x2c D:\svn\stm32\stm32_high\sw\prj\RIDE\all_demo\lcd1602.o
                0x0800d778                LCD1602_GPIO_OUTPUT
 .text.LCD1602_GPIO_INPUT
                0x0800d7a4       0x2c D:\svn\stm32\stm32_high\sw\prj\RIDE\all_demo\lcd1602.o
                0x0800d7a4                LCD1602_GPIO_INPUT
 .text.bsp_lcd1602_gpio_init
                0x0800d7d0       0x60 D:\svn\stm32\stm32_high\sw\prj\RIDE\all_demo\lcd1602.o
                0x0800d7d0                bsp_lcd1602_gpio_init
 .text.LCDa_DI  0x0800d830       0x10 D:\svn\stm32\stm32_high\sw\prj\RIDE\all_demo\lcd1602.o
                0x0800d830                LCDa_DI
 .text.LCD1602_readbyte
                0x0800d840       0x58 D:\svn\stm32\stm32_high\sw\prj\RIDE\all_demo\lcd1602.o
                0x0800d840                LCD1602_readbyte
 .text.LCD1602_sendbyte
                0x0800d898       0x5c D:\svn\stm32\stm32_high\sw\prj\RIDE\all_demo\lcd1602.o
                0x0800d898                LCD1602_sendbyte
 .text.LCD1602_Char_Set
                0x0800d8f4       0x3c D:\svn\stm32\stm32_high\sw\prj\RIDE\all_demo\lcd1602.o
                0x0800d8f4                LCD1602_Char_Set
 .text.LCD1602_clear
                0x0800d930       0x18 D:\svn\stm32\stm32_high\sw\prj\RIDE\all_demo\lcd1602.o
                0x0800d930                LCD1602_clear
 .text.LCD1602_readBF
                0x0800d948       0x10 D:\svn\stm32\stm32_high\sw\prj\RIDE\all_demo\lcd1602.o
                0x0800d948                LCD1602_readBF
 .text.bsp_lcd1602_init
                0x0800d958       0x40 D:\svn\stm32\stm32_high\sw\prj\RIDE\all_demo\lcd1602.o
                0x0800d958                bsp_lcd1602_init
 .text.Write_8bits
                0x0800d998       0x74 D:\svn\stm32\stm32_high\sw\prj\RIDE\all_demo\lcd12864.o
                0x0800d998                Write_8bits
 .text.W_1byte  0x0800da0c       0x48 D:\svn\stm32\stm32_high\sw\prj\RIDE\all_demo\lcd12864.o
                0x0800da0c                W_1byte
 .text.LCD_Init1
                0x0800da54       0x74 D:\svn\stm32\stm32_high\sw\prj\RIDE\all_demo\lcd12864.o
                0x0800da54                LCD_Init1
 .text.LCD_Init0
                0x0800dac8       0x7c D:\svn\stm32\stm32_high\sw\prj\RIDE\all_demo\lcd12864.o
                0x0800dac8                LCD_Init0
 .text.LCD12864_Char_Set
                0x0800db44       0x74 D:\svn\stm32\stm32_high\sw\prj\RIDE\all_demo\lcd12864.o
                0x0800db44                LCD12864_Char_Set
 .text.LCD12864_GPIO_OUTPUT
                0x0800dbb8       0x2c D:\svn\stm32\stm32_high\sw\prj\RIDE\all_demo\lcd12864.o
                0x0800dbb8                LCD12864_GPIO_OUTPUT
 .text.bsp_lcd12864_gpio_init
                0x0800dbe4       0x84 D:\svn\stm32\stm32_high\sw\prj\RIDE\all_demo\lcd12864.o
                0x0800dbe4                bsp_lcd12864_gpio_init
 .text.bsp_lcd12864_init
                0x0800dc68       0x3c D:\svn\stm32\stm32_high\sw\prj\RIDE\all_demo\lcd12864.o
                0x0800dc68                bsp_lcd12864_init
 .text.bsp_fsmc_lcd_init
                0x0800dca4       0x88 D:\svn\stm32\stm32_high\sw\prj\RIDE\all_demo\lcd.o
                0x0800dca4                bsp_fsmc_lcd_init
 .text.bsp_lcd_gpio_init
                0x0800dd2c       0xc4 D:\svn\stm32\stm32_high\sw\prj\RIDE\all_demo\lcd.o
                0x0800dd2c                bsp_lcd_gpio_init
 .text.lcd_rst  0x0800ddf0       0x48 D:\svn\stm32\stm32_high\sw\prj\RIDE\all_demo\lcd.o
                0x0800ddf0                lcd_rst
 .text.lcd_wr_reg
                0x0800de38        0xc D:\svn\stm32\stm32_high\sw\prj\RIDE\all_demo\lcd.o
                0x0800de38                lcd_wr_reg
 .text.lcd_wr_reg_value
                0x0800de44       0x10 D:\svn\stm32\stm32_high\sw\prj\RIDE\all_demo\lcd.o
                0x0800de44                lcd_wr_reg_value
 .text.lcd_rd_data
                0x0800de54        0xc D:\svn\stm32\stm32_high\sw\prj\RIDE\all_demo\lcd.o
                0x0800de54                lcd_rd_data
 .text.lcd_wr_data
                0x0800de60        0xc D:\svn\stm32\stm32_high\sw\prj\RIDE\all_demo\lcd.o
                0x0800de60                lcd_wr_data
 .text.mn       0x0800de6c       0x24 D:\svn\stm32\stm32_high\sw\prj\RIDE\all_demo\lcd.o
                0x0800de6c                mn
 .text.bsp_led_gpio_init
                0x0800de90       0x68 D:\svn\stm32\stm32_high\sw\prj\RIDE\all_demo\led.o
                0x0800de90                bsp_led_gpio_init
 .text.bsp_led_core_on
                0x0800def8       0x14 D:\svn\stm32\stm32_high\sw\prj\RIDE\all_demo\led.o
                0x0800def8                bsp_led_core_on
 .text.bsp_led_core_off
                0x0800df0c       0x14 D:\svn\stm32\stm32_high\sw\prj\RIDE\all_demo\led.o
                0x0800df0c                bsp_led_core_off
 .text.bsp_led_core_toggle
                0x0800df20       0x2c D:\svn\stm32\stm32_high\sw\prj\RIDE\all_demo\led.o
                0x0800df20                bsp_led_core_toggle
 .text.bsp_led_bottom_on
                0x0800df4c       0x1c D:\svn\stm32\stm32_high\sw\prj\RIDE\all_demo\led.o
                0x0800df4c                bsp_led_bottom_on
 .text.bsp_led_bottom_off
                0x0800df68       0x1c D:\svn\stm32\stm32_high\sw\prj\RIDE\all_demo\led.o
                0x0800df68                bsp_led_bottom_off
 .text.service_led
                0x0800df84       0x10 D:\svn\stm32\stm32_high\sw\prj\RIDE\all_demo\main.o
                0x0800df84                service_led
 .text.service_timer
                0x0800df94       0x10 D:\svn\stm32\stm32_high\sw\prj\RIDE\all_demo\main.o
                0x0800df94                service_timer
 .text.service_rtc
                0x0800dfa4       0x10 D:\svn\stm32\stm32_high\sw\prj\RIDE\all_demo\main.o
                0x0800dfa4                service_rtc
 .text.service_sd
                0x0800dfb4       0x10 D:\svn\stm32\stm32_high\sw\prj\RIDE\all_demo\main.o
                0x0800dfb4                service_sd
 .text.service_usb
                0x0800dfc4       0x10 D:\svn\stm32\stm32_high\sw\prj\RIDE\all_demo\main.o
                0x0800dfc4                service_usb
 .text.service_lcd
                0x0800dfd4       0x10 D:\svn\stm32\stm32_high\sw\prj\RIDE\all_demo\main.o
                0x0800dfd4                service_lcd
 .text.service_eeprom
                0x0800dfe4       0x10 D:\svn\stm32\stm32_high\sw\prj\RIDE\all_demo\main.o
                0x0800dfe4                service_eeprom
 .text.service_key
                0x0800dff4       0x10 D:\svn\stm32\stm32_high\sw\prj\RIDE\all_demo\main.o
                0x0800dff4                service_key
 .text.service_rf
                0x0800e004       0x10 D:\svn\stm32\stm32_high\sw\prj\RIDE\all_demo\main.o
                0x0800e004                service_rf
 .text.service_mp3
                0x0800e014       0x10 D:\svn\stm32\stm32_high\sw\prj\RIDE\all_demo\main.o
                0x0800e014                service_mp3
 .text.service_uart2
                0x0800e024       0x10 D:\svn\stm32\stm32_high\sw\prj\RIDE\all_demo\main.o
                0x0800e024                service_uart2
 .text.service_rs485
                0x0800e034       0x10 D:\svn\stm32\stm32_high\sw\prj\RIDE\all_demo\main.o
                0x0800e034                service_rs485
 .text.service_can
                0x0800e044       0x10 D:\svn\stm32\stm32_high\sw\prj\RIDE\all_demo\main.o
                0x0800e044                service_can
 .text.service_adc
                0x0800e054       0x10 D:\svn\stm32\stm32_high\sw\prj\RIDE\all_demo\main.o
                0x0800e054                service_adc
 .text.service_dac
                0x0800e064       0x10 D:\svn\stm32\stm32_high\sw\prj\RIDE\all_demo\main.o
                0x0800e064                service_dac
 .text.service_buzzer
                0x0800e074       0x10 D:\svn\stm32\stm32_high\sw\prj\RIDE\all_demo\main.o
                0x0800e074                service_buzzer
 .text.service_lcd1602
                0x0800e084       0x10 D:\svn\stm32\stm32_high\sw\prj\RIDE\all_demo\main.o
                0x0800e084                service_lcd1602
 .text.service_lcd12864
                0x0800e094       0x10 D:\svn\stm32\stm32_high\sw\prj\RIDE\all_demo\main.o
                0x0800e094                service_lcd12864
 .text.service_key_polling_stop
                0x0800e0a4       0x10 D:\svn\stm32\stm32_high\sw\prj\RIDE\all_demo\main.o
                0x0800e0a4                service_key_polling_stop
 .text.service_rf_stop
                0x0800e0b4       0x10 D:\svn\stm32\stm32_high\sw\prj\RIDE\all_demo\main.o
                0x0800e0b4                service_rf_stop
 .text.service_exit
                0x0800e0c4       0x10 D:\svn\stm32\stm32_high\sw\prj\RIDE\all_demo\main.o
                0x0800e0c4                service_exit
 .text.service_mp3play_stop
                0x0800e0d4       0x10 D:\svn\stm32\stm32_high\sw\prj\RIDE\all_demo\main.o
                0x0800e0d4                service_mp3play_stop
 .text.service_dac1_noise_start
                0x0800e0e4       0x1c D:\svn\stm32\stm32_high\sw\prj\RIDE\all_demo\main.o
                0x0800e0e4                service_dac1_noise_start
 .text.service_usb_stop
                0x0800e100       0x1c D:\svn\stm32\stm32_high\sw\prj\RIDE\all_demo\main.o
                0x0800e100                service_usb_stop
 .text.service_rtc_stop
                0x0800e11c       0x1c D:\svn\stm32\stm32_high\sw\prj\RIDE\all_demo\main.o
                0x0800e11c                service_rtc_stop
 .text.service_tim2_stop
                0x0800e138       0x1c D:\svn\stm32\stm32_high\sw\prj\RIDE\all_demo\main.o
                0x0800e138                service_tim2_stop
 .text.service_tim2_ticktime
                0x0800e154       0x30 D:\svn\stm32\stm32_high\sw\prj\RIDE\all_demo\main.o
                0x0800e154                service_tim2_ticktime
 .text.service_lcd12864_start
                0x0800e184       0x5c D:\svn\stm32\stm32_high\sw\prj\RIDE\all_demo\main.o
                0x0800e184                service_lcd12864_start
 .text.service_lcd1602_start
                0x0800e1e0       0x40 D:\svn\stm32\stm32_high\sw\prj\RIDE\all_demo\main.o
                0x0800e1e0                service_lcd1602_start
 .text.service_buzzer_stop
                0x0800e220       0x18 D:\svn\stm32\stm32_high\sw\prj\RIDE\all_demo\main.o
                0x0800e220                service_buzzer_stop
 .text.service_buzzer_start
                0x0800e238       0x18 D:\svn\stm32\stm32_high\sw\prj\RIDE\all_demo\main.o
                0x0800e238                service_buzzer_start
 .text.service_key_polling_start
                0x0800e250       0x54 D:\svn\stm32\stm32_high\sw\prj\RIDE\all_demo\main.o
                0x0800e250                service_key_polling_start
 *fill*         0x0800e2a4        0x4 00
 .text.service_adc12_8_start
                0x0800e2a8       0xb0 D:\svn\stm32\stm32_high\sw\prj\RIDE\all_demo\main.o
                0x0800e2a8                service_adc12_8_start
 .text.service_adc12_9_start
                0x0800e358       0xb0 D:\svn\stm32\stm32_high\sw\prj\RIDE\all_demo\main.o
                0x0800e358                service_adc12_9_start
 .text.service_adc12_15_start
                0x0800e408       0x88 D:\svn\stm32\stm32_high\sw\prj\RIDE\all_demo\main.o
                0x0800e408                service_adc12_15_start
 .text.service_can_normal_start
                0x0800e490      0x234 D:\svn\stm32\stm32_high\sw\prj\RIDE\all_demo\main.o
                0x0800e490                service_can_normal_start
 .text.service_can_loopback_start
                0x0800e6c4       0x50 D:\svn\stm32\stm32_high\sw\prj\RIDE\all_demo\main.o
                0x0800e6c4                service_can_loopback_start
 .text.service_rs485_slave_start
                0x0800e714       0x34 D:\svn\stm32\stm32_high\sw\prj\RIDE\all_demo\main.o
                0x0800e714                service_rs485_slave_start
 .text.service_rs485_master_start
                0x0800e748       0x88 D:\svn\stm32\stm32_high\sw\prj\RIDE\all_demo\main.o
                0x0800e748                service_rs485_master_start
 .text.usart3_event
                0x0800e7d0       0xa4 D:\svn\stm32\stm32_high\sw\prj\RIDE\all_demo\main.o
                0x0800e7d0                usart3_event
 .text.service_uart2_start
                0x0800e874       0x20 D:\svn\stm32\stm32_high\sw\prj\RIDE\all_demo\main.o
                0x0800e874                service_uart2_start
 .text.service_mp3play_start
                0x0800e894      0x15c D:\svn\stm32\stm32_high\sw\prj\RIDE\all_demo\main.o
                0x0800e894                service_mp3play_start
 .text.service_sd_file_list
                0x0800e9f0       0xb8 D:\svn\stm32\stm32_high\sw\prj\RIDE\all_demo\main.o
                0x0800e9f0                service_sd_file_list
 .text.service_rf_start_tx
                0x0800eaa8       0xc0 D:\svn\stm32\stm32_high\sw\prj\RIDE\all_demo\main.o
                0x0800eaa8                service_rf_start_tx
 .text.service_rf_start_rx
                0x0800eb68       0x98 D:\svn\stm32\stm32_high\sw\prj\RIDE\all_demo\main.o
                0x0800eb68                service_rf_start_rx
 .text.service_eeprom_read
                0x0800ec00       0x40 D:\svn\stm32\stm32_high\sw\prj\RIDE\all_demo\main.o
                0x0800ec00                service_eeprom_read
 .text.service_eeprom_write
                0x0800ec40       0x68 D:\svn\stm32\stm32_high\sw\prj\RIDE\all_demo\main.o
                0x0800ec40                service_eeprom_write
 .text.service_lcd70_touch_start
                0x0800eca8      0x2b0 D:\svn\stm32\stm32_high\sw\prj\RIDE\all_demo\main.o
                0x0800eca8                service_lcd70_touch_start
 .text.service_lcd43_touch_start
                0x0800ef58      0x2a4 D:\svn\stm32\stm32_high\sw\prj\RIDE\all_demo\main.o
                0x0800ef58                service_lcd43_touch_start
 .text.service_lcd32_touch_start
                0x0800f1fc       0xc0 D:\svn\stm32\stm32_high\sw\prj\RIDE\all_demo\main.o
                0x0800f1fc                service_lcd32_touch_start
 .text.service_lcd32_start
                0x0800f2bc       0x88 D:\svn\stm32\stm32_high\sw\prj\RIDE\all_demo\main.o
                0x0800f2bc                service_lcd32_start
 .text.service_lcd28_touch_start
                0x0800f344       0xbc D:\svn\stm32\stm32_high\sw\prj\RIDE\all_demo\main.o
                0x0800f344                service_lcd28_touch_start
 .text.service_lcd28_start
                0x0800f400       0x84 D:\svn\stm32\stm32_high\sw\prj\RIDE\all_demo\main.o
                0x0800f400                service_lcd28_start
 .text.service_usb_start
                0x0800f484       0x44 D:\svn\stm32\stm32_high\sw\prj\RIDE\all_demo\main.o
                0x0800f484                service_usb_start
 .text.service_user_led_off
                0x0800f4c8       0x24 D:\svn\stm32\stm32_high\sw\prj\RIDE\all_demo\main.o
                0x0800f4c8                service_user_led_off
 .text.service_user_led_on
                0x0800f4ec       0x24 D:\svn\stm32\stm32_high\sw\prj\RIDE\all_demo\main.o
                0x0800f4ec                service_user_led_on
 .text.wait_10ms
                0x0800f510       0x18 D:\svn\stm32\stm32_high\sw\prj\RIDE\all_demo\main.o
                0x0800f510                wait_10ms
 .text.key5_interrupt_event
                0x0800f528       0x74 D:\svn\stm32\stm32_high\sw\prj\RIDE\all_demo\main.o
                0x0800f528                key5_interrupt_event
 .text.welcome  0x0800f59c       0x38 D:\svn\stm32\stm32_high\sw\prj\RIDE\all_demo\main.o
                0x0800f59c                welcome
 .text.display_menu
                0x0800f5d4       0xac D:\svn\stm32\stm32_high\sw\prj\RIDE\all_demo\main.o
                0x0800f5d4                display_menu
 .text.Touch_Key_Pro
                0x0800f680      0x308 D:\svn\stm32\stm32_high\sw\prj\RIDE\all_demo\main.o
                0x0800f680                Touch_Key_Pro
 .text.Is_In_Area
                0x0800f988       0x38 D:\svn\stm32\stm32_high\sw\prj\RIDE\all_demo\main.o
                0x0800f988                Is_In_Area
 .text.Touch_To_Num
                0x0800f9c0      0x668 D:\svn\stm32\stm32_high\sw\prj\RIDE\all_demo\main.o
                0x0800f9c0                Touch_To_Num
 .text.service_lcd70_start
                0x08010028       0xf8 D:\svn\stm32\stm32_high\sw\prj\RIDE\all_demo\main.o
                0x08010028                service_lcd70_start
 .text.service_lcd43_start
                0x08010120       0xf8 D:\svn\stm32\stm32_high\sw\prj\RIDE\all_demo\main.o
                0x08010120                service_lcd43_start
 .text.gpio_polling_key
                0x08010218      0x18c D:\svn\stm32\stm32_high\sw\prj\RIDE\all_demo\main.o
                0x08010218                gpio_polling_key
 .text.timer2_event
                0x080103a4       0x60 D:\svn\stm32\stm32_high\sw\prj\RIDE\all_demo\main.o
                0x080103a4                timer2_event
 .text.tim_display
                0x08010404       0x40 D:\svn\stm32\stm32_high\sw\prj\RIDE\all_demo\main.o
                0x08010404                tim_display
 .text.time_show
                0x08010444        0xc D:\svn\stm32\stm32_high\sw\prj\RIDE\all_demo\main.o
                0x08010444                time_show
 .text.service_rtc_start
                0x08010450       0x24 D:\svn\stm32\stm32_high\sw\prj\RIDE\all_demo\main.o
                0x08010450                service_rtc_start
 .text.rtc_event
                0x08010474       0x70 D:\svn\stm32\stm32_high\sw\prj\RIDE\all_demo\main.o
                0x08010474                rtc_event
 .text.usb_mouse_control
                0x080104e4       0x98 D:\svn\stm32\stm32_high\sw\prj\RIDE\all_demo\main.o
                0x080104e4                usb_mouse_control
 .text.run_menu_selection
                0x0801057c       0xf4 D:\svn\stm32\stm32_high\sw\prj\RIDE\all_demo\main.o
                0x0801057c                run_menu_selection
 .text.main     0x08010670       0xb4 D:\svn\stm32\stm32_high\sw\prj\RIDE\all_demo\main.o
                0x08010670                main
 .text.bsp_sd_gpio_init
                0x08010724       0x4c D:\svn\stm32\stm32_high\sw\prj\RIDE\all_demo\mmc_sd.o
                0x08010724                bsp_sd_gpio_init
 .text.SD_GetResponse
                0x08010770       0x34 D:\svn\stm32\stm32_high\sw\prj\RIDE\all_demo\mmc_sd.o
                0x08010770                SD_GetResponse
 .text.SD_WaitDataReady
                0x080107a4       0x70 D:\svn\stm32\stm32_high\sw\prj\RIDE\all_demo\mmc_sd.o
                0x080107a4                SD_WaitDataReady
 .text.SD_SendCommand
                0x08010814       0x9c D:\svn\stm32\stm32_high\sw\prj\RIDE\all_demo\mmc_sd.o
                0x08010814                SD_SendCommand
 .text.SD_SendCommand_NoDeassert
                0x080108b0       0x74 D:\svn\stm32\stm32_high\sw\prj\RIDE\all_demo\mmc_sd.o
                0x080108b0                SD_SendCommand_NoDeassert
 .text.SD_Idle_Sta
                0x08010924       0x50 D:\svn\stm32\stm32_high\sw\prj\RIDE\all_demo\mmc_sd.o
                0x08010924                SD_Idle_Sta
 .text.SD_Init  0x08010974      0x258 D:\svn\stm32\stm32_high\sw\prj\RIDE\all_demo\mmc_sd.o
                0x08010974                SD_Init
 .text.SD_ReceiveData
                0x08010bcc       0x84 D:\svn\stm32\stm32_high\sw\prj\RIDE\all_demo\mmc_sd.o
                0x08010bcc                SD_ReceiveData
 .text.SD_GetCSD
                0x08010c50       0x2c D:\svn\stm32\stm32_high\sw\prj\RIDE\all_demo\mmc_sd.o
                0x08010c50                SD_GetCSD
 .text.SD_GetCapacity
                0x08010c7c      0x124 D:\svn\stm32\stm32_high\sw\prj\RIDE\all_demo\mmc_sd.o
                0x08010c7c                SD_GetCapacity
 .text.SD_ReadSingleBlock
                0x08010da0       0x3c D:\svn\stm32\stm32_high\sw\prj\RIDE\all_demo\mmc_sd.o
                0x08010da0                SD_ReadSingleBlock
 .text.SD_WriteSingleBlock
                0x08010ddc       0xdc D:\svn\stm32\stm32_high\sw\prj\RIDE\all_demo\mmc_sd.o
                0x08010ddc                SD_WriteSingleBlock
 .text.SD_ReadMultiBlock
                0x08010eb8       0x74 D:\svn\stm32\stm32_high\sw\prj\RIDE\all_demo\mmc_sd.o
                0x08010eb8                SD_ReadMultiBlock
 .text.SD_WriteMultiBlock
                0x08010f2c      0x108 D:\svn\stm32\stm32_high\sw\prj\RIDE\all_demo\mmc_sd.o
                0x08010f2c                SD_WriteMultiBlock
 .text.SD_WaitReady
                0x08011034       0x18 D:\svn\stm32\stm32_high\sw\prj\RIDE\all_demo\mmc_sd.o
                0x08011034                SD_WaitReady
 .text.bsp_nrf24l01_init
                0x0801104c       0xf0 D:\svn\stm32\stm32_high\sw\prj\RIDE\all_demo\nrf24l01.o
                0x0801104c                bsp_nrf24l01_init
 .text.nRF24L01_Write_Reg
                0x0801113c       0x28 D:\svn\stm32\stm32_high\sw\prj\RIDE\all_demo\nrf24l01.o
                0x0801113c                nRF24L01_Write_Reg
 .text.nRF24L01_Read_Reg
                0x08011164       0x24 D:\svn\stm32\stm32_high\sw\prj\RIDE\all_demo\nrf24l01.o
                0x08011164                nRF24L01_Read_Reg
 .text.nRF24L01_Read_Buf
                0x08011188       0x48 D:\svn\stm32\stm32_high\sw\prj\RIDE\all_demo\nrf24l01.o
                0x08011188                nRF24L01_Read_Buf
 .text.nRF24L01_Write_Buf
                0x080111d0       0x40 D:\svn\stm32\stm32_high\sw\prj\RIDE\all_demo\nrf24l01.o
                0x080111d0                nRF24L01_Write_Buf
 .text.nRF24L01_Check
                0x08011210       0x6c D:\svn\stm32\stm32_high\sw\prj\RIDE\all_demo\nrf24l01.o
                0x08011210                nRF24L01_Check
 .text.nRF24L01_TxPacket
                0x0801127c       0x74 D:\svn\stm32\stm32_high\sw\prj\RIDE\all_demo\nrf24l01.o
                0x0801127c                nRF24L01_TxPacket
 .text.nRF24L01_RxPacket
                0x080112f0       0x4c D:\svn\stm32\stm32_high\sw\prj\RIDE\all_demo\nrf24l01.o
                0x080112f0                nRF24L01_RxPacket
 .text.nRF24L01_RX_Mode
                0x0801133c       0x70 D:\svn\stm32\stm32_high\sw\prj\RIDE\all_demo\nrf24l01.o
                0x0801133c                nRF24L01_RX_Mode
 .text.nRF24L01_TX_Mode
                0x080113ac       0x84 D:\svn\stm32\stm32_high\sw\prj\RIDE\all_demo\nrf24l01.o
                0x080113ac                nRF24L01_TX_Mode
 .text.q_add_tail
                0x08011430       0x20 D:\svn\stm32\stm32_high\sw\prj\RIDE\all_demo\queue.o
                0x08011430                q_add_tail
 .text.q_remove_node
                0x08011450       0x28 D:\svn\stm32\stm32_high\sw\prj\RIDE\all_demo\queue.o
                0x08011450                q_remove_node
 .text.q_remove_head
                0x08011478       0x10 D:\svn\stm32\stm32_high\sw\prj\RIDE\all_demo\queue.o
                0x08011478                q_remove_head
 .text.q_remove_tail
                0x08011488       0x10 D:\svn\stm32\stm32_high\sw\prj\RIDE\all_demo\queue.o
                0x08011488                q_remove_tail
 .text.q_remove_all
                0x08011498       0x10 D:\svn\stm32\stm32_high\sw\prj\RIDE\all_demo\queue.o
                0x08011498                q_remove_all
 .text.q_get_count
                0x080114a8        0x8 D:\svn\stm32\stm32_high\sw\prj\RIDE\all_demo\queue.o
                0x080114a8                q_get_count
 .text.bsp_rs485_gpio_init
                0x080114b0       0x30 D:\svn\stm32\stm32_high\sw\prj\RIDE\all_demo\rs485.o
                0x080114b0                bsp_rs485_gpio_init
 .text.rs485_set_rx
                0x080114e0       0x14 D:\svn\stm32\stm32_high\sw\prj\RIDE\all_demo\rs485.o
                0x080114e0                rs485_set_rx
 .text.rs485_set_tx
                0x080114f4       0x14 D:\svn\stm32\stm32_high\sw\prj\RIDE\all_demo\rs485.o
                0x080114f4                rs485_set_tx
 .text.bsp_rs485_init
                0x08011508        0x8 D:\svn\stm32\stm32_high\sw\prj\RIDE\all_demo\rs485.o
                0x08011508                bsp_rs485_init
 .text.rs485_puts
                0x08011510       0x48 D:\svn\stm32\stm32_high\sw\prj\RIDE\all_demo\rs485.o
                0x08011510                rs485_puts
 .text.register_rtc_function
                0x08011558       0x10 D:\svn\stm32\stm32_high\sw\prj\RIDE\all_demo\rtc.o
                0x08011558                register_rtc_function
 .text.RTC_IRQHandler
                0x08011568       0x28 D:\svn\stm32\stm32_high\sw\prj\RIDE\all_demo\rtc.o
                0x08011568                RTC_IRQHandler
 .text.rtc_configuration
                0x08011590       0x64 D:\svn\stm32\stm32_high\sw\prj\RIDE\all_demo\rtc.o
                0x08011590                rtc_configuration
 .text.time_regulate
                0x080115f4        0x8 D:\svn\stm32\stm32_high\sw\prj\RIDE\all_demo\rtc.o
                0x080115f4                time_regulate
 .text.time_adjust
                0x080115fc       0x14 D:\svn\stm32\stm32_high\sw\prj\RIDE\all_demo\rtc.o
                0x080115fc                time_adjust
 .text.bsp_init_rtc
                0x08011610       0x88 D:\svn\stm32\stm32_high\sw\prj\RIDE\all_demo\rtc.o
                0x08011610                bsp_init_rtc
 .text.bsp_set_spi2_speed
                0x08011698       0x74 D:\svn\stm32\stm32_high\sw\prj\RIDE\all_demo\spi.o
                0x08011698                bsp_set_spi2_speed
 .text.bsp_set_spi2_speed_mp3
                0x0801170c       0x64 D:\svn\stm32\stm32_high\sw\prj\RIDE\all_demo\spi.o
                0x0801170c                bsp_set_spi2_speed_mp3
 .text.bsp_readwritebyte_spi2
                0x08011770       0x6c D:\svn\stm32\stm32_high\sw\prj\RIDE\all_demo\spi.o
                0x08011770                bsp_readwritebyte_spi2
 .text.NMI_Handler
                0x080117dc        0x4 D:\svn\stm32\stm32_high\sw\prj\RIDE\all_demo\stm32f10x_it.o
                0x080117dc                NMI_Handler
 .text.HardFault_Handler
                0x080117e0        0x4 D:\svn\stm32\stm32_high\sw\prj\RIDE\all_demo\stm32f10x_it.o
                0x080117e0                HardFault_Handler
 .text.MemManage_Handler
                0x080117e4        0x4 D:\svn\stm32\stm32_high\sw\prj\RIDE\all_demo\stm32f10x_it.o
                0x080117e4                MemManage_Handler
 .text.BusFault_Handler
                0x080117e8        0x4 D:\svn\stm32\stm32_high\sw\prj\RIDE\all_demo\stm32f10x_it.o
                0x080117e8                BusFault_Handler
 .text.UsageFault_Handler
                0x080117ec        0x4 D:\svn\stm32\stm32_high\sw\prj\RIDE\all_demo\stm32f10x_it.o
                0x080117ec                UsageFault_Handler
 .text.SVC_Handler
                0x080117f0        0x4 D:\svn\stm32\stm32_high\sw\prj\RIDE\all_demo\stm32f10x_it.o
                0x080117f0                SVC_Handler
 .text.DebugMon_Handler
                0x080117f4        0x4 D:\svn\stm32\stm32_high\sw\prj\RIDE\all_demo\stm32f10x_it.o
                0x080117f4                DebugMon_Handler
 .text.PendSV_Handler
                0x080117f8        0x4 D:\svn\stm32\stm32_high\sw\prj\RIDE\all_demo\stm32f10x_it.o
                0x080117f8                PendSV_Handler
 .text.SysTick_Handler
                0x080117fc        0x4 D:\svn\stm32\stm32_high\sw\prj\RIDE\all_demo\stm32f10x_it.o
                0x080117fc                SysTick_Handler
 .text.USB_LP_CAN1_RX0_IRQHandler
                0x08011800      0x128 D:\svn\stm32\stm32_high\sw\prj\RIDE\all_demo\stm32f10x_it.o
                0x08011800                USB_LP_CAN1_RX0_IRQHandler
 .text.USBWakeUp_IRQHandler
                0x08011928        0x4 D:\svn\stm32\stm32_high\sw\prj\RIDE\all_demo\stm32f10x_it.o
                0x08011928                USBWakeUp_IRQHandler
 .text.register_timer_function
                0x0801192c       0x10 D:\svn\stm32\stm32_high\sw\prj\RIDE\all_demo\timer.o
                0x0801192c                register_timer_function
 .text.TIM2_IRQHandler
                0x0801193c       0x28 D:\svn\stm32\stm32_high\sw\prj\RIDE\all_demo\timer.o
                0x0801193c                TIM2_IRQHandler
 .text.bsp_init_timer2
                0x08011964       0x6c D:\svn\stm32\stm32_high\sw\prj\RIDE\all_demo\timer.o
                0x08011964                bsp_init_timer2
 .text.bsp_touch_spi_init
                0x080119d0       0xb4 D:\svn\stm32\stm32_high\sw\prj\RIDE\all_demo\touch.o
                0x080119d0                bsp_touch_spi_init
 .text.bsp_touch_gpio_init_intettupt
                0x08011a84       0x24 D:\svn\stm32\stm32_high\sw\prj\RIDE\all_demo\touch.o
                0x08011a84                bsp_touch_gpio_init_intettupt
 .text.bsp_touch_nvic_init
                0x08011aa8       0x5c D:\svn\stm32\stm32_high\sw\prj\RIDE\all_demo\touch.o
                0x08011aa8                bsp_touch_nvic_init
 .text.bsp_touch_init_interrupt
                0x08011b04       0x10 D:\svn\stm32\stm32_high\sw\prj\RIDE\all_demo\touch.o
                0x08011b04                bsp_touch_init_interrupt
 .text.spi1_write_byte
                0x08011b14       0x40 D:\svn\stm32\stm32_high\sw\prj\RIDE\all_demo\touch.o
                0x08011b14                spi1_write_byte
 .text.lcd28_touch_point_draw
                0x08011b54       0x70 D:\svn\stm32\stm32_high\sw\prj\RIDE\all_demo\touch.o
                0x08011b54                lcd28_touch_point_draw
 .text.lcd32_touch_point_draw
                0x08011bc4       0x70 D:\svn\stm32\stm32_high\sw\prj\RIDE\all_demo\touch.o
                0x08011bc4                lcd32_touch_point_draw
 .text.lcd70_touch_point_draw
                0x08011c34       0x80 D:\svn\stm32\stm32_high\sw\prj\RIDE\all_demo\touch.o
                0x08011c34                lcd70_touch_point_draw
 .text.lcd43_touch_point_draw
                0x08011cb4       0x80 D:\svn\stm32\stm32_high\sw\prj\RIDE\all_demo\touch.o
                0x08011cb4                lcd43_touch_point_draw
 .text.read_xpt2046_spi
                0x08011d34       0x54 D:\svn\stm32\stm32_high\sw\prj\RIDE\all_demo\touch.o
                0x08011d34                read_xpt2046_spi
 .text.read_xpt2046
                0x08011d88       0x94 D:\svn\stm32\stm32_high\sw\prj\RIDE\all_demo\touch.o
                0x08011d88                read_xpt2046
 .text.read_xpt2046_xy
                0x08011e1c       0x44 D:\svn\stm32\stm32_high\sw\prj\RIDE\all_demo\touch.o
                0x08011e1c                read_xpt2046_xy
 .text.lcd_touch_read_xpt2046_xy
                0x08011e60       0xc0 D:\svn\stm32\stm32_high\sw\prj\RIDE\all_demo\touch.o
                0x08011e60                lcd_touch_read_xpt2046_xy
 .text.lcd_touch_interrupt_set
                0x08011f20       0x50 D:\svn\stm32\stm32_high\sw\prj\RIDE\all_demo\touch.o
                0x08011f20                lcd_touch_interrupt_set
 .text.lcd_touch_read_once
                0x08011f70       0xa8 D:\svn\stm32\stm32_high\sw\prj\RIDE\all_demo\touch.o
                0x08011f70                lcd_touch_read_once
 .text.lcd28_touch_adjust
                0x08012018      0x5c8 D:\svn\stm32\stm32_high\sw\prj\RIDE\all_demo\touch.o
                0x08012018                lcd28_touch_adjust
 .text.lcd32_touch_adjust
                0x080125e0      0x5c8 D:\svn\stm32\stm32_high\sw\prj\RIDE\all_demo\touch.o
                0x080125e0                lcd32_touch_adjust
 .text.lcd43_touch_adjust
                0x08012ba8      0x5c8 D:\svn\stm32\stm32_high\sw\prj\RIDE\all_demo\touch.o
                0x08012ba8                lcd43_touch_adjust
 .text.lcd70_touch_adjust
                0x08013170      0x5c8 D:\svn\stm32\stm32_high\sw\prj\RIDE\all_demo\touch.o
                0x08013170                lcd70_touch_adjust
 .text.convert2pos
                0x08013738       0x70 D:\svn\stm32\stm32_high\sw\prj\RIDE\all_demo\touch.o
                0x08013738                convert2pos
 .text.EXTI9_5_IRQHandler
                0x080137a8       0x24 D:\svn\stm32\stm32_high\sw\prj\RIDE\all_demo\touch.o
                0x080137a8                EXTI9_5_IRQHandler
 .text.init_usart1_buffer
                0x080137cc       0xe0 D:\svn\stm32\stm32_high\sw\prj\RIDE\all_demo\usart.o
                0x080137cc                init_usart1_buffer
 .text.usart_transmit_byte
                0x080138ac       0x1c D:\svn\stm32\stm32_high\sw\prj\RIDE\all_demo\usart.o
                0x080138ac                usart_transmit_byte
 .text.usart1_tx_proc
                0x080138c8       0x6c D:\svn\stm32\stm32_high\sw\prj\RIDE\all_demo\usart.o
                0x080138c8                usart1_tx_proc
 .text.usart_transmit_string
                0x08013934       0xd0 D:\svn\stm32\stm32_high\sw\prj\RIDE\all_demo\usart.o
                0x08013934                usart_transmit_string
 .text.usart1_transmit_string
                0x08013a04       0x10 D:\svn\stm32\stm32_high\sw\prj\RIDE\all_demo\usart.o
                0x08013a04                usart1_transmit_string
 .text.usart1_transmit_string_format
                0x08013a14       0x3c D:\svn\stm32\stm32_high\sw\prj\RIDE\all_demo\usart.o
                0x08013a14                usart1_transmit_string_format
 .text.bsp_init_irq_usart1
                0x08013a50       0xb4 D:\svn\stm32\stm32_high\sw\prj\RIDE\all_demo\usart.o
                0x08013a50                bsp_init_irq_usart1
 .text.USART1_IRQHandler
                0x08013b04       0x5c D:\svn\stm32\stm32_high\sw\prj\RIDE\all_demo\usart.o
                0x08013b04                USART1_IRQHandler
 .text.usart_is_ne
                0x08013b60       0x24 D:\svn\stm32\stm32_high\sw\prj\RIDE\all_demo\usart.o
                0x08013b60                usart_is_ne
 .text.usart1_get_data
                0x08013b84       0x6c D:\svn\stm32\stm32_high\sw\prj\RIDE\all_demo\usart.o
                0x08013b84                usart1_get_data
 .text.bsp_init_irq_usart2
                0x08013bf0       0xb0 D:\svn\stm32\stm32_high\sw\prj\RIDE\all_demo\usart.o
                0x08013bf0                bsp_init_irq_usart2
 .text.usart2_transmit_byte
                0x08013ca0       0x10 D:\svn\stm32\stm32_high\sw\prj\RIDE\all_demo\usart.o
                0x08013ca0                usart2_transmit_byte
 .text.USART2_IRQHandler
                0x08013cb0       0x30 D:\svn\stm32\stm32_high\sw\prj\RIDE\all_demo\usart.o
                0x08013cb0                USART2_IRQHandler
 .text.usart2_transmit_string
                0x08013ce0       0x20 D:\svn\stm32\stm32_high\sw\prj\RIDE\all_demo\usart.o
                0x08013ce0                usart2_transmit_string
 .text.bsp_init_irq_usart3
                0x08013d00       0xb0 D:\svn\stm32\stm32_high\sw\prj\RIDE\all_demo\usart.o
                0x08013d00                bsp_init_irq_usart3
 .text.register_usart_function
                0x08013db0       0x10 D:\svn\stm32\stm32_high\sw\prj\RIDE\all_demo\usart.o
                0x08013db0                register_usart_function
 .text.USART3_IRQHandler
                0x08013dc0       0x34 D:\svn\stm32\stm32_high\sw\prj\RIDE\all_demo\usart.o
                0x08013dc0                USART3_IRQHandler
 .text.usart3_transmit_byte
                0x08013df4       0x10 D:\svn\stm32\stm32_high\sw\prj\RIDE\all_demo\usart.o
                0x08013df4                usart3_transmit_byte
 .text.USB_Istr
                0x08013e04      0x10c D:\svn\stm32\stm32_high\sw\prj\RIDE\all_demo\usb_istr.o
                0x08013e04                USB_Istr
 .text.Joystick_SetConfiguration
                0x08013f10       0x18 D:\svn\stm32\stm32_high\sw\prj\RIDE\all_demo\usb_prop.o
                0x08013f10                Joystick_SetConfiguration
 .text.Joystick_SetDeviceAddress
                0x08013f28       0x10 D:\svn\stm32\stm32_high\sw\prj\RIDE\all_demo\usb_prop.o
                0x08013f28                Joystick_SetDeviceAddress
 .text.Joystick_Status_In
                0x08013f38        0x4 D:\svn\stm32\stm32_high\sw\prj\RIDE\all_demo\usb_prop.o
                0x08013f38                Joystick_Status_In
 .text.Joystick_Status_Out
                0x08013f3c        0x4 D:\svn\stm32\stm32_high\sw\prj\RIDE\all_demo\usb_prop.o
                0x08013f3c                Joystick_Status_Out
 .text.Joystick_Data_Setup
                0x08013f40       0x84 D:\svn\stm32\stm32_high\sw\prj\RIDE\all_demo\usb_prop.o
                0x08013f40                Joystick_Data_Setup
 .text.Joystick_Get_Interface_Setting
                0x08013fc4       0x14 D:\svn\stm32\stm32_high\sw\prj\RIDE\all_demo\usb_prop.o
                0x08013fc4                Joystick_Get_Interface_Setting
 .text.Joystick_GetProtocolValue
                0x08013fd8       0x1c D:\svn\stm32\stm32_high\sw\prj\RIDE\all_demo\usb_prop.o
                0x08013fd8                Joystick_GetProtocolValue
 .text.Joystick_GetHIDDescriptor
                0x08013ff4       0x10 D:\svn\stm32\stm32_high\sw\prj\RIDE\all_demo\usb_prop.o
                0x08013ff4                Joystick_GetHIDDescriptor
 .text.Joystick_GetReportDescriptor
                0x08014004       0x10 D:\svn\stm32\stm32_high\sw\prj\RIDE\all_demo\usb_prop.o
                0x08014004                Joystick_GetReportDescriptor
 .text.Joystick_GetStringDescriptor
                0x08014014       0x28 D:\svn\stm32\stm32_high\sw\prj\RIDE\all_demo\usb_prop.o
                0x08014014                Joystick_GetStringDescriptor
 .text.Joystick_GetConfigDescriptor
                0x0801403c       0x10 D:\svn\stm32\stm32_high\sw\prj\RIDE\all_demo\usb_prop.o
                0x0801403c                Joystick_GetConfigDescriptor
 .text.Joystick_GetDeviceDescriptor
                0x0801404c       0x10 D:\svn\stm32\stm32_high\sw\prj\RIDE\all_demo\usb_prop.o
                0x0801404c                Joystick_GetDeviceDescriptor
 .text.Joystick_Reset
                0x0801405c       0xb4 D:\svn\stm32\stm32_high\sw\prj\RIDE\all_demo\usb_prop.o
                0x0801405c                Joystick_Reset
 .text.Joystick_init
                0x08014110       0x28 D:\svn\stm32\stm32_high\sw\prj\RIDE\all_demo\usb_prop.o
                0x08014110                Joystick_init
 .text.Joystick_SetProtocol
                0x08014138       0x18 D:\svn\stm32\stm32_high\sw\prj\RIDE\all_demo\usb_prop.o
                0x08014138                Joystick_SetProtocol
 .text.Joystick_NoData_Setup
                0x08014150       0x2c D:\svn\stm32\stm32_high\sw\prj\RIDE\all_demo\usb_prop.o
                0x08014150                Joystick_NoData_Setup
 .text.PowerOn  0x0801417c       0x34 D:\svn\stm32\stm32_high\sw\prj\RIDE\all_demo\usb_pwr.o
                0x0801417c                PowerOn
 .text.Suspend  0x080141b0       0x24 D:\svn\stm32\stm32_high\sw\prj\RIDE\all_demo\usb_pwr.o
                0x080141b0                Suspend
 .text.Resume_Init
                0x080141d4       0x20 D:\svn\stm32\stm32_high\sw\prj\RIDE\all_demo\usb_pwr.o
                0x080141d4                Resume_Init
 .text.Resume   0x080141f4       0xbc D:\svn\stm32\stm32_high\sw\prj\RIDE\all_demo\usb_pwr.o
                0x080141f4                Resume
 .text.Reset_Handler
                0x080142b0       0x44 D:\svn\stm32\stm32_high\sw\prj\RIDE\all_demo\startup_stm32f10x_hd.o
                0x080142b0                Reset_Handler
 .text.Default_Handler
                0x080142f4        0x2 D:\svn\stm32\stm32_high\sw\prj\RIDE\all_demo\startup_stm32f10x_hd.o
                0x080142f4                TIM8_TRG_COM_IRQHandler
                0x080142f4                TIM8_CC_IRQHandler
                0x080142f4                TIM1_CC_IRQHandler
                0x080142f4                TIM6_IRQHandler
                0x080142f4                PVD_IRQHandler
                0x080142f4                SDIO_IRQHandler
                0x080142f4                EXTI3_IRQHandler
                0x080142f4                I2C2_EV_IRQHandler
                0x080142f4                ADC1_2_IRQHandler
                0x080142f4                SPI1_IRQHandler
                0x080142f4                TAMPER_IRQHandler
                0x080142f4                TIM8_UP_IRQHandler
                0x080142f4                DMA2_Channel2_IRQHandler