ARM Linker, 4.1 [Build 894] [Standard][RL-ARM]

==============================================================================

Section Cross References

    main.o(i.Is_In_Area) refers to touch.o(.bss) for Pen_Point
    main.o(i.Touch_Key_Pro) refers to touch.o(i.lcd_touch_read_once) for lcd_touch_read_once
    main.o(i.Touch_Key_Pro) refers to hw_config.o(i.delay_ms) for delay_ms
    main.o(i.Touch_Key_Pro) refers to stm32f10x_gpio.o(i.GPIO_ReadInputDataBit) for GPIO_ReadInputDataBit
    main.o(i.Touch_Key_Pro) refers to cfcmple.o(.text) for __aeabi_cfcmpeq
    main.o(i.Touch_Key_Pro) refers to lcd43.o(i.lcd43_fill_rectangle) for lcd43_fill_rectangle
    main.o(i.Touch_Key_Pro) refers to lcd43.o(i.lcd43_show_4num) for lcd43_show_4num
    main.o(i.Touch_Key_Pro) refers to fflti.o(.text) for __aeabi_i2f
    main.o(i.Touch_Key_Pro) refers to ffltui.o(.text) for __aeabi_ui2f
    main.o(i.Touch_Key_Pro) refers to fmul.o(.text) for __aeabi_fmul
    main.o(i.Touch_Key_Pro) refers to fadd.o(.text) for __aeabi_fadd
    main.o(i.Touch_Key_Pro) refers to ffixui.o(.text) for __aeabi_f2uiz
    main.o(i.Touch_Key_Pro) refers to touch.o(.bss) for Pen_Point
    main.o(i.Touch_To_Num) refers to main.o(i.Touch_Key_Pro) for Touch_Key_Pro
    main.o(i.Touch_To_Num) refers to main.o(i.Is_In_Area) for Is_In_Area
    main.o(i.Touch_To_Num) refers to touch.o(.bss) for Pen_Point
    main.o(i.display_menu) refers to usart.o(i.usart1_transmit_string) for usart1_transmit_string
    main.o(i.display_menu) refers to main.o(.data) for s_menu_level
    main.o(i.display_menu) refers to main.o(.constdata) for gbl_main_service
    main.o(i.gpio_polling_key) refers to stm32f10x_gpio.o(i.GPIO_ReadInputDataBit) for GPIO_ReadInputDataBit
    main.o(i.gpio_polling_key) refers to usart.o(i.usart1_transmit_string) for usart1_transmit_string
    main.o(i.gpio_polling_key) refers to main.o(.data) for s_key
    main.o(i.key5_interrupt_event) refers to main.o(i.wait_10ms) for wait_10ms
    main.o(i.key5_interrupt_event) refers to stm32f10x_gpio.o(i.GPIO_ReadInputDataBit) for GPIO_ReadInputDataBit
    main.o(i.key5_interrupt_event) refers to usart.o(i.usart1_transmit_string) for usart1_transmit_string
    main.o(i.key5_interrupt_event) refers to main.o(.data) for s_key
    main.o(i.main) refers to hw_config.o(i.bsp_init_rcc) for bsp_init_rcc
    main.o(i.main) refers to hw_config.o(i.bsp_init_gpio) for bsp_init_gpio
    main.o(i.main) refers to hw_config.o(i.USB_Cable_Config) for USB_Cable_Config
    main.o(i.main) refers to hw_config.o(i.delay_ms) for delay_ms
    main.o(i.main) refers to hw_config.o(i.bsp_init_interrupt) for bsp_init_interrupt
    main.o(i.main) refers to timer.o(i.register_timer_function) for register_timer_function
    main.o(i.main) refers to rtc.o(i.register_rtc_function) for register_rtc_function
    main.o(i.main) refers to timer.o(i.bsp_init_timer2) for bsp_init_timer2
    main.o(i.main) refers to usart.o(i.bsp_init_irq_usart1) for bsp_init_irq_usart1
    main.o(i.main) refers to led.o(i.bsp_led_core_off) for bsp_led_core_off
    main.o(i.main) refers to led.o(i.bsp_led_core_on) for bsp_led_core_on
    main.o(i.main) refers to main.o(i.welcome) for welcome
    main.o(i.main) refers to usart.o(i.usart1_transmit_string) for usart1_transmit_string
    main.o(i.main) refers to usart.o(i.usart1_transmit_string_format) for usart1_transmit_string_format
    main.o(i.main) refers to main.o(i.display_menu) for display_menu
    main.o(i.main) refers to usart.o(i.usart1_tx_proc) for usart1_tx_proc
    main.o(i.main) refers to main.o(i.run_menu_selection) for run_menu_selection
    main.o(i.main) refers to main.o(i.timer2_event) for timer2_event
    main.o(i.main) refers to main.o(i.rtc_event) for rtc_event
    main.o(i.main) refers to main.o(.constdata) for .constdata
    main.o(i.rtc_event) refers to stm32f10x_rtc.o(i.RTC_GetITStatus) for RTC_GetITStatus
    main.o(i.rtc_event) refers to stm32f10x_rtc.o(i.RTC_ClearITPendingBit) for RTC_ClearITPendingBit
    main.o(i.rtc_event) refers to stm32f10x_gpio.o(i.GPIO_ReadOutputDataBit) for GPIO_ReadOutputDataBit
    main.o(i.rtc_event) refers to stm32f10x_gpio.o(i.GPIO_WriteBit) for GPIO_WriteBit
    main.o(i.rtc_event) refers to main.o(i.time_show) for time_show
    main.o(i.rtc_event) refers to stm32f10x_rtc.o(i.RTC_WaitForLastTask) for RTC_WaitForLastTask
    main.o(i.rtc_event) refers to stm32f10x_rtc.o(i.RTC_GetCounter) for RTC_GetCounter
    main.o(i.rtc_event) refers to stm32f10x_rtc.o(i.RTC_SetCounter) for RTC_SetCounter
    main.o(i.rtc_event) refers to main.o(.data) for s_menu_level
    main.o(i.run_menu_selection) refers to usart.o(i.usart1_get_data) for usart1_get_data
    main.o(i.run_menu_selection) refers to main.o(i.usb_mouse_control) for usb_mouse_control
    main.o(i.run_menu_selection) refers to main.o(.data) for s_menu_level
    main.o(i.run_menu_selection) refers to main.o(.constdata) for gbl_main_service
[...]
    convert2pos                              0x0800984d   Thumb Code   138  touch.o(i.convert2pos)
    delay_ms                                 0x08009ae1   Thumb Code    18  hw_config.o(i.delay_ms)
    delay_us                                 0x08009af5   Thumb Code   132  hw_config.o(i.delay_us)
    disk_initialize                          0x08009e5d   Thumb Code    32  diskio.o(i.disk_initialize)
    disk_ioctl                               0x08009e7d   Thumb Code    94  diskio.o(i.disk_ioctl)
    disk_read                                0x08009ee1   Thumb Code    68  diskio.o(i.disk_read)
    disk_status                              0x08009f25   Thumb Code    12  diskio.o(i.disk_status)
    disk_write                               0x08009f31   Thumb Code    60  diskio.o(i.disk_write)
    display_menu                             0x08009f6d   Thumb Code   116  main.o(i.display_menu)
    f_close                                  0x0800a005   Thumb Code    22  ff.o(i.f_close)
    f_mount                                  0x0800a01d   Thumb Code    38  ff.o(i.f_mount)
    f_open                                   0x0800a049   Thumb Code   392  ff.o(i.f_open)
    f_opendir                                0x0800a1d1   Thumb Code   104  ff.o(i.f_opendir)
    f_read                                   0x0800a239   Thumb Code   458  ff.o(i.f_read)
    f_readdir                                0x0800a403   Thumb Code    88  ff.o(i.f_readdir)
    f_sync                                   0x0800a45b   Thumb Code   182  ff.o(i.f_sync)
    get_fattime                              0x0800a6c5   Thumb Code     4  diskio.o(i.get_fattime)
    gpio_polling_key                         0x0800a785   Thumb Code   316  main.o(i.gpio_polling_key)
    init_usart1_buffer                       0x0800a959   Thumb Code   138  usart.o(i.init_usart1_buffer)
    key5_interrupt_event                     0x0800aa15   Thumb Code    88  main.o(i.key5_interrupt_event)
    lcd28_clear_screen                       0x0800aa99   Thumb Code    38  lcd28.o(i.lcd28_clear_screen)
    lcd28_draw_line                          0x0800aabf   Thumb Code   176  lcd28.o(i.lcd28_draw_line)
    lcd28_draw_point                         0x0800ab71   Thumb Code    30  lcd28.o(i.lcd28_draw_point)
    lcd28_draw_point_big                     0x0800ab95   Thumb Code    48  lcd28.o(i.lcd28_draw_point_big)
    lcd28_setcursor                          0x0800abc5   Thumb Code    24  lcd28.o(i.lcd28_setcursor)
    lcd28_show_char                          0x0800abdd   Thumb Code   324  lcd28.o(i.lcd28_show_char)
    lcd28_show_string                        0x0800ad31   Thumb Code    74  lcd28.o(i.lcd28_show_string)
    lcd28_touch_adjust                       0x0800ad7d   Thumb Code  2210  touch.o(i.lcd28_touch_adjust)
    lcd28_touch_point_draw                   0x0800b709   Thumb Code    98  touch.o(i.lcd28_touch_point_draw)
    lcd28_writeram_prepare                   0x0800b771   Thumb Code    10  lcd28.o(i.lcd28_writeram_prepare)
    lcd32_clear_screen                       0x0800b77d   Thumb Code   112  lcd32.o(i.lcd32_clear_screen)
    lcd32_draw_line                          0x0800b7f1   Thumb Code   176  lcd32.o(i.lcd32_draw_line)
    lcd32_draw_point                         0x0800b8a1   Thumb Code    30  lcd32.o(i.lcd32_draw_point)
    lcd32_draw_point_big                     0x0800b8c5   Thumb Code    48  lcd32.o(i.lcd32_draw_point_big)
    lcd32_set_window                         0x0800b8f5   Thumb Code   122  lcd32.o(i.lcd32_set_window)
    lcd32_setcursor                          0x0800b975   Thumb Code    98  lcd32.o(i.lcd32_setcursor)
    lcd32_show_char                          0x0800b9dd   Thumb Code   280  lcd32.o(i.lcd32_show_char)
    lcd32_show_string                        0x0800bb09   Thumb Code    74  lcd32.o(i.lcd32_show_string)
    lcd32_touch_adjust                       0x0800bb55   Thumb Code  2210  touch.o(i.lcd32_touch_adjust)
    lcd32_touch_point_draw                   0x0800c4e1   Thumb Code    98  touch.o(i.lcd32_touch_point_draw)
    lcd32_writeram_prepare                   0x0800c549   Thumb Code    10  lcd32.o(i.lcd32_writeram_prepare)
    lcd43_clear_area                         0x0800c553   Thumb Code   114  lcd43.o(i.lcd43_clear_area)
    lcd43_clear_screen                       0x0800c5c5   Thumb Code   120  lcd43.o(i.lcd43_clear_screen)
    lcd43_demo                               0x0800c645   Thumb Code   326  lcd43.o(i.lcd43_demo)
    lcd43_draw_demo_icon                     0x0800c7d9   Thumb Code   164  lcd43.o(i.lcd43_draw_demo_icon)
    lcd43_draw_demo_icon_all                 0x0800c881   Thumb Code    82  lcd43.o(i.lcd43_draw_demo_icon_all)
    lcd43_draw_line                          0x0800c8d3   Thumb Code   162  lcd43.o(i.lcd43_draw_line)
    lcd43_draw_point                         0x0800c975   Thumb Code    82  lcd43.o(i.lcd43_draw_point)
    lcd43_draw_point_big                     0x0800c9c7   Thumb Code    58  lcd43.o(i.lcd43_draw_point_big)
    lcd43_fill_color                         0x0800ca01   Thumb Code    66  lcd43.o(i.lcd43_fill_color)
    lcd43_fill_rectangle                     0x0800ca43   Thumb Code   116  lcd43.o(i.lcd43_fill_rectangle)
    lcd43_show_4num                          0x0800cab7   Thumb Code   146  lcd43.o(i.lcd43_show_4num)
    lcd43_show_char                          0x0800cb49   Thumb Code   188  lcd43.o(i.lcd43_show_char)
    lcd43_show_char_mode                     0x0800cc09   Thumb Code   332  lcd43.o(i.lcd43_show_char_mode)
    lcd43_show_num                           0x0800cd65   Thumb Code   140  lcd43.o(i.lcd43_show_num)
    lcd43_show_string                        0x0800cdf1   Thumb Code    84  lcd43.o(i.lcd43_show_string)
    lcd43_show_string_mode                   0x0800ce45   Thumb Code    80  lcd43.o(i.lcd43_show_string_mode)
    lcd43_touch_adjust                       0x0800ce95   Thumb Code  2212  touch.o(i.lcd43_touch_adjust)
    lcd43_touch_adjust_auto                  0x0800d821   Thumb Code   208  touch.o(i.lcd43_touch_adjust_auto)
    lcd43_touch_point_draw                   0x0800d905   Thumb Code   108  touch.o(i.lcd43_touch_point_draw)
    lcd70_clear_screen                       0x0800d971   Thumb Code    46  lcd70.o(i.lcd70_clear_screen)
    lcd70_demo                               0x0800d9a5   Thumb Code   338  lcd70.o(i.lcd70_demo)
    lcd70_draw_demo_icon                     0x0800db45   Thumb Code   164  lcd70.o(i.lcd70_draw_demo_icon)
    lcd70_draw_demo_icon_all                 0x0800dbed   Thumb Code    82  lcd70.o(i.lcd70_draw_demo_icon_all)
    lcd70_draw_line                          0x0800dc3f   Thumb Code   162  lcd70.o(i.lcd70_draw_line)
    lcd70_draw_point                         0x0800dce1   Thumb Code    34  lcd70.o(i.lcd70_draw_point)
    lcd70_draw_point_big                     0x0800dd03   Thumb Code    58  lcd70.o(i.lcd70_draw_point_big)
    lcd70_fill_color                         0x0800dd3d   Thumb Code    64  lcd70.o(i.lcd70_fill_color)
    lcd70_set_area                           0x0800dd7d   Thumb Code    76  lcd70.o(i.lcd70_set_area)
    lcd70_show_char                          0x0800ddc9   Thumb Code   226  lcd70.o(i.lcd70_show_char)
    lcd70_show_char_mode                     0x0800deb5   Thumb Code   332  lcd70.o(i.lcd70_show_char_mode)
    lcd70_show_num                           0x0800e011   Thumb Code   140  lcd70.o(i.lcd70_show_num)
    lcd70_show_string                        0x0800e09d   Thumb Code    84  lcd70.o(i.lcd70_show_string)
    lcd70_show_string_mode                   0x0800e0f1   Thumb Code    84  lcd70.o(i.lcd70_show_string_mode)
    lcd70_touch_adjust                       0x0800e145   Thumb Code  2212  touch.o(i.lcd70_touch_adjust)
    lcd70_touch_point_draw                   0x0800ead1   Thumb Code   108  touch.o(i.lcd70_touch_point_draw)
    lcd_rd_data                              0x0800eb3d   Thumb Code     8  lcd.o(i.lcd_rd_data)
    lcd_rst                                  0x0800eb49   Thumb Code    50  lcd.o(i.lcd_rst)
    lcd_touch_interrupt_set                  0x0800eb81   Thumb Code    66  touch.o(i.lcd_touch_interrupt_set)
    lcd_touch_read_once                      0x0800ebc5   Thumb Code   104  touch.o(i.lcd_touch_read_once)
    lcd_touch_read_xpt2046_xy                0x0800ec79   Thumb Code   234  touch.o(i.lcd_touch_read_xpt2046_xy)
    lcd_wr_data                              0x0800edb5   Thumb Code     6  lcd.o(i.lcd_wr_data)
    lcd_wr_reg                               0x0800edc1   Thumb Code     8  lcd.o(i.lcd_wr_reg)
    lcd_wr_reg_value                         0x0800edc9   Thumb Code    12  lcd.o(i.lcd_wr_reg_value)
    main                                     0x0800edd9   Thumb Code   132  main.o(i.main)
    mn                                       0x0800ef19   Thumb Code    22  lcd.o(i.mn)
    nRF24L01_Check                           0x0800efa1   Thumb Code    72  nrf24l01.o(i.nRF24L01_Check)
    nRF24L01_RX_Mode                         0x0800eff1   Thumb Code    80  nrf24l01.o(i.nRF24L01_RX_Mode)
    nRF24L01_Read_Buf                        0x0800f04d   Thumb Code    56  nrf24l01.o(i.nRF24L01_Read_Buf)
    nRF24L01_Read_Reg                        0x0800f089   Thumb Code    36  nrf24l01.o(i.nRF24L01_Read_Reg)
    nRF24L01_RxPacket                        0x0800f0b5   Thumb Code    58  nrf24l01.o(i.nRF24L01_RxPacket)
    nRF24L01_TX_Mode                         0x0800f0f1   Thumb Code    90  nrf24l01.o(i.nRF24L01_TX_Mode)
    nRF24L01_TxPacket                        0x0800f15d   Thumb Code    98  nrf24l01.o(i.nRF24L01_TxPacket)
    nRF24L01_Write_Buf                       0x0800f1cd   Thumb Code    56  nrf24l01.o(i.nRF24L01_Write_Buf)
    nRF24L01_Write_Reg                       0x0800f209   Thumb Code    38  nrf24l01.o(i.nRF24L01_Write_Reg)
    q_add_tail                               0x0800f38b   Thumb Code    32  queue.o(i.q_add_tail)
    q_get_count                              0x0800f3ab   Thumb Code     8  queue.o(i.q_get_count)
    q_remove_all                             0x0800f3b3   Thumb Code    18  queue.o(i.q_remove_all)
    q_remove_head                            0x0800f3c5   Thumb Code    24  queue.o(i.q_remove_head)
    q_remove_node                            0x0800f3dd   Thumb Code    42  queue.o(i.q_remove_node)
    q_remove_tail                            0x0800f407   Thumb Code    24  queue.o(i.q_remove_tail)
    read_xpt2046                             0x0800f41f   Thumb Code   138  touch.o(i.read_xpt2046)
    read_xpt2046_spi                         0x0800f4a9   Thumb Code    64  touch.o(i.read_xpt2046_spi)
    read_xpt2046_xy                          0x0800f4ed   Thumb Code    60  touch.o(i.read_xpt2046_xy)
    register_exti_key_function               0x0800f52d   Thumb Code    10  key.o(i.register_exti_key_function)
    register_rtc_function                    0x0800f53d   Thumb Code    10  rtc.o(i.register_rtc_function)
    register_timer_function                  0x0800f54d   Thumb Code    10  timer.o(i.register_timer_function)
    register_usart_function                  0x0800f55d   Thumb Code    10  usart.o(i.register_usart_function)
    rs485_puts                               0x0800f5d5   Thumb Code    54  rs485.o(i.rs485_puts)
    rs485_set_rx                             0x0800f60d   Thumb Code    14  rs485.o(i.rs485_set_rx)
    rs485_set_tx                             0x0800f621   Thumb Code    14  rs485.o(i.rs485_set_tx)
    rtc_configuration                        0x0800f635   Thumb Code    88  rtc.o(i.rtc_configuration)
    rtc_event                                0x0800f68d   Thumb Code    84  main.o(i.rtc_event)
    run_menu_selection                       0x0800f6f1   Thumb Code   194  main.o(i.run_menu_selection)
    service_adc                              0x0800f7c5   Thumb Code     8  main.o(i.service_adc)
    service_adc12_15_start                   0x0800f7d1   Thumb Code   104  main.o(i.service_adc12_15_start)
    service_adc12_8_start                    0x0800f8a1   Thumb Code   148  main.o(i.service_adc12_8_start)
    service_adc12_9_start                    0x0800f9a5   Thumb Code   148  main.o(i.service_adc12_9_start)
    service_buzzer                           0x0800faa9   Thumb Code     8  main.o(i.service_buzzer)
    service_buzzer_start                     0x0800fab5   Thumb Code    18  main.o(i.service_buzzer_start)
    service_buzzer_stop                      0x0800facd   Thumb Code    18  main.o(i.service_buzzer_stop)
    service_can                              0x0800fae5   Thumb Code     8  main.o(i.service_can)
    service_can_loopback_start               0x0800faf1   Thumb Code    62  main.o(i.service_can_loopback_start)
    service_can_normal_start                 0x0800fc01   Thumb Code   448  main.o(i.service_can_normal_start)
    service_dac                              0x0800fee9   Thumb Code     8  main.o(i.service_dac)
    service_dac1_noise_start                 0x0800fef5   Thumb Code    16  main.o(i.service_dac1_noise_start)
    service_eeprom                           0x0800ff21   Thumb Code     8  main.o(i.service_eeprom)
    service_eeprom_read                      0x0800ff2d   Thumb Code    50  main.o(i.service_eeprom_read)
    service_eeprom_write                     0x0800ff81   Thumb Code    68  main.o(i.service_eeprom_write)
    service_exit                             0x0800ffed   Thumb Code     8  main.o(i.service_exit)
    service_key                              0x0800fff9   Thumb Code     8  main.o(i.service_key)
    service_key_polling_start                0x08010005   Thumb Code    54  main.o(i.service_key_polling_start)
    service_key_polling_stop                 0x080100b1   Thumb Code     8  main.o(i.service_key_polling_stop)
    service_lcd                              0x080100bd   Thumb Code     8  main.o(i.service_lcd)
    service_lcd12864                         0x080100c9   Thumb Code     8  main.o(i.service_lcd12864)
    service_lcd12864_start                   0x080100d5   Thumb Code    60  main.o(i.service_lcd12864_start)
    service_lcd1602                          0x08010175   Thumb Code     8  main.o(i.service_lcd1602)
    service_lcd1602_start                    0x08010181   Thumb Code    40  main.o(i.service_lcd1602_start)
    service_lcd28_start                      0x080101ed   Thumb Code    76  main.o(i.service_lcd28_start)
    service_lcd28_touch_start                0x080102b1   Thumb Code   142  main.o(i.service_lcd28_touch_start)
    service_lcd32_start                      0x0801035d   Thumb Code    78  main.o(i.service_lcd32_start)
    service_lcd32_touch_start                0x08010425   Thumb Code   142  main.o(i.service_lcd32_touch_start)
    service_lcd43_start                      0x080104d1   Thumb Code   194  main.o(i.service_lcd43_start)
    service_lcd43_touch_start                0x080105ad   Thumb Code   742  main.o(i.service_lcd43_touch_start)
    service_lcd70_start                      0x080108b5   Thumb Code   194  main.o(i.service_lcd70_start)
    service_lcd70_touch_start                0x08010991   Thumb Code   726  main.o(i.service_lcd70_touch_start)
    service_led                              0x08010c89   Thumb Code     8  main.o(i.service_led)
    service_mp3                              0x08010c95   Thumb Code     8  main.o(i.service_mp3)
    service_mp3play_start                    0x08010ca1   Thumb Code   288  main.o(i.service_mp3play_start)
    service_mp3play_stop                     0x08010e89   Thumb Code     8  main.o(i.service_mp3play_stop)
    service_rf                               0x08010e95   Thumb Code     8  main.o(i.service_rf)
    service_rf_start_rx                      0x08010ea1   Thumb Code   114  main.o(i.service_rf_start_rx)
    service_rf_start_tx                      0x08010f75   Thumb Code    92  main.o(i.service_rf_start_tx)
    service_rf_stop                          0x08011031   Thumb Code     8  main.o(i.service_rf_stop)
    service_rs485                            0x0801103d   Thumb Code     8  main.o(i.service_rs485)
    service_rs485_master_start               0x08011049   Thumb Code   132  main.o(i.service_rs485_master_start)
    service_rs485_slave_start                0x0801110d   Thumb Code    32  main.o(i.service_rs485_slave_start)
    service_rtc                              0x08011139   Thumb Code     8  main.o(i.service_rtc)
    service_rtc_start                        0x08011145   Thumb Code    30  main.o(i.service_rtc_start)
    service_rtc_stop                         0x080111a9   Thumb Code    16  main.o(i.service_rtc_stop)
    service_sd                               0x080111d9   Thumb Code     8  main.o(i.service_sd)
    service_sd_file_list                     0x080111e5   Thumb Code   100  main.o(i.service_sd_file_list)
    service_tim2_stop                        0x080112b9   Thumb Code    16  main.o(i.service_tim2_stop)
    service_tim2_ticktime                    0x080112e5   Thumb Code    28  main.o(i.service_tim2_ticktime)
    service_timer                            0x08011369   Thumb Code     8  main.o(i.service_timer)
    service_uart2                            0x08011375   Thumb Code     8  main.o(i.service_uart2)
    service_uart2_start                      0x08011381   Thumb Code    20  main.o(i.service_uart2_start)
    service_usb                              0x080113b9   Thumb Code     8  main.o(i.service_usb)
    service_usb_start                        0x080113c5   Thumb Code    44  main.o(i.service_usb_start)
    service_usb_stop                         0x0801148d   Thumb Code    16  main.o(i.service_usb_stop)
    service_user_led_off                     0x080114bd   Thumb Code    28  main.o(i.service_user_led_off)
    service_user_led_on                      0x080114d9   Thumb Code    28  main.o(i.service_user_led_on)
    spi1_write_byte                          0x080114f5   Thumb Code    54  touch.o(i.spi1_write_byte)
    sqrt                                     0x08011531   Thumb Code    76  sqrt.o(i.sqrt)
    tim_display                              0x08011645   Thumb Code    72  main.o(i.tim_display)
    time_adjust                              0x080116a9   Thumb Code    22  rtc.o(i.time_adjust)
    time_regulate                            0x080116bf   Thumb Code    26  rtc.o(i.time_regulate)
    time_show                                0x080116d9   Thumb Code    14  main.o(i.time_show)
    timer2_event                             0x080116e9   Thumb Code   100  main.o(i.timer2_event)
    usart1_get_data                          0x0801175d   Thumb Code    72  usart.o(i.usart1_get_data)
    usart1_transmit_string                   0x080117c5   Thumb Code    14  usart.o(i.usart1_transmit_string)
    usart1_transmit_string_format            0x080117d9   Thumb Code    40  usart.o(i.usart1_transmit_string_format)
    usart1_tx_proc                           0x08011809   Thumb Code    68  usart.o(i.usart1_tx_proc)
    usart2_transmit_byte                     0x08011861   Thumb Code    14  usart.o(i.usart2_transmit_byte)
    usart2_transmit_string                   0x08011875   Thumb Code    22  usart.o(i.usart2_transmit_string)
    usart3_event                             0x0801188d   Thumb Code   176  main.o(i.usart3_event)
    usart3_transmit_byte                     0x080119b9   Thumb Code    14  usart.o(i.usart3_transmit_byte)
    usart_is_ne                              0x080119cd   Thumb Code    30  usart.o(i.usart_is_ne)
    usart_transmit_byte                      0x080119f5   Thumb Code    30  usart.o(i.usart_transmit_byte)
    usart_transmit_string                    0x08011a15   Thumb Code   142  usart.o(i.usart_transmit_string)
    usb_mouse_control                        0x08011ab1   Thumb Code   132  main.o(i.usb_mouse_control)
    wait_10ms                                0x08011b61   Thumb Code    20  main.o(i.wait_10ms)
    welcome                                  0x08011b79   Thumb Code    36  main.o(i.welcome)
    gbl_main_service                         0x08011c38   Data         304  main.o(.constdata)
    gbl_service                              0x08011d68   Data        2880  main.o(.constdata)
    led_core_group                           0x080129a4   Data           8  led.o(.constdata)
    led_bottom_group                         0x080129ac   Data          24  led.o(.constdata)
    TX_ADDRESS                               0x080129c4   Data           5  nrf24l01.o(.constdata)
    RX_ADDRESS                               0x080129c9   Data           5  nrf24l01.o(.constdata)
    Joystick_DeviceDescriptor                0x080129ce   Data          18  usb_desc.o(.constdata)
    Joystick_ConfigDescriptor                0x080129e0   Data          34  usb_desc.o(.constdata)
    Joystick_ReportDescriptor                0x08012a02   Data          74  usb_desc.o(.constdata)
    Joystick_StringLangID                    0x08012a4c   Data           4  usb_desc.o(.constdata)
    Joystick_StringVendor                    0x08012a50   Data          28  usb_desc.o(.constdata)
    Joystick_StringProduct                   0x08012a6c   Data          30  usb_desc.o(.constdata)
    icon_demo                                0x08012a8a   Data       63720  icon.o(.constdata)
    asc2_1206                                0x08022372   Data        1140  font.o(.constdata)
    asc2_1608                                0x080227e6   Data        1520  font.o(.constdata)
    BIG_ASCII                                0x08022dd6   Data        3120  font.o(.constdata)
    Region$$Table$$Base                      0x0802405c   Number         0  anon$$obj.o(Region$$Table)
    Region$$Table$$Limit                     0x0802407c   Number         0  anon$$obj.o(Region$$Table)
    s_menu_level                             0x20000000   Data           1  main.o(.data)
    s_current_service                        0x20000001   Data           1  main.o(.data)
    res                                      0x20000009   Data           1  main.o(.data)
    read_count                               0x2000000a   Data           2  main.o(.data)
    bDeviceState                             0x2000000c   Data           4  usb_pwr.o(.data)
    fSuspendEnabled                          0x20000010   Data           1  usb_pwr.o(.data)
    ResumeS                                  0x20000011   Data           2  usb_pwr.o(.data)
    HSEStartUpStatus                         0x2000001a   Data           1  hw_config.o(.data)
    gbl_ar_exti_key_service                  0x2000001c   Data           8  key.o(.data)
    SD_Type                                  0x20000024   Data           1  mmc_sd.o(.data)
    gbl_ar_rtc_service                       0x20000028   Data           8  rtc.o(.data)
    CAN_ID                                   0x20000030   Data           2  stm32f10x_it.o(.data)
    CAN_DATA0                                0x20000032   Data           1  stm32f10x_it.o(.data)
    CAN_DATA1                                0x20000033   Data           1  stm32f10x_it.o(.data)
    CAN_DATA2                                0x20000034   Data           1  stm32f10x_it.o(.data)
    CAN_DATA3                                0x20000035   Data           1  stm32f10x_it.o(.data)
    CAN_DATA4                                0x20000036   Data           1  stm32f10x_it.o(.data)
    CAN_DATA5                                0x20000037   Data           1  stm32f10x_it.o(.data)
    CAN_DATA6                                0x20000038   Data           1  stm32f10x_it.o(.data)
    CAN_DATA7                                0x20000039   Data           1  stm32f10x_it.o(.data)
    CanFlag                                  0x2000003a   Data           1  stm32f10x_it.o(.data)
    Display                                  0x2000003b   Data           1  stm32f10x_it.o(.data)
    gbl_ar_timer_service                     0x2000003c   Data          16  timer.o(.data)
    usart1_dma_transfering                   0x20000052   Data           2  usart.o(.data)
    gbl_ar_usart_service                     0x20000058   Data          24  usart.o(.data)
    Joystick_StringSerial                    0x20000070   Data          26  usb_desc.o(.data)
    bIntPackSOF                              0x2000008c   Data           1  usb_istr.o(.data)
    pEpInt_IN                                0x20000090   Data          28  usb_istr.o(.data)
    pEpInt_OUT                               0x200000ac   Data          28  usb_istr.o(.data)
    wIstr                                    0x200000c8   Data           2  usb_istr.o(.data)
    Device_Table                             0x200000cc   Data           2  usb_prop.o(.data)
    Device_Property                          0x200000d0   Data          48  usb_prop.o(.data)
    User_Standard_Requests                   0x20000100   Data          36  usb_prop.o(.data)
    Device_Descriptor                        0x20000124   Data           8  usb_prop.o(.data)
    Config_Descriptor                        0x2000012c   Data           8  usb_prop.o(.data)
    Joystick_Report_Descriptor               0x20000134   Data           8  usb_prop.o(.data)
    Mouse_Hid_Descriptor                     0x2000013c   Data           8  usb_prop.o(.data)
    String_Descriptor                        0x20000144   Data          32  usb_prop.o(.data)
    ProtocolValue                            0x20000164   Data           4  usb_prop.o(.data)
    Result                                   0x20000168   Data           4  can.o(.data)
    HDP                                      0x2000016c   Data           4  lcd43.o(.data)
    HT                                       0x20000170   Data           4  lcd43.o(.data)
    HPS                                      0x20000174   Data           4  lcd43.o(.data)
    LPS                                      0x20000178   Data           4  lcd43.o(.data)
    HPW                                      0x2000017c   Data           1  lcd43.o(.data)
    VDP                                      0x20000180   Data           4  lcd43.o(.data)
    VT                                       0x20000184   Data           4  lcd43.o(.data)
    VPS                                      0x20000188   Data           4  lcd43.o(.data)
    FPS                                      0x2000018c   Data           4  lcd43.o(.data)
    VPW                                      0x20000190   Data           1  lcd43.o(.data)
    demo_selected_pen_color                  0x20000192   Data           2  touch.o(.data)
    HDP_70                                   0x20000194   Data           4  lcd70.o(.data)
    LPS_70                                   0x20000198   Data           4  lcd70.o(.data)
    HPW_70                                   0x2000019c   Data           1  lcd70.o(.data)
    VDP_70                                   0x200001a0   Data           4  lcd70.o(.data)
    FPS_70                                   0x200001a4   Data           4  lcd70.o(.data)
    VPW_70                                   0x200001a8   Data           1  lcd70.o(.data)
    brightness                               0x200001a9   Data           1  lcd70.o(.data)
    contrast                                 0x200001aa   Data           1  lcd70.o(.data)
    saturation                               0x200001ab   Data           1  lcd70.o(.data)
    s1963gpio                                0x200001ac   Data           1  lcd70.o(.data)
    curr_tft_lcd                             0x200001b0   Data           1  lcd.o(.data)
    lcd_id                                   0x200001b2   Data           2  lcd.o(.data)
    POINT_COLOR                              0x200001b4   Data           4  lcd.o(.data)
    BACK_COLOR                               0x200001b8   Data           4  lcd.o(.data)
    Data_Mul_MaxPacketSize                   0x200001bc   Data           1  usb_core.o(.data)
    StatusInfo                               0x200001be   Data           2  usb_core.o(.data)
    EPindex                                  0x200001c0   Data           1  usb_init.o(.data)
    pInformation                             0x200001c4   Data           4  usb_init.o(.data)
    pProperty                                0x200001c8   Data           4  usb_init.o(.data)
    SaveState                                0x200001cc   Data           2  usb_init.o(.data)
    wInterrupt_Mask                          0x200001ce   Data           2  usb_init.o(.data)
    pUser_Standard_Requests                  0x200001d0   Data           4  usb_init.o(.data)
    SaveRState                               0x200001d4   Data           2  usb_int.o(.data)
    SaveTState                               0x200001d6   Data           2  usb_int.o(.data)
    path                                     0x200001f0   Data          50  main.o(.bss)
    buffer                                   0x20000222   Data        3092  main.o(.bss)
    fs                                       0x20000e38   Data         560  main.o(.bss)
    dirs                                     0x20001068   Data          28  main.o(.bss)
    finfo                                    0x20001084   Data          24  main.o(.bss)
    fsrc                                     0x2000109c   Data         548  main.o(.bss)
    szlcdpath                                0x200012c0   Data         120  main.o(.bss)
    gbl_qlist_usart1_tx                      0x20001338   Data          16  usart.o(.bss)
    gbl_qlist_usart1_tx_free                 0x20001348   Data          16  usart.o(.bss)
    gbl_qdata_usart1_tx                      0x20001358   Data        1024  usart.o(.bss)
    gbl_qdata_usart1_tx_free                 0x20001758   Data        1024  usart.o(.bss)
    gbl_usart1_tx_buff                       0x20001b58   Data        4096  usart.o(.bss)
    gbl_usart1_tx_buff_dma                   0x20002b58   Data          64  usart.o(.bss)
    gbl_qlist_usart1_rx                      0x20002b98   Data          16  usart.o(.bss)
    gbl_qlist_usart1_rx_free                 0x20002ba8   Data          16  usart.o(.bss)
    gbl_qdata_usart1_rx                      0x20002bb8   Data         160  usart.o(.bss)
    gbl_qdata_usart1_rx_free                 0x20002c58   Data         160  usart.o(.bss)
    gbl_usart1_rx_buff                       0x20002cf8   Data         640  usart.o(.bss)
    gbl_usart1_rx_buff_dma                   0x20002f78   Data          64  usart.o(.bss)
    gbl_usart1_rx_buff_proc                  0x20003038   Data          68  usart.o(.bss)
    Pen_Point                                0x2000307c   Data          24  touch.o(.bss)
    Device_Info                              0x20003094   Data          28  usb_init.o(.bss)
    __initial_sp                             0x200034b0   Data           0  startup_stm32f10x_hd.o(STACK)



==============================================================================

Memory Map of the image

  Image Entry point : 0x08000131

  Load Region LR_IROM1 (Base: 0x08000000, Size: 0x0002426c, Max: 0x00040000, ABSOLUTE, COMPRESSED[0x00024144])

    Execution Region ER_IROM1 (Base: 0x08000000, Size: 0x0002407c, Max: 0x00040000, ABSOLUTE)

    Base Addr    Size         Type   Attr      Idx    E Section Name        Object

    0x08000000   0x00000130   Data   RO         3379    RESET               startup_stm32f10x_hd.o
    0x08000130   0x00000000   Code   RO         6871  * .ARM.Collect$$$$00000000  mc_w.l(entry.o)
    0x08000130   0x00000004   Code   RO         6938    .ARM.Collect$$$$00000001  mc_w.l(entry2.o)
    0x08000134   0x00000004   Code   RO         6941    .ARM.Collect$$$$00000004  mc_w.l(entry5.o)
    0x08000138   0x00000000   Code   RO         6943    .ARM.Collect$$$$00000008  mc_w.l(entry7b.o)
    0x08000138   0x00000008   Code   RO         6944    .ARM.Collect$$$$00000009  mc_w.l(entry8.o)
    0x08000140   0x00000004   Code   RO         6939    .ARM.Collect$$$$00002712  mc_w.l(entry2.o)
    0x08000144   0x0000001c   Code   RO         3380    .text               startup_stm32f10x_hd.o
    0x08000160   0x00000024   Code   RO         6874    .text               mc_w.l(memcpya.o)
    0x08000184   0x00000026   Code   RO         6876    .text               mc_w.l(memseta.o)
    0x080001aa   0x00000010   Code   RO         6878    .text               mc_w.l(strlen.o)
    0x080001ba   0x000000b0   Code   RO         6910    .text               mf_w.l(fadd.o)
    0x0800026a   0x0000006c   Code   RO         6912    .text               mf_w.l(fmul.o)
    0x080002d6   0x00000080   Code   RO         6914    .text               mf_w.l(fdiv.o)
    0x08000356   0x000000e0   Code   RO         6916    .text               mf_w.l(dmul.o)
    0x08000436   0x00000012   Code   RO         6918    .text               mf_w.l(fflti.o)
    0x08000448   0x0000000a   Code   RO         6920    .text               mf_w.l(ffltui.o)
    0x08000452   0x0000001a   Code   RO         6922    .text               mf_w.l(dfltui.o)
    0x0800046c   0x00000032   Code   RO         6924    .text               mf_w.l(ffixi.o)
    0x0800049e   0x00000028   Code   RO         6926    .text               mf_w.l(ffixui.o)
    0x080004c6   0x0000002e   Code   RO         6928    .text               mf_w.l(dfixui.o)
    0x080004f4   0x0000002c   Code   RO         6930    .text               mf_w.l(f2d.o)
    0x08000520   0x00000028   Code   RO         6932    .text               mf_w.l(cdcmple.o)
    0x08000548   0x00000028   Code   RO         6934    .text               mf_w.l(cdrcmple.o)
    0x08000570   0x00000014   Code   RO         6936    .text               mf_w.l(cfcmple.o)
    0x08000584   0x0000002c   Code   RO         6948    .text               mc_w.l(uidiv.o)
    0x080005b0   0x00000062   Code   RO         6950    .text               mc_w.l(uldiv.o)
    0x08000612   0x00000020   Code   RO         6952    .text               mc_w.l(llushr.o)
    0x08000632   0x00000000   Code   RO         6961    .text               mc_w.l(iusefp.o)
    0x08000632   0x0000006c   Code   RO         6962    .text               mf_w.l(fepilogue.o)
    0x0800069e   0x000000be   Code   RO         6964    .text               mf_w.l(depilogue.o)
    0x0800075c   0x0000014c   Code   RO         6966    .text               mf_w.l(dadd.o)
    0x080008a8   0x000000de   Code   RO         6968    .text               mf_w.l(ddiv.o)
    0x08000986   0x000000a2   Code   RO         6970    .text               mf_w.l(dsqrt.o)
    0x08000a28   0x00000030   Code   RO         6972    .text               mf_w.l(dfixul.o)
    0x08000a58   0x00000024   Code   RO         6974    .text               mc_w.l(init.o)
    0x08000a7c   0x0000001e   Code   RO         6977    .text               mc_w.l(llshl.o)
    0x08000a9a   0x00000024   Code   RO         6979    .text               mc_w.l(llsshr.o)
    0x08000abe   0x0000005c   Code   RO         6990    .text               mc_w.l(__dczerorl2.o)
    0x08000b1a   0x00000016   Code   RO         4102    i.ADC_Cmd           stm32f10x_adc.o
    0x08000b30   0x00000008   Code   RO         4111    i.ADC_GetConversionValue  stm32f10x_adc.o
    0x08000b38   0x00000012   Code   RO         4113    i.ADC_GetFlagStatus  stm32f10x_adc.o
    0x08000b4a   0x00000002   PAD
    0x08000b4c   0x00000050   Code   RO         4120    i.ADC_Init          stm32f10x_adc.o
    0x08000b9c   0x000000b8   Code   RO         4124    i.ADC_RegularChannelConfig  stm32f10x_adc.o
    0x08000c54   0x00000016   Code   RO         4127    i.ADC_SoftwareStartConvCmd  stm32f10x_adc.o
    0x08000c6a   0x00000008   Code   RO         2132    i.AT24CXX_Init      at24c02.o
    0x08000c72   0x00000058   Code   RO         2135    i.AT24CXX_ReadOneByte  at24c02.o
    0x08000cca   0x0000004e   Code   RO         2138    i.AT24CXX_WriteOneByte  at24c02.o
    0x08000d18   0x00000012   Code   RO         2139    i.AT24CXX_Write_Delay  at24c02.o
    0x08000d2a   0x00000010   Code   RO         4324    i.BKP_DeInit        stm32f10x_bkp.o
    0x08000d3a   0x00000002   PAD
    0x08000d3c   0x00000010   Code   RO         4329    i.BKP_ReadBackupRegister  stm32f10x_bkp.o
    0x08000d4c   0x00000010   Code   RO         4333    i.BKP_WriteBackupRegister  stm32f10x_bkp.o
    0x08000d5c   0x00000004   Code   RO         1577    i.BusFault_Handler  stm32f10x_it.o
    0x08000d60   0x0000000c   Code   RO         3603    i.ByteSwap          usb_regs.o
    0x08000d6c   0x000000a8   Code   RO         4406    i.CAN_ClearITPendingBit  stm32f10x_can.o
    0x08000e14   0x00000038   Code   RO         4408    i.CAN_DeInit        stm32f10x_can.o
    0x08000e4c   0x00000108   Code   RO         4410    i.CAN_FilterInit    stm32f10x_can.o
    0x08000f54   0x00000012   Code   RO         4416    i.CAN_ITConfig      stm32f10x_can.o
    0x08000f66   0x0000011c   Code   RO         4417    i.CAN_Init          stm32f10x_can.o
    0x08001082   0x0000001e   Code   RO         4418    i.CAN_MessagePending  stm32f10x_can.o
    0x080010a0   0x000000f0   Code   RO         4420    i.CAN_Receive       stm32f10x_can.o
    0x08001190   0x00000020   Code   RO         4423    i.CAN_StructInit    stm32f10x_can.o
    0x080011b0   0x00000126   Code   RO         4425    i.CAN_Transmit      stm32f10x_can.o
    0x080012d6   0x00000002   PAD
    0x080012d8   0x000000a0   Code   RO         4426    i.CAN_TransmitStatus  stm32f10x_can.o
    0x08001378   0x00000260   Code   RO         3548    i.CTR_LP            usb_int.o
    0x080015d8   0x0000002c   Code   RO         3604    i.ClearDTOG_RX      usb_regs.o
    0x08001604   0x0000002c   Code   RO         3605    i.ClearDTOG_TX      usb_regs.o
    0x08001630   0x00000020   Code   RO         3610    i.Clear_Status_Out  usb_regs.o
    0x08001650   0x000000c0   Code   RO         3397    i.DataStageIn       usb_core.o
    0x08001710   0x000000bc   Code   RO         3398    i.DataStageOut      usb_core.o
    0x080017cc   0x0000028c   Code   RO         3399    i.Data_Setup0       usb_core.o
    0x08001a58   0x00000002   Code   RO         1578    i.DebugMon_Handler  stm32f10x_it.o
    0x08001a5a   0x00000002   Code   RO         1109    i.EXTI0_IRQHandler  key.o
    0x08001a5c   0x00000002   Code   RO         1110    i.EXTI15_10_IRQHandler  key.o
    0x08001a5e   0x00000002   Code   RO         1111    i.EXTI2_IRQHandler  key.o
    0x08001a60   0x00000024   Code   RO         1112    i.EXTI4_IRQHandler  key.o
    0x08001a84   0x0000001c   Code   RO         2588    i.EXTI9_5_IRQHandler  touch.o
    0x08001aa0   0x0000000c   Code   RO         4899    i.EXTI_ClearITPendingBit  stm32f10x_exti.o
    0x08001aac   0x00000028   Code   RO         4903    i.EXTI_GetITStatus  stm32f10x_exti.o
    0x08001ad4   0x00000094   Code   RO         4904    i.EXTI_Init         stm32f10x_exti.o
    0x08001b68   0x00000002   Code   RO         1010    i.Enter_LowPowerMode  hw_config.o
    0x08001b6a   0x00000002   PAD
    0x08001b6c   0x0000001c   Code   RO         6703    i.FLASH_PrefetchBufferCmd  stm32f10x_flash.o
    0x08001b88   0x00000018   Code   RO         6708    i.FLASH_SetLatency  stm32f10x_flash.o
    0x08001ba0   0x00000034   Code   RO         4967    i.FSMC_NORSRAMCmd   stm32f10x_fsmc.o
    0x08001bd4   0x000000e0   Code   RO         4969    i.FSMC_NORSRAMInit  stm32f10x_fsmc.o
    0x08001cb4   0x00000040   Code   RO         5083    i.GPIO_EXTILineConfig  stm32f10x_gpio.o
    0x08001cf4   0x00000112   Code   RO         5086    i.GPIO_Init         stm32f10x_gpio.o
    0x08001e06   0x00000002   PAD
    0x08001e08   0x00000090   Code   RO         5088    i.GPIO_PinRemapConfig  stm32f10x_gpio.o
    0x08001e98   0x00000012   Code   RO         5090    i.GPIO_ReadInputDataBit  stm32f10x_gpio.o
    0x08001eaa   0x00000008   Code   RO         5091    i.GPIO_ReadOutputData  stm32f10x_gpio.o
    0x08001eb2   0x00000012   Code   RO         5092    i.GPIO_ReadOutputDataBit  stm32f10x_gpio.o
    0x08001ec4   0x00000004   Code   RO         5093    i.GPIO_ResetBits    stm32f10x_gpio.o
    0x08001ec8   0x00000004   Code   RO         5094    i.GPIO_SetBits      stm32f10x_gpio.o
    0x08001ecc   0x0000000a   Code   RO         5097    i.GPIO_WriteBit     stm32f10x_gpio.o
    0x08001ed6   0x00000002   PAD
    0x08001ed8   0x00000020   Code   RO         3622    i.GetEPRxAddr       usb_regs.o
    0x08001ef8   0x00000020   Code   RO         3625    i.GetEPTxAddr       usb_regs.o
    0x08001f18   0x00000034   Code   RO         1011    i.Get_SerialNum     hw_config.o
    0x08001f4c   0x00000004   Code   RO         1579    i.HardFault_Handler  stm32f10x_it.o
    0x08001f50   0x0000003c   Code   RO         2199    i.IIC1_Ack          iic.o
    0x08001f8c   0x0000003c   Code   RO         2200    i.IIC1_NAck         iic.o
    0x08001fc8   0x00000058   Code   RO         2201    i.IIC1_Read_Byte    iic.o
    0x08002020   0x00000068   Code   RO         2202    i.IIC1_Send_Byte    iic.o
    0x08002088   0x0000003c   Code   RO         2203    i.IIC1_Start        iic.o
    0x080020c4   0x0000003c   Code   RO         2204    i.IIC1_Stop         iic.o
    0x08002100   0x00000058   Code   RO         2205    i.IIC1_Wait_Ack     iic.o
    0x08002158   0x0000001a   Code   RO         2206    i.IIC_delay_us      iic.o
    0x08002172   0x00000002   PAD
    0x08002174   0x00000070   Code   RO         3400    i.In0_Process       usb_core.o
    0x080021e4   0x0000003e   Code   RO         1012    i.IntToUnicode      hw_config.o
    0x08002222   0x00000002   PAD
    0x08002224   0x00000030   Code   RO            2    i.Is_In_Area        main.o
    0x08002254   0x0000007c   Code   RO         1899    i.Joystick_Data_Setup  usb_prop.o
    0x080022d0   0x00000014   Code   RO         1900    i.Joystick_GetConfigDescriptor  usb_prop.o
    0x080022e4   0x00000014   Code   RO         1901    i.Joystick_GetDeviceDescriptor  usb_prop.o
    0x080022f8   0x00000014   Code   RO         1902    i.Joystick_GetHIDDescriptor  usb_prop.o
    0x0800230c   0x0000001c   Code   RO         1903    i.Joystick_GetProtocolValue  usb_prop.o
    0x08002328   0x00000014   Code   RO         1904    i.Joystick_GetReportDescriptor  usb_prop.o
    0x0800233c   0x00000028   Code   RO         1905    i.Joystick_GetStringDescriptor  usb_prop.o
    0x08002364   0x00000016   Code   RO         1906    i.Joystick_Get_Interface_Setting  usb_prop.o
    0x0800237a   0x00000002   PAD
    0x0800237c   0x00000024   Code   RO         1907    i.Joystick_NoData_Setup  usb_prop.o
    0x080023a0   0x000000a4   Code   RO         1908    i.Joystick_Reset    usb_prop.o
    0x08002444   0x00000018   Code   RO         1909    i.Joystick_SetConfiguration  usb_prop.o
    0x0800245c   0x0000000c   Code   RO         1910    i.Joystick_SetDeviceAddress  usb_prop.o
    0x08002468   0x00000018   Code   RO         1911    i.Joystick_SetProtocol  usb_prop.o
    0x08002480   0x00000002   Code   RO         1912    i.Joystick_Status_In  usb_prop.o
    0x08002482   0x00000002   Code   RO         1913    i.Joystick_Status_Out  usb_prop.o
    0x08002484   0x00000028   Code   RO         1914    i.Joystick_init     usb_prop.o
    0x080024ac   0x00000064   Code   RO         3076    i.LCD12864_Char_Set  lcd12864.o
    0x08002510   0x00000024   Code   RO         3078    i.LCD12864_GPIO_OUTPUT  lcd12864.o
    0x08002534   0x0000003e   Code   RO         3163    i.LCD1602_Char_Set  lcd1602.o
    0x08002572   0x00000002   PAD
    0x08002574   0x00000024   Code   RO         3164    i.LCD1602_GPIO_INPUT  lcd1602.o
    0x08002598   0x00000024   Code   RO         3165    i.LCD1602_GPIO_OUTPUT  lcd1602.o
    0x080025bc   0x00000012   Code   RO         3166    i.LCD1602_clear     lcd1602.o
    0x080025ce   0x0000001a   Code   RO         3168    i.LCD1602_readBF    lcd1602.o
    0x080025e8   0x00000050   Code   RO         3169    i.LCD1602_readbyte  lcd1602.o
    0x08002638   0x00000054   Code   RO         3170    i.LCD1602_sendbyte  lcd1602.o
    0x0800268c   0x00000064   Code   RO         3079    i.LCD_Init0         lcd12864.o
    0x080026f0   0x0000005e   Code   RO         3080    i.LCD_Init1         lcd12864.o
    0x0800274e   0x00000002   PAD
    0x08002750   0x00000010   Code   RO         3172    i.LCDa_DI           lcd1602.o
    0x08002760   0x0000006c   Code   RO         1014    i.Leave_LowPowerMode  hw_config.o
    0x080027cc   0x00000004   Code   RO         1580    i.MemManage_Handler  stm32f10x_it.o
    0x080027d0   0x00000002   Code   RO         1581    i.NMI_Handler       stm32f10x_it.o
    0x080027d2   0x00000002   Code   RO         3401    i.NOP_Process       usb_core.o
    0x080027d4   0x00000074   Code   RO         4056    i.NVIC_Init         misc.o
    0x08002848   0x00000014   Code   RO         4057    i.NVIC_PriorityGroupConfig  misc.o
    0x0800285c   0x00000014   Code   RO         4058    i.NVIC_SetVectorTable  misc.o
    0x08002870   0x00000134   Code   RO         3402    i.NoData_Setup0     usb_core.o
    0x080029a4   0x00000050   Code   RO         3403    i.Out0_Process      usb_core.o
    0x080029f4   0x00000024   Code   RO         3581    i.PMAToUserBufferCopy  usb_mem.o
    0x08002a18   0x0000000c   Code   RO         5247    i.PWR_BackupAccessCmd  stm32f10x_pwr.o
    0x08002a24   0x00000002   Code   RO         1582    i.PendSV_Handler    stm32f10x_it.o
    0x08002a26   0x00000002   PAD
    0x08002a28   0x00000048   Code   RO         3404    i.Post0_Process     usb_core.o
    0x08002a70   0x00000040   Code   RO          683    i.PowerOn           usb_pwr.o
    0x08002ab0   0x00000020   Code   RO         5312    i.RCC_AHBPeriphClockCmd  stm32f10x_rcc.o
    0x08002ad0   0x00000020   Code   RO         5313    i.RCC_APB1PeriphClockCmd  stm32f10x_rcc.o
    0x08002af0   0x00000020   Code   RO         5314    i.RCC_APB1PeriphResetCmd  stm32f10x_rcc.o
    0x08002b10   0x00000020   Code   RO         5315    i.RCC_APB2PeriphClockCmd  stm32f10x_rcc.o
    0x08002b30   0x0000000c   Code   RO         5318    i.RCC_BackupResetCmd  stm32f10x_rcc.o
    0x08002b3c   0x00000014   Code   RO         5319    i.RCC_ClearFlag     stm32f10x_rcc.o
    0x08002b50   0x0000004c   Code   RO         5322    i.RCC_DeInit        stm32f10x_rcc.o
    0x08002b9c   0x000000d4   Code   RO         5323    i.RCC_GetClocksFreq  stm32f10x_rcc.o
    0x08002c70   0x0000003c   Code   RO         5324    i.RCC_GetFlagStatus  stm32f10x_rcc.o
    0x08002cac   0x00000010   Code   RO         5326    i.RCC_GetSYSCLKSource  stm32f10x_rcc.o
    0x08002cbc   0x00000018   Code   RO         5327    i.RCC_HCLKConfig    stm32f10x_rcc.o
    0x08002cd4   0x0000004c   Code   RO         5328    i.RCC_HSEConfig     stm32f10x_rcc.o
    0x08002d20   0x00000034   Code   RO         5331    i.RCC_LSEConfig     stm32f10x_rcc.o
    0x08002d54   0x00000018   Code   RO         5334    i.RCC_PCLK1Config   stm32f10x_rcc.o
    0x08002d6c   0x00000018   Code   RO         5335    i.RCC_PCLK2Config   stm32f10x_rcc.o
    0x08002d84   0x0000000c   Code   RO         5336    i.RCC_PLLCmd        stm32f10x_rcc.o
    0x08002d90   0x0000001c   Code   RO         5337    i.RCC_PLLConfig     stm32f10x_rcc.o
    0x08002dac   0x0000000c   Code   RO         5338    i.RCC_RTCCLKCmd     stm32f10x_rcc.o
    0x08002db8   0x00000010   Code   RO         5339    i.RCC_RTCCLKConfig  stm32f10x_rcc.o
    0x08002dc8   0x00000018   Code   RO         5340    i.RCC_SYSCLKConfig  stm32f10x_rcc.o
    0x08002de0   0x0000000c   Code   RO         5341    i.RCC_USBCLKConfig  stm32f10x_rcc.o
    0x08002dec   0x00000030   Code   RO         5342    i.RCC_WaitForHSEStartUp  stm32f10x_rcc.o
    0x08002e1c   0x00000014   Code   RO         5516    i.RTC_ClearITPendingBit  stm32f10x_rtc.o
    0x08002e30   0x00000014   Code   RO         5517    i.RTC_EnterConfigMode  stm32f10x_rtc.o
    0x08002e44   0x00000014   Code   RO         5518    i.RTC_ExitConfigMode  stm32f10x_rtc.o
    0x08002e58   0x0000002c   Code   RO         5519    i.RTC_GetCounter    stm32f10x_rtc.o
    0x08002e84   0x00000024   Code   RO         5522    i.RTC_GetITStatus   stm32f10x_rtc.o
    0x08002ea8   0x00000024   Code   RO         1488    i.RTC_IRQHandler    rtc.o
    0x08002ecc   0x00000024   Code   RO         5523    i.RTC_ITConfig      stm32f10x_rtc.o
    0x08002ef0   0x0000001c   Code   RO         5525    i.RTC_SetCounter    stm32f10x_rtc.o
    0x08002f0c   0x00000020   Code   RO         5526    i.RTC_SetPrescaler  stm32f10x_rtc.o
    0x08002f2c   0x00000014   Code   RO         5527    i.RTC_WaitForLastTask  stm32f10x_rtc.o
    0x08002f40   0x00000020   Code   RO         5528    i.RTC_WaitForSynchro  stm32f10x_rtc.o
    0x08002f60   0x000000b0   Code   RO          684    i.Resume            usb_pwr.o
    0x08003010   0x00000024   Code   RO          685    i.Resume_Init       usb_pwr.o
    0x08003034   0x00000024   Code   RO         1227    i.SD_GetCSD         mmc_sd.o
    0x08003058   0x00000144   Code   RO         1228    i.SD_GetCapacity    mmc_sd.o
    0x0800319c   0x00000026   Code   RO         1229    i.SD_GetResponse    mmc_sd.o
    0x080031c2   0x0000004e   Code   RO         1230    i.SD_Idle_Sta       mmc_sd.o
    0x08003210   0x0000022c   Code   RO         1231    i.SD_Init           mmc_sd.o
    0x0800343c   0x00000074   Code   RO         1232    i.SD_ReadMultiBlock  mmc_sd.o
    0x080034b0   0x0000003c   Code   RO         1233    i.SD_ReadSingleBlock  mmc_sd.o
    0x080034ec   0x00000064   Code   RO         1235    i.SD_ReceiveData    mmc_sd.o
    0x08003550   0x00000094   Code   RO         1236    i.SD_SendCommand    mmc_sd.o
    0x080035e4   0x00000074   Code   RO         1237    i.SD_SendCommand_NoDeassert  mmc_sd.o
    0x08003658   0x00000062   Code   RO         1238    i.SD_WaitDataReady  mmc_sd.o
    0x080036ba   0x00000022   Code   RO         1239    i.SD_WaitReady      mmc_sd.o
    0x080036dc   0x000000f8   Code   RO         1240    i.SD_WriteMultiBlock  mmc_sd.o
    0x080037d4   0x000000d4   Code   RO         1241    i.SD_WriteSingleBlock  mmc_sd.o
    0x080038a8   0x00000018   Code   RO         5807    i.SPI_Cmd           stm32f10x_spi.o
    0x080038c0   0x00000012   Code   RO         5815    i.SPI_I2S_GetFlagStatus  stm32f10x_spi.o
    0x080038d2   0x00000006   Code   RO         5818    i.SPI_I2S_ReceiveData  stm32f10x_spi.o
    0x080038d8   0x00000004   Code   RO         5819    i.SPI_I2S_SendData  stm32f10x_spi.o
    0x080038dc   0x0000003c   Code   RO         5820    i.SPI_Init          stm32f10x_spi.o
    0x08003918   0x00000002   Code   RO         1583    i.SVC_Handler       stm32f10x_it.o
    0x0800391a   0x00000002   PAD
    0x0800391c   0x00000010   Code   RO         3633    i.SetBTABLE         usb_regs.o
    0x0800392c   0x00000048   Code   RO         3405    i.SetDeviceAddress  usb_core.o
    0x08003974   0x00000024   Code   RO         3647    i.SetEPRxAddr       usb_regs.o
    0x08003998   0x0000004c   Code   RO         3648    i.SetEPRxCount      usb_regs.o
    0x080039e4   0x0000003c   Code   RO         3649    i.SetEPRxStatus     usb_regs.o
    0x08003a20   0x0000002c   Code   RO         3650    i.SetEPRxValid      usb_regs.o
    0x08003a4c   0x00000020   Code   RO         3651    i.SetEPTxAddr       usb_regs.o
    0x08003a6c   0x0000001c   Code   RO         3652    i.SetEPTxCount      usb_regs.o
    0x08003a88   0x0000003c   Code   RO         3653    i.SetEPTxStatus     usb_regs.o
    0x08003ac4   0x0000002c   Code   RO         3654    i.SetEPTxValid      usb_regs.o
    0x08003af0   0x0000001c   Code   RO         3655    i.SetEPType         usb_regs.o
    0x08003b0c   0x00000012   Code   RO         1015    i.Set_USBClock      hw_config.o
    0x08003b1e   0x00000002   PAD
    0x08003b20   0x000000b8   Code   RO         3406    i.Setup0_Process    usb_core.o
    0x08003bd8   0x00000150   Code   RO         3407    i.Standard_ClearFeature  usb_core.o
    0x08003d28   0x0000002c   Code   RO         3408    i.Standard_GetConfiguration  usb_core.o
    0x08003d54   0x00000024   Code   RO         3409    i.Standard_GetDescriptorData  usb_core.o
    0x08003d78   0x0000002c   Code   RO         3410    i.Standard_GetInterface  usb_core.o
    0x08003da4   0x000000f8   Code   RO         3411    i.Standard_GetStatus  usb_core.o
    0x08003e9c   0x00000048   Code   RO         3412    i.Standard_SetConfiguration  usb_core.o
    0x08003ee4   0x00000028   Code   RO         3413    i.Standard_SetDeviceFeature  usb_core.o
    0x08003f0c   0x000000bc   Code   RO         3414    i.Standard_SetEndPointFeature  usb_core.o
    0x08003fc8   0x0000006c   Code   RO         3415    i.Standard_SetInterface  usb_core.o
    0x08004034   0x00000028   Code   RO          686    i.Suspend           usb_pwr.o
    0x0800405c   0x00000028   Code   RO         4060    i.SysTick_CLKSourceConfig  misc.o
    0x08004084   0x00000002   Code   RO         1584    i.SysTick_Handler   stm32f10x_it.o
    0x08004086   0x00000002   PAD
    0x08004088   0x00000024   Code   RO         1660    i.TIM2_IRQHandler   timer.o
    0x080040ac   0x00000018   Code   RO         5954    i.TIM_ARRPreloadConfig  stm32f10x_tim.o
    0x080040c4   0x00000006   Code   RO         5960    i.TIM_ClearFlag     stm32f10x_tim.o
    0x080040ca   0x00000006   Code   RO         5961    i.TIM_ClearITPendingBit  stm32f10x_tim.o
    0x080040d0   0x00000018   Code   RO         5966    i.TIM_Cmd           stm32f10x_tim.o
    0x080040e8   0x00000018   Code   RO         5991    i.TIM_ITConfig      stm32f10x_tim.o
    0x08004100   0x000000a4   Code   RO         6037    i.TIM_TimeBaseInit  stm32f10x_tim.o
    0x080041a4   0x00000384   Code   RO            3    i.Touch_Key_Pro     main.o
    0x08004528   0x00000460   Code   RO            4    i.Touch_To_Num      main.o
    0x08004988   0x0000005c   Code   RO         1703    i.USART1_IRQHandler  usart.o
    0x080049e4   0x00000034   Code   RO         1704    i.USART2_IRQHandler  usart.o
    0x08004a18   0x00000040   Code   RO         1705    i.USART3_IRQHandler  usart.o
    0x08004a58   0x0000001e   Code   RO         6503    i.USART_ClearITPendingBit  stm32f10x_usart.o
    0x08004a76   0x00000018   Code   RO         6506    i.USART_Cmd         stm32f10x_usart.o
    0x08004a8e   0x0000001a   Code   RO         6509    i.USART_GetFlagStatus  stm32f10x_usart.o
    0x08004aa8   0x00000054   Code   RO         6510    i.USART_GetITStatus  stm32f10x_usart.o
    0x08004afc   0x0000004a   Code   RO         6512    i.USART_ITConfig    stm32f10x_usart.o
    0x08004b46   0x00000002   PAD
    0x08004b48   0x000000d8   Code   RO         6513    i.USART_Init        stm32f10x_usart.o
    0x08004c20   0x0000000a   Code   RO         6520    i.USART_ReceiveData  stm32f10x_usart.o
    0x08004c2a   0x00000008   Code   RO         6523    i.USART_SendData    stm32f10x_usart.o
    0x08004c32   0x00000002   Code   RO         1585    i.USBWakeUp_IRQHandler  stm32f10x_it.o
    0x08004c34   0x00000020   Code   RO         1016    i.USB_Cable_Config  hw_config.o
    0x08004c54   0x0000003c   Code   RO         3520    i.USB_Init          usb_init.o
    0x08004c90   0x000000f8   Code   RO         1874    i.USB_Istr          usb_istr.o
    0x08004d88   0x00000128   Code   RO         1586    i.USB_LP_CAN1_RX0_IRQHandler  stm32f10x_it.o
    0x08004eb0   0x00000024   Code   RO         3967    i.USB_SIL_Init      usb_sil.o
    0x08004ed4   0x0000002e   Code   RO         3969    i.USB_SIL_Write     usb_sil.o
    0x08004f02   0x00000004   Code   RO         1587    i.UsageFault_Handler  stm32f10x_it.o
    0x08004f06   0x00000002   PAD
    0x08004f08   0x00000038   Code   RO         3582    i.UserToPMABufferCopy  usb_mem.o
    0x08004f40   0x00000048   Code   RO         2021    i.VS1003B_Fill2048Zero  vs1003b.o
    0x08004f88   0x00000018   Code   RO         2022    i.VS1003B_NeedData  vs1003b.o
    0x08004fa0   0x0000001a   Code   RO         2024    i.Vs1003SoftReset   vs1003b.o
    0x08004fba   0x00000002   PAD
    0x08004fbc   0x00000048   Code   RO         2025    i.Vs1003_CMD_Write  vs1003b.o
    0x08005004   0x00000144   Code   RO         2027    i.Vs1003_Init       vs1003b.o
    0x08005148   0x00000050   Code   RO         2028    i.Vs1003_REG_Read   vs1003b.o
    0x08005198   0x00000064   Code   RO         3084    i.W_1byte           lcd12864.o
    0x080051fc   0x00000068   Code   RO         3085    i.Write_8bits       lcd12864.o
    0x08005264   0x00000020   Code   RO         6889    i.__0vsprintf       mc_w.l(printfa.o)
    0x08005284   0x0000000e   Code   RO         6984    i.__scatterload_copy  mc_w.l(handlers.o)
    0x08005292   0x00000002   Code   RO         6985    i.__scatterload_null  mc_w.l(handlers.o)
    0x08005294   0x0000000e   Code   RO         6986    i.__scatterload_zeroinit  mc_w.l(handlers.o)
    0x080052a2   0x00000002   PAD
    0x080052a4   0x0000000c   Code   RO         6956    i.__set_errno       mc_w.l(errno.o)
    0x080052b0   0x00000158   Code   RO         6890    i._fp_digits        mc_w.l(printfa.o)
    0x08005408   0x00000704   Code   RO         6891    i._printf_core      mc_w.l(printfa.o)
    0x08005b0c   0x00000026   Code   RO         6892    i._printf_post_padding  mc_w.l(printfa.o)
    0x08005b32   0x00000030   Code   RO         6893    i._printf_pre_padding  mc_w.l(printfa.o)
    0x08005b62   0x0000000a   Code   RO         6895    i._sputc            mc_w.l(printfa.o)
    0x08005b6c   0x000002ec   Code   RO          780    i.auto_mount        ff.o
    0x08005e58   0x00000068   Code   RO         2365    i.bsp_adc_gpio_init  adc.o
    0x08005ec0   0x0000007c   Code   RO         2366    i.bsp_adc_init      adc.o
    0x08005f3c   0x0000003c   Code   RO         2140    i.bsp_at24c02_gpio_init  at24c02.o
    0x08005f78   0x00000024   Code   RO         2387    i.bsp_buzzer_gpio_init  buzzer.o
    0x08005f9c   0x00000008   Code   RO         2388    i.bsp_buzzer_init   buzzer.o
    0x08005fa4   0x0000004c   Code   RO         2297    i.bsp_can_gpio_init  can.o
    0x08005ff0   0x000000a4   Code   RO         2298    i.bsp_can_init      can.o
    0x08006094   0x00000020   Code   RO         2299    i.bsp_can_interrupt_init  can.o
    0x080060b4   0x00000076   Code   RO         2888    i.bsp_fsmc_lcd_init  lcd.o
    0x0800612a   0x00000002   PAD
    0x0800612c   0x0000002c   Code   RO         1017    i.bsp_init_gpio     hw_config.o
    0x08006158   0x0000004e   Code   RO         1018    i.bsp_init_interrupt  hw_config.o
    0x080061a6   0x00000002   PAD
    0x080061a8   0x000000a8   Code   RO         1706    i.bsp_init_irq_usart1  usart.o
    0x08006250   0x000000a0   Code   RO         1707    i.bsp_init_irq_usart2  usart.o
    0x080062f0   0x000000a4   Code   RO         1708    i.bsp_init_irq_usart3  usart.o
    0x08006394   0x000000f4   Code   RO         1019    i.bsp_init_rcc      hw_config.o
    0x08006488   0x0000010c   Code   RO         1489    i.bsp_init_rtc      rtc.o
    0x08006594   0x0000005c   Code   RO         1662    i.bsp_init_timer2   timer.o
    0x080065f0   0x000000a4   Code   RO         1113    i.bsp_key_gpio_init  key.o
    0x08006694   0x00000068   Code   RO         1114    i.bsp_key_interrupt_init  key.o
    0x080066fc   0x00000084   Code   RO         3086    i.bsp_lcd12864_gpio_init  lcd12864.o
    0x08006780   0x00000038   Code   RO         3087    i.bsp_lcd12864_init  lcd12864.o
    0x080067b8   0x0000005c   Code   RO         3173    i.bsp_lcd1602_gpio_init  lcd1602.o
    0x08006814   0x0000003e   Code   RO         3174    i.bsp_lcd1602_init  lcd1602.o
    0x08006852   0x00000002   PAD
    0x08006854   0x00000e34   Code   RO         2986    i.bsp_lcd28_init    lcd28.o
    0x08007688   0x000010b0   Code   RO         3245    i.bsp_lcd32_init    lcd32.o
    0x08008738   0x000002a8   Code   RO         2421    i.bsp_lcd43_init    lcd43.o
    0x080089e0   0x000005c8   Code   RO         2753    i.bsp_lcd70_init    lcd70.o
    0x08008fa8   0x000000b8   Code   RO         2889    i.bsp_lcd_gpio_init  lcd.o
    0x08009060   0x00000028   Code   RO         1169    i.bsp_led_bottom_off  led.o
    0x08009088   0x00000028   Code   RO         1170    i.bsp_led_bottom_on  led.o
    0x080090b0   0x00000028   Code   RO         1172    i.bsp_led_core_off  led.o
    0x080090d8   0x00000028   Code   RO         1173    i.bsp_led_core_on   led.o
    0x08009100   0x00000058   Code   RO         1174    i.bsp_led_core_toggle  led.o
    0x08009158   0x00000060   Code   RO         1175    i.bsp_led_gpio_init  led.o
    0x080091b8   0x000000ec   Code   RO         1354    i.bsp_nrf24l01_init  nrf24l01.o
    0x080092a4   0x00000058   Code   RO         1538    i.bsp_readwritebyte_spi2  spi.o
    0x080092fc   0x00000028   Code   RO         2257    i.bsp_rs485_gpio_init  rs485.o
    0x08009324   0x00000008   Code   RO         2258    i.bsp_rs485_init    rs485.o
    0x0800932c   0x00000040   Code   RO         1242    i.bsp_sd_gpio_init  mmc_sd.o
    0x0800936c   0x00000074   Code   RO         1540    i.bsp_set_spi2_speed  spi.o
    0x080093e0   0x00000058   Code   RO         1541    i.bsp_set_spi2_speed_mp3  spi.o
    0x08009438   0x0000001c   Code   RO         2589    i.bsp_touch_gpio_init_intettupt  touch.o
    0x08009454   0x00000010   Code   RO         2591    i.bsp_touch_init_interrupt  touch.o
    0x08009464   0x0000004c   Code   RO         2593    i.bsp_touch_nvic_init  touch.o
    0x080094b0   0x000000a4   Code   RO         2594    i.bsp_touch_spi_init  touch.o
    0x08009554   0x00000010   Code   RO         2389    i.buzzer_off        buzzer.o
    0x08009564   0x00000010   Code   RO         2390    i.buzzer_on         buzzer.o
    0x08009574   0x00000104   Code   RO         2300    i.can_interrupt     can.o
    0x08009678   0x0000013c   Code   RO         2301    i.can_polling       can.o
    0x080097b4   0x00000068   Code   RO          781    i.check_fs          ff.o
    0x0800981c   0x00000014   Code   RO          782    i.chk_chr           ff.o
    0x08009830   0x0000001a   Code   RO          783    i.clust2sect        ff.o
    0x0800984a   0x00000002   PAD
    0x0800984c   0x00000090   Code   RO         2595    i.convert2pos       touch.o
    0x080098dc   0x000000b6   Code   RO          784    i.create_chain      ff.o
    0x08009992   0x00000002   PAD
    0x08009994   0x0000014c   Code   RO          785    i.create_name       ff.o
    0x08009ae0   0x00000012   Code   RO         1020    i.delay_ms          hw_config.o
    0x08009af2   0x00000002   PAD
    0x08009af4   0x00000090   Code   RO         1021    i.delay_us          hw_config.o
    0x08009b84   0x0000005c   Code   RO          786    i.dir_find          ff.o
    0x08009be0   0x00000112   Code   RO          787    i.dir_next          ff.o
    0x08009cf2   0x00000056   Code   RO          788    i.dir_read          ff.o
    0x08009d48   0x00000078   Code   RO          789    i.dir_register      ff.o
    0x08009dc0   0x0000009c   Code   RO          791    i.dir_seek          ff.o
    0x08009e5c   0x00000020   Code   RO          731    i.disk_initialize   diskio.o
    0x08009e7c   0x00000064   Code   RO          732    i.disk_ioctl        diskio.o
    0x08009ee0   0x00000044   Code   RO          733    i.disk_read         diskio.o
    0x08009f24   0x0000000c   Code   RO          734    i.disk_status       diskio.o
    0x08009f30   0x0000003c   Code   RO          735    i.disk_write        diskio.o
    0x08009f6c   0x00000098   Code   RO            5    i.display_menu      main.o
    0x0800a004   0x00000016   Code   RO          793    i.f_close           ff.o
    0x0800a01a   0x00000002   PAD
    0x0800a01c   0x0000002c   Code   RO          797    i.f_mount           ff.o
    0x0800a048   0x00000188   Code   RO          798    i.f_open            ff.o
    0x0800a1d0   0x00000068   Code   RO          799    i.f_opendir         ff.o
    0x0800a238   0x000001ca   Code   RO          800    i.f_read            ff.o
    0x0800a402   0x00000058   Code   RO          801    i.f_readdir         ff.o
    0x0800a45a   0x000000b6   Code   RO          804    i.f_sync            ff.o
    0x0800a510   0x00000096   Code   RO          809    i.follow_path       ff.o
    0x0800a5a6   0x0000011e   Code   RO          810    i.get_fat           ff.o
    0x0800a6c4   0x00000004   Code   RO          736    i.get_fattime       diskio.o
    0x0800a6c8   0x000000bc   Code   RO          811    i.get_fileinfo      ff.o
    0x0800a784   0x000001d4   Code   RO            6    i.gpio_polling_key  main.o
    0x0800a958   0x000000bc   Code   RO         1709    i.init_usart1_buffer  usart.o
    0x0800aa14   0x00000084   Code   RO            7    i.key5_interrupt_event  main.o
    0x0800aa98   0x00000026   Code   RO         2987    i.lcd28_clear_screen  lcd28.o
    0x0800aabe   0x000000b0   Code   RO         2989    i.lcd28_draw_line   lcd28.o
    0x0800ab6e   0x00000002   PAD
    0x0800ab70   0x00000024   Code   RO         2990    i.lcd28_draw_point  lcd28.o
    0x0800ab94   0x00000030   Code   RO         2991    i.lcd28_draw_point_big  lcd28.o
    0x0800abc4   0x00000018   Code   RO         2994    i.lcd28_setcursor   lcd28.o
    0x0800abdc   0x00000154   Code   RO         2995    i.lcd28_show_char   lcd28.o
    0x0800ad30   0x0000004a   Code   RO         2997    i.lcd28_show_string  lcd28.o
    0x0800ad7a   0x00000002   PAD
    0x0800ad7c   0x0000098c   Code   RO         2596    i.lcd28_touch_adjust  touch.o
    0x0800b708   0x00000068   Code   RO         2597    i.lcd28_touch_point_draw  touch.o
    0x0800b770   0x0000000a   Code   RO         2998    i.lcd28_writeram_prepare  lcd28.o
    0x0800b77a   0x00000002   PAD
    0x0800b77c   0x00000074   Code   RO         3246    i.lcd32_clear_screen  lcd32.o
    0x0800b7f0   0x000000b0   Code   RO         3248    i.lcd32_draw_line   lcd32.o
    0x0800b8a0   0x00000024   Code   RO         3249    i.lcd32_draw_point  lcd32.o
    0x0800b8c4   0x00000030   Code   RO         3250    i.lcd32_draw_point_big  lcd32.o
    0x0800b8f4   0x00000080   Code   RO         3253    i.lcd32_set_window  lcd32.o
    0x0800b974   0x00000068   Code   RO         3254    i.lcd32_setcursor   lcd32.o
    0x0800b9dc   0x0000012c   Code   RO         3255    i.lcd32_show_char   lcd32.o
    0x0800bb08   0x0000004a   Code   RO         3257    i.lcd32_show_string  lcd32.o
    0x0800bb52   0x00000002   PAD
    0x0800bb54   0x0000098c   Code   RO         2598    i.lcd32_touch_adjust  touch.o
    0x0800c4e0   0x00000068   Code   RO         2599    i.lcd32_touch_point_draw  touch.o
    0x0800c548   0x0000000a   Code   RO         3258    i.lcd32_writeram_prepare  lcd32.o
    0x0800c552   0x00000072   Code   RO         2422    i.lcd43_clear_area  lcd43.o
    0x0800c5c4   0x00000080   Code   RO         2423    i.lcd43_clear_screen  lcd43.o
    0x0800c644   0x00000194   Code   RO         2424    i.lcd43_demo        lcd43.o
    0x0800c7d8   0x000000a8   Code   RO         2426    i.lcd43_draw_demo_icon  lcd43.o
    0x0800c880   0x00000052   Code   RO         2427    i.lcd43_draw_demo_icon_all  lcd43.o
    0x0800c8d2   0x000000a2   Code   RO         2428    i.lcd43_draw_line   lcd43.o
    0x0800c974   0x00000052   Code   RO         2429    i.lcd43_draw_point  lcd43.o
    0x0800c9c6   0x0000003a   Code   RO         2430    i.lcd43_draw_point_big  lcd43.o
    0x0800ca00   0x00000042   Code   RO         2431    i.lcd43_fill_color  lcd43.o
    0x0800ca42   0x00000074   Code   RO         2432    i.lcd43_fill_rectangle  lcd43.o
    0x0800cab6   0x00000092   Code   RO         2438    i.lcd43_show_4num   lcd43.o
    0x0800cb48   0x000000c0   Code   RO         2440    i.lcd43_show_char   lcd43.o
    0x0800cc08   0x0000015c   Code   RO         2441    i.lcd43_show_char_mode  lcd43.o
    0x0800cd64   0x0000008c   Code   RO         2442    i.lcd43_show_num    lcd43.o
    0x0800cdf0   0x00000054   Code   RO         2443    i.lcd43_show_string  lcd43.o
    0x0800ce44   0x00000050   Code   RO         2444    i.lcd43_show_string_mode  lcd43.o
    0x0800ce94   0x0000098c   Code   RO         2600    i.lcd43_touch_adjust  touch.o
    0x0800d820   0x000000e4   Code   RO         2601    i.lcd43_touch_adjust_auto  touch.o
    0x0800d904   0x0000006c   Code   RO         2602    i.lcd43_touch_point_draw  touch.o
    0x0800d970   0x00000034   Code   RO         2754    i.lcd70_clear_screen  lcd70.o
    0x0800d9a4   0x000001a0   Code   RO         2756    i.lcd70_demo        lcd70.o
    0x0800db44   0x000000a8   Code   RO         2758    i.lcd70_draw_demo_icon  lcd70.o
    0x0800dbec   0x00000052   Code   RO         2759    i.lcd70_draw_demo_icon_all  lcd70.o
    0x0800dc3e   0x000000a2   Code   RO         2760    i.lcd70_draw_line   lcd70.o
    0x0800dce0   0x00000022   Code   RO         2761    i.lcd70_draw_point  lcd70.o
    0x0800dd02   0x0000003a   Code   RO         2762    i.lcd70_draw_point_big  lcd70.o
    0x0800dd3c   0x00000040   Code   RO         2764    i.lcd70_fill_color  lcd70.o
    0x0800dd7c   0x0000004c   Code   RO         2765    i.lcd70_set_area    lcd70.o
    0x0800ddc8   0x000000ec   Code   RO         2767    i.lcd70_show_char   lcd70.o
    0x0800deb4   0x0000015c   Code   RO         2768    i.lcd70_show_char_mode  lcd70.o
    0x0800e010   0x0000008c   Code   RO         2769    i.lcd70_show_num    lcd70.o
    0x0800e09c   0x00000054   Code   RO         2770    i.lcd70_show_string  lcd70.o
    0x0800e0f0   0x00000054   Code   RO         2771    i.lcd70_show_string_mode  lcd70.o
    0x0800e144   0x0000098c   Code   RO         2603    i.lcd70_touch_adjust  touch.o
    0x0800ead0   0x0000006c   Code   RO         2605    i.lcd70_touch_point_draw  touch.o
    0x0800eb3c   0x0000000c   Code   RO         2890    i.lcd_rd_data       lcd.o
    0x0800eb48   0x00000038   Code   RO         2891    i.lcd_rst           lcd.o
    0x0800eb80   0x00000042   Code   RO         2606    i.lcd_touch_interrupt_set  touch.o
    0x0800ebc2   0x00000002   PAD
    0x0800ebc4   0x000000b4   Code   RO         2607    i.lcd_touch_read_once  touch.o
    0x0800ec78   0x0000013c   Code   RO         2608    i.lcd_touch_read_xpt2046_xy  touch.o
    0x0800edb4   0x0000000c   Code   RO         2893    i.lcd_wr_data       lcd.o
    0x0800edc0   0x00000008   Code   RO         2895    i.lcd_wr_reg        lcd.o
    0x0800edc8   0x00000010   Code   RO         2896    i.lcd_wr_reg_value  lcd.o
    0x0800edd8   0x000000ec   Code   RO            8    i.main              main.o
    0x0800eec4   0x00000026   Code   RO          812    i.mem_cmp           ff.o
    0x0800eeea   0x0000001a   Code   RO          813    i.mem_cpy           ff.o
    0x0800ef04   0x00000014   Code   RO          814    i.mem_set           ff.o
    0x0800ef18   0x00000016   Code   RO         2897    i.mn                lcd.o
    0x0800ef2e   0x00000072   Code   RO          815    i.move_window       ff.o
    0x0800efa0   0x00000050   Code   RO         1355    i.nRF24L01_Check    nrf24l01.o
    0x0800eff0   0x0000005c   Code   RO         1356    i.nRF24L01_RX_Mode  nrf24l01.o
    0x0800f04c   0x0000003c   Code   RO         1357    i.nRF24L01_Read_Buf  nrf24l01.o
    0x0800f088   0x0000002c   Code   RO         1358    i.nRF24L01_Read_Reg  nrf24l01.o
    0x0800f0b4   0x0000003a   Code   RO         1359    i.nRF24L01_RxPacket  nrf24l01.o
    0x0800f0ee   0x00000002   PAD
    0x0800f0f0   0x0000006c   Code   RO         1360    i.nRF24L01_TX_Mode  nrf24l01.o
    0x0800f15c   0x00000070   Code   RO         1361    i.nRF24L01_TxPacket  nrf24l01.o
    0x0800f1cc   0x0000003c   Code   RO         1362    i.nRF24L01_Write_Buf  nrf24l01.o
    0x0800f208   0x00000030   Code   RO         1363    i.nRF24L01_Write_Reg  nrf24l01.o
    0x0800f238   0x00000152   Code   RO          816    i.put_fat           ff.o
    0x0800f38a   0x00000020   Code   RO         1428    i.q_add_tail        queue.o
    0x0800f3aa   0x00000008   Code   RO         1429    i.q_get_count       queue.o
    0x0800f3b2   0x00000012   Code   RO         1431    i.q_remove_all      queue.o
    0x0800f3c4   0x00000018   Code   RO         1432    i.q_remove_head     queue.o
    0x0800f3dc   0x0000002a   Code   RO         1433    i.q_remove_node     queue.o
    0x0800f406   0x00000018   Code   RO         1434    i.q_remove_tail     queue.o
    0x0800f41e   0x0000008a   Code   RO         2609    i.read_xpt2046      touch.o
    0x0800f4a8   0x00000044   Code   RO         2610    i.read_xpt2046_spi  touch.o
    0x0800f4ec   0x00000040   Code   RO         2611    i.read_xpt2046_xy   touch.o
    0x0800f52c   0x00000010   Code   RO         1115    i.register_exti_key_function  key.o
    0x0800f53c   0x00000010   Code   RO         1490    i.register_rtc_function  rtc.o
    0x0800f54c   0x00000010   Code   RO         1664    i.register_timer_function  timer.o
    0x0800f55c   0x00000010   Code   RO         1710    i.register_usart_function  usart.o
    0x0800f56c   0x00000068   Code   RO          817    i.remove_chain      ff.o
    0x0800f5d4   0x00000036   Code   RO         2259    i.rs485_puts        rs485.o
    0x0800f60a   0x00000002   PAD
    0x0800f60c   0x00000014   Code   RO         2260    i.rs485_set_rx      rs485.o
    0x0800f620   0x00000014   Code   RO         2261    i.rs485_set_tx      rs485.o
    0x0800f634   0x00000058   Code   RO         1491    i.rtc_configuration  rtc.o
    0x0800f68c   0x00000064   Code   RO            9    i.rtc_event         main.o
    0x0800f6f0   0x000000d4   Code   RO           10    i.run_menu_selection  main.o
    0x0800f7c4   0x0000000c   Code   RO           11    i.service_adc       main.o
    0x0800f7d0   0x000000d0   Code   RO           12    i.service_adc12_15_start  main.o
    0x0800f8a0   0x00000104   Code   RO           13    i.service_adc12_8_start  main.o
    0x0800f9a4   0x00000104   Code   RO           14    i.service_adc12_9_start  main.o
    0x0800faa8   0x0000000c   Code   RO           15    i.service_buzzer    main.o
    0x0800fab4   0x00000018   Code   RO           16    i.service_buzzer_start  main.o
    0x0800facc   0x00000018   Code   RO           17    i.service_buzzer_stop  main.o
    0x0800fae4   0x0000000c   Code   RO           18    i.service_can       main.o
    0x0800faf0   0x00000110   Code   RO           19    i.service_can_loopback_start  main.o
    0x0800fc00   0x000002e8   Code   RO           20    i.service_can_normal_start  main.o
    0x0800fee8   0x0000000c   Code   RO           21    i.service_dac       main.o
    0x0800fef4   0x0000002c   Code   RO           22    i.service_dac1_noise_start  main.o
    0x0800ff20   0x0000000c   Code   RO           23    i.service_eeprom    main.o
    0x0800ff2c   0x00000054   Code   RO           24    i.service_eeprom_read  main.o
    0x0800ff80   0x0000006c   Code   RO           25    i.service_eeprom_write  main.o
    0x0800ffec   0x0000000c   Code   RO           26    i.service_exit      main.o
    0x0800fff8   0x0000000c   Code   RO           27    i.service_key       main.o
    0x08010004   0x000000ac   Code   RO           28    i.service_key_polling_start  main.o
    0x080100b0   0x0000000c   Code   RO           29    i.service_key_polling_stop  main.o
    0x080100bc   0x0000000c   Code   RO           30    i.service_lcd       main.o
    0x080100c8   0x0000000c   Code   RO           31    i.service_lcd12864  main.o
    0x080100d4   0x000000a0   Code   RO           32    i.service_lcd12864_start  main.o
    0x08010174   0x0000000c   Code   RO           33    i.service_lcd1602   main.o
    0x08010180   0x0000006c   Code   RO           34    i.service_lcd1602_start  main.o
    0x080101ec   0x000000c4   Code   RO           35    i.service_lcd28_start  main.o
    0x080102b0   0x000000ac   Code   RO           36    i.service_lcd28_touch_start  main.o
    0x0801035c   0x000000c8   Code   RO           37    i.service_lcd32_start  main.o
    0x08010424   0x000000ac   Code   RO           38    i.service_lcd32_touch_start  main.o
    0x080104d0   0x000000dc   Code   RO           39    i.service_lcd43_start  main.o
    0x080105ac   0x00000308   Code   RO           40    i.service_lcd43_touch_start  main.o
    0x080108b4   0x000000dc   Code   RO           41    i.service_lcd70_start  main.o
    0x08010990   0x000002f8   Code   RO           42    i.service_lcd70_touch_start  main.o
    0x08010c88   0x0000000c   Code   RO           43    i.service_led       main.o
    0x08010c94   0x0000000c   Code   RO           44    i.service_mp3       main.o
    0x08010ca0   0x000001e8   Code   RO           46    i.service_mp3play_start  main.o
    0x08010e88   0x0000000c   Code   RO           47    i.service_mp3play_stop  main.o
    0x08010e94   0x0000000c   Code   RO           48    i.service_rf        main.o
    0x08010ea0   0x000000d4   Code   RO           49    i.service_rf_start_rx  main.o
    0x08010f74   0x000000bc   Code   RO           50    i.service_rf_start_tx  main.o
    0x08011030   0x0000000c   Code   RO           51    i.service_rf_stop   main.o
    0x0801103c   0x0000000c   Code   RO           52    i.service_rs485     main.o
    0x08011048   0x000000c4   Code   RO           53    i.service_rs485_master_start  main.o
    0x0801110c   0x0000002c   Code   RO           54    i.service_rs485_slave_start  main.o
    0x08011138   0x0000000c   Code   RO           55    i.service_rtc       main.o
    0x08011144   0x00000064   Code   RO           56    i.service_rtc_start  main.o
    0x080111a8   0x00000030   Code   RO           57    i.service_rtc_stop  main.o
    0x080111d8   0x0000000c   Code   RO           58    i.service_sd        main.o
    0x080111e4   0x000000d4   Code   RO           59    i.service_sd_file_list  main.o
    0x080112b8   0x0000002c   Code   RO           60    i.service_tim2_stop  main.o
    0x080112e4   0x00000084   Code   RO           61    i.service_tim2_ticktime  main.o
    0x08011368   0x0000000c   Code   RO           62    i.service_timer     main.o
    0x08011374   0x0000000c   Code   RO           63    i.service_uart2     main.o
    0x08011380   0x00000038   Code   RO           64    i.service_uart2_start  main.o
    0x080113b8   0x0000000c   Code   RO           65    i.service_usb       main.o
    0x080113c4   0x000000c8   Code   RO           66    i.service_usb_start  main.o
    0x0801148c   0x00000030   Code   RO           67    i.service_usb_stop  main.o
    0x080114bc   0x0000001c   Code   RO           68    i.service_user_led_off  main.o
    0x080114d8   0x0000001c   Code   RO           69    i.service_user_led_on  main.o
    0x080114f4   0x0000003c   Code   RO         2612    i.spi1_write_byte   touch.o
    0x08011530   0x0000004c   Code   RO         6864    i.sqrt              m_ws.l(sqrt.o)
    0x0801157c   0x000000c8   Code   RO          818    i.sync              ff.o
    0x08011644   0x00000064   Code   RO           70    i.tim_display       main.o
    0x080116a8   0x00000016   Code   RO         1492    i.time_adjust       rtc.o
    0x080116be   0x0000001a   Code   RO         1493    i.time_regulate     rtc.o
    0x080116d8   0x0000000e   Code   RO           71    i.time_show         main.o
    0x080116e6   0x00000002   PAD
    0x080116e8   0x00000074   Code   RO           72    i.timer2_event      main.o
    0x0801175c   0x00000068   Code   RO         1711    i.usart1_get_data   usart.o
    0x080117c4   0x00000014   Code   RO         1714    i.usart1_transmit_string  usart.o
    0x080117d8   0x00000030   Code   RO         1715    i.usart1_transmit_string_format  usart.o
    0x08011808   0x00000058   Code   RO         1716    i.usart1_tx_proc    usart.o
    0x08011860   0x00000014   Code   RO         1717    i.usart2_transmit_byte  usart.o
    0x08011874   0x00000016   Code   RO         1718    i.usart2_transmit_string  usart.o
    0x0801188a   0x00000002   PAD
    0x0801188c   0x0000012c   Code   RO           73    i.usart3_event      main.o
    0x080119b8   0x00000014   Code   RO         1719    i.usart3_transmit_byte  usart.o
    0x080119cc   0x00000028   Code   RO         1721    i.usart_is_ne       usart.o
    0x080119f4   0x0000001e   Code   RO         1722    i.usart_transmit_byte  usart.o
    0x08011a12   0x00000002   PAD
    0x08011a14   0x0000009c   Code   RO         1723    i.usart_transmit_string  usart.o
    0x08011ab0   0x00000084   Code   RO           74    i.usb_mouse_control  main.o
    0x08011b34   0x0000002a   Code   RO          819    i.validate          ff.o
    0x08011b5e   0x00000002   PAD
    0x08011b60   0x00000018   Code   RO           75    i.wait_10ms         main.o
    0x08011b78   0x000000c0   Code   RO           76    i.welcome           main.o
    0x08011c38   0x00000d68   Data   RO           78    .constdata          main.o
    0x080129a0   0x00000004   Data   RO          820    .constdata          ff.o
    0x080129a4   0x00000020   Data   RO         1176    .constdata          led.o
    0x080129c4   0x0000000a   Data   RO         1364    .constdata          nrf24l01.o
    0x080129ce   0x000000bc   Data   RO         1857    .constdata          usb_desc.o
    0x08012a8a   0x0000f8e8   Data   RO         2971    .constdata          icon.o
    0x08022372   0x00001694   Data   RO         2978    .constdata          font.o
    0x08023a06   0x00000654   Data   RO           79    .conststring        main.o
    0x0802405a   0x00000002   PAD
    0x0802405c   0x00000020   Data   RO         6982    Region$$Table       anon$$obj.o


    Execution Region RW_IRAM1 (Base: 0x20000000, Size: 0x000034b0, Max: 0x0000c000, ABSOLUTE, COMPRESSED[0x000000c8])

    Base Addr    Size         Type   Attr      Idx    E Section Name        Object

    0x20000000   0x0000000c   Data   RW           80    .data               main.o
    0x2000000c   0x00000007   Data   RW          687    .data               usb_pwr.o
    0x20000013   0x00000001   PAD
    0x20000014   0x00000006   Data   RW          821    .data               ff.o
    0x2000001a   0x00000001   Data   RW         1022    .data               hw_config.o
    0x2000001b   0x00000001   PAD
    0x2000001c   0x00000008   Data   RW         1117    .data               key.o
    0x20000024   0x00000001   Data   RW         1243    .data               mmc_sd.o
    0x20000025   0x00000003   PAD
    0x20000028   0x00000008   Data   RW         1494    .data               rtc.o
    0x20000030   0x0000000c   Data   RW         1588    .data               stm32f10x_it.o
    0x2000003c   0x00000010   Data   RW         1665    .data               timer.o
    0x2000004c   0x00000024   Data   RW         1725    .data               usart.o
    0x20000070   0x0000001a   Data   RW         1858    .data               usb_desc.o
    0x2000008a   0x00000002   PAD
    0x2000008c   0x0000003e   Data   RW         1875    .data               usb_istr.o
    0x200000ca   0x00000002   PAD
    0x200000cc   0x0000009c   Data   RW         1915    .data               usb_prop.o
    0x20000168   0x00000004   Data   RW         2302    .data               can.o
    0x2000016c   0x00000026   Data   RW         2446    .data               lcd43.o
    0x20000192   0x00000002   Data   RW         2614    .data               touch.o
    0x20000194   0x00000019   Data   RW         2773    .data               lcd70.o
    0x200001ad   0x00000003   PAD
    0x200001b0   0x0000000c   Data   RW         2899    .data               lcd.o
    0x200001bc   0x00000004   Data   RW         3416    .data               usb_core.o
    0x200001c0   0x00000014   Data   RW         3522    .data               usb_init.o
    0x200001d4   0x00000004   Data   RW         3549    .data               usb_int.o
    0x200001d8   0x00000014   Data   RW         5343    .data               stm32f10x_rcc.o
    0x200001ec   0x00000004   Data   RW         6957    .data               mc_w.l(errno.o)
    0x200001f0   0x00001148   Zero   RW           77    .bss                main.o
    0x20001338   0x00001d44   Zero   RW         1724    .bss                usart.o
    0x2000307c   0x00000018   Zero   RW         2613    .bss                touch.o
    0x20003094   0x0000001c   Zero   RW         3521    .bss                usb_init.o
    0x200030b0   0x00000400   Zero   RW         3377    STACK               startup_stm32f10x_hd.o


==============================================================================

Image component sizes


      Code (inc. data)   RO Data    RW Data    ZI Data      Debug   Object Name

       228         14          0          0          0       1135   adc.o
       252          4          0          0          0       2398   at24c02.o
        76         14          0          0          0       1642   buzzer.o
       848         22          0          4          0       3623   can.o
       276          6          0          0          0       4004   diskio.o
      4936         42          4          6          0      20827   ff.o
         0          0       5780          0          0        452   font.o
       802         52          0          1          0      20488   hw_config.o
         0          0      63720          0          0        336   icon.o
       546         30          0          0          0       3709   iic.o
       326         22          0          8          0      17901   key.o
       428         30          0         12          0       4016   lcd.o
       722         30          0          0          0       4400   lcd12864.o
       512         34          0          0          0       5050   lcd1602.o
      4382        122          0          0          0       8143   lcd28.o
      5264        148          0          0          0       9218   lcd32.o
      3050        218          0         38          0      13440   lcd43.o
      3484        542          0         25          0      12638   lcd70.o
       344         40         32          0          0       3426   led.o
     11718       3510       5052         12       4424     345570   main.o
       196         32          0          0          0       3019   misc.o
      2228        150          0          1          0      11079   mmc_sd.o
       898        104         10          0          0       6389   nrf24l01.o
       148          0          0          0          0       3842   queue.o
       142         16          0          0          0       2142   rs485.o
       456        172          0          8          0       3251   rtc.o
       292         22          0          0          0       1639   spi.o
        28          4        304          0       1024        924   startup_stm32f10x_hd.o
       334         10          0          0          0       6408   stm32f10x_adc.o
        48         10          0          0          0       2976   stm32f10x_bkp.o
      1546         40          0          0          0       8284   stm32f10x_can.o
       200         18          0          0          0       2460   stm32f10x_exti.o
        52         12          0          0          0       1245   stm32f10x_flash.o
       276          6          0          0          0       2097   stm32f10x_fsmc.o
       544         10          0          0          0       7663   stm32f10x_gpio.o
       324         58          0         12          0       5051   stm32f10x_it.o
        12          6          0          0          0        586   stm32f10x_pwr.o
       876        140          0         20          0      16454   stm32f10x_rcc.o
       288         50          0          0          0       6032   stm32f10x_rtc.o
       112          0          0          0          0       4338   stm32f10x_spi.o
       248         42          0          0          0       4567   stm32f10x_tim.o
       472          6          0          0          0       7527   stm32f10x_usart.o
       144         10          0         16          0       1965   timer.o
     11776       2274          0          2         24      15551   touch.o
      1452        226          0         36       7492      12438   usart.o
      2978        284          0          4          0      15867   usb_core.o
         0          0        188         26          0       1009   usb_desc.o
        60         24          0         20         28       4362   usb_init.o
       608         30          0          4          0       1920   usb_int.o
       248         26          0         62          0       1236   usb_istr.o
        92          8          0          0          0       2020   usb_mem.o
       598        110          0        156          0      11688   usb_prop.o
       316         38          0          7          0       3674   usb_pwr.o
       620         92          0          0          0      10336   usb_regs.o
        82          8          0          0          0       1755   usb_sil.o
       598         34          0          0          0       3143   vs1003b.o

    ----------------------------------------------------------------------
     67558       8952      75124        492      12992     677353   Object Totals
         0          0         32          0          0          0   (incl. Generated)
        72          0          2         12          0          0   (incl. Padding)

    ----------------------------------------------------------------------

      Code (inc. data)   RO Data    RW Data    ZI Data      Debug   Library Member Name

        76          0          0          0          0         84   sqrt.o
        92          0          0          0          0          0   __dczerorl2.o
         0          0          0          0          0          0   entry.o
         8          4          0          0          0          0   entry2.o
         4          0          0          0          0          0   entry5.o
         0          0          0          0          0          0   entry7b.o
         8          4          0          0          0          0   entry8.o
        12          6          0          4          0         68   errno.o
        30          0          0          0          0          0   handlers.o
        36          8          0          0          0         68   init.o
         0          0          0          0          0          0   iusefp.o
        30          0          0          0          0         68   llshl.o
        36          0          0          0          0         68   llsshr.o
        32          0          0          0          0         68   llushr.o
        36          0          0          0          0         68   memcpya.o
        38          0          0          0          0        108   memseta.o
      2268         82          0          0          0        508   printfa.o
        16          0          0          0          0         68   strlen.o
        44          0          0          0          0         80   uidiv.o
        98          0          0          0          0         92   uldiv.o
        40          2          0          0          0         68   cdcmple.o
        40          2          0          0          0         68   cdrcmple.o
        20          0          0          0          0         68   cfcmple.o
       332          0          0          0          0        148   dadd.o
       222          0          0          0          0        100   ddiv.o
       190          0          0          0          0        176   depilogue.o
        46          0          0          0          0         68   dfixui.o
        48          0          0          0          0         68   dfixul.o
        26          0          0          0          0         76   dfltui.o
       224          0          0          0          0         96   dmul.o
       162          0          0          0          0        100   dsqrt.o
        44          0          0          0          0         68   f2d.o
       176          0          0          0          0        140   fadd.o
       128          0          0          0          0         88   fdiv.o
       108          0          0          0          0        168   fepilogue.o
        50          0          0          0          0         68   ffixi.o
        40          0          0          0          0         68   ffixui.o
        18          0          0          0          0         68   fflti.o
        10          0          0          0          0         68   ffltui.o
       108          0          0          0          0         76   fmul.o

    ----------------------------------------------------------------------
      4898        108          0          4          0       3196   Library Totals
         2          0          0          0          0          0   (incl. Padding)

    ----------------------------------------------------------------------

      Code (inc. data)   RO Data    RW Data    ZI Data      Debug   Library Name

        76          0          0          0          0         84   m_ws.l
      2788        104          0          4          0       1264   mc_w.l
      2032          4          0          0          0       1848   mf_w.l

    ----------------------------------------------------------------------
      4898        108          0          4          0       3196   Library Totals

    ----------------------------------------------------------------------

==============================================================================


      Code (inc. data)   RO Data    RW Data    ZI Data      Debug   

     72456       9060      75124        496      12992     653353   Grand Totals
     72456       9060      75124        200      12992     653353   ELF Image Totals (compressed)
     72456       9060      75124        200          0          0   ROM Totals

==============================================================================

    Total RO  Size (Code + RO Data)               147580 ( 144.12kB)
    Total RW  Size (RW Data + ZI Data)             13488 (  13.17kB)
    Total ROM Size (Code + RO Data + RW Data)     147780 ( 144.32kB)

==============================================================================

