<html>
<body>
<pre>
<h1>µVision Build Log</h1>
<h2>Project:</h2>
D:\01.Projects\JKElectronics\STM32\High_Module\sw\stm32_high\lib\STM32_USB-FS-Device_Lib_V3.4.0\Project\JoyStickMouse\MDK-ARM\JoyStickMouse.uvproj
Project File Date:  08/17/2012

<h2>Output:</h2>
Build target 'STM32L152D-EVAL'
compiling misc.c...
compiling hw_config.c...
..\inc\platform_config.h(53): error:  #35: #error directive: "Missing define: USE_STM3210B_EVAL, USE_STM3210E_EVAL or USE_STM3210C_EVAL"
compiling main.c...
..\inc\platform_config.h(53): error:  #35: #error directive: "Missing define: USE_STM3210B_EVAL, USE_STM3210E_EVAL or USE_STM3210C_EVAL"
compiling usb_desc.c...
..\inc\platform_config.h(53): error:  #35: #error directive: "Missing define: USE_STM3210B_EVAL, USE_STM3210E_EVAL or USE_STM3210C_EVAL"
compiling usb_istr.c...
..\inc\platform_config.h(53): error:  #35: #error directive: "Missing define: USE_STM3210B_EVAL, USE_STM3210E_EVAL or USE_STM3210C_EVAL"
compiling usb_prop.c...
..\inc\platform_config.h(53): error:  #35: #error directive: "Missing define: USE_STM3210B_EVAL, USE_STM3210E_EVAL or USE_STM3210C_EVAL"
compiling usb_pwr.c...
..\inc\platform_config.h(53): error:  #35: #error directive: "Missing define: USE_STM3210B_EVAL, USE_STM3210E_EVAL or USE_STM3210C_EVAL"
compiling usb_endp.c...
..\inc\platform_config.h(53): error:  #35: #error directive: "Missing define: USE_STM3210B_EVAL, USE_STM3210E_EVAL or USE_STM3210C_EVAL"
compiling stm32_it.c...
..\inc\platform_config.h(53): error:  #35: #error directive: "Missing define: USE_STM3210B_EVAL, USE_STM3210E_EVAL or USE_STM3210C_EVAL"
assembling startup_stm32f10x_hd.s...
compiling usb_core.c...
..\inc\platform_config.h(53): error:  #35: #error directive: "Missing define: USE_STM3210B_EVAL, USE_STM3210E_EVAL or USE_STM3210C_EVAL"
compiling usb_init.c...
..\inc\platform_config.h(53): error:  #35: #error directive: "Missing define: USE_STM3210B_EVAL, USE_STM3210E_EVAL or USE_STM3210C_EVAL"
compiling usb_int.c...
..\inc\platform_config.h(53): error:  #35: #error directive: "Missing define: USE_STM3210B_EVAL, USE_STM3210E_EVAL or USE_STM3210C_EVAL"
compiling usb_mem.c...
..\inc\platform_config.h(53): error:  #35: #error directive: "Missing define: USE_STM3210B_EVAL, USE_STM3210E_EVAL or USE_STM3210C_EVAL"
compiling usb_regs.c...
..\inc\platform_config.h(53): error:  #35: #error directive: "Missing define: USE_STM3210B_EVAL, USE_STM3210E_EVAL or USE_STM3210C_EVAL"
compiling otgd_fs_cal.c...
compiling otgd_fs_dev.c...
compiling otgd_fs_int.c...
compiling otgd_fs_pcd.c...
compiling usb_sil.c...
..\inc\platform_config.h(53): error:  #35: #error directive: "Missing define: USE_STM3210B_EVAL, USE_STM3210E_EVAL or USE_STM3210C_EVAL"
compiling stm32f10x_pwr.c...
compiling stm32f10x_rcc.c...
compiling stm32f10x_exti.c...
compiling stm32f10x_gpio.c...
compiling stm32f10x_i2c.c...
compiling stm32f10x_usart.c...
compiling stm32f10x_flash.c...
compiling stm32f10x_spi.c...
compiling stm32f10x_dma.c...
compiling stm32f10x_sdio.c...
compiling stm32l152d_eval.c...
..\..\..\Utilities\STM32_EVAL\STM32L152D_EVAL\stm32l152d_eval.h(38): error:  #5: cannot open source input file "stm32l1xx.h": No such file or directory
Target not created
Build target 'STM32L152D-EVAL'
compiling hw_config.c...
..\inc\platform_config.h(53): error:  #35: #error directive: "Missing define: USE_STM3210B_EVAL, USE_STM3210E_EVAL or USE_STM3210C_EVAL"
compiling main.c...
..\inc\platform_config.h(53): error:  #35: #error directive: "Missing define: USE_STM3210B_EVAL, USE_STM3210E_EVAL or USE_STM3210C_EVAL"
compiling usb_desc.c...
..\inc\platform_config.h(53): error:  #35: #error directive: "Missing define: USE_STM3210B_EVAL, USE_STM3210E_EVAL or USE_STM3210C_EVAL"
compiling usb_istr.c...
..\inc\platform_config.h(53): error:  #35: #error directive: "Missing define: USE_STM3210B_EVAL, USE_STM3210E_EVAL or USE_STM3210C_EVAL"
compiling usb_prop.c...
..\inc\platform_config.h(53): error:  #35: #error directive: "Missing define: USE_STM3210B_EVAL, USE_STM3210E_EVAL or USE_STM3210C_EVAL"
compiling usb_pwr.c...
..\inc\platform_config.h(53): error:  #35: #error directive: "Missing define: USE_STM3210B_EVAL, USE_STM3210E_EVAL or USE_STM3210C_EVAL"
compiling usb_endp.c...
..\inc\platform_config.h(53): error:  #35: #error directive: "Missing define: USE_STM3210B_EVAL, USE_STM3210E_EVAL or USE_STM3210C_EVAL"
compiling stm32_it.c...
..\inc\platform_config.h(53): error:  #35: #error directive: "Missing define: USE_STM3210B_EVAL, USE_STM3210E_EVAL or USE_STM3210C_EVAL"
assembling startup_stm32f10x_hd.s...
compiling usb_core.c...
..\inc\platform_config.h(53): error:  #35: #error directive: "Missing define: USE_STM3210B_EVAL, USE_STM3210E_EVAL or USE_STM3210C_EVAL"
compiling usb_init.c...
..\inc\platform_config.h(53): error:  #35: #error directive: "Missing define: USE_STM3210B_EVAL, USE_STM3210E_EVAL or USE_STM3210C_EVAL"
compiling usb_int.c...
..\inc\platform_config.h(53): error:  #35: #error directive: "Missing define: USE_STM3210B_EVAL, USE_STM3210E_EVAL or USE_STM3210C_EVAL"
compiling usb_mem.c...
..\inc\platform_config.h(53): error:  #35: #error directive: "Missing define: USE_STM3210B_EVAL, USE_STM3210E_EVAL or USE_STM3210C_EVAL"
compiling usb_regs.c...
..\inc\platform_config.h(53): error:  #35: #error directive: "Missing define: USE_STM3210B_EVAL, USE_STM3210E_EVAL or USE_STM3210C_EVAL"
compiling usb_sil.c...
..\inc\platform_config.h(53): error:  #35: #error directive: "Missing define: USE_STM3210B_EVAL, USE_STM3210E_EVAL or USE_STM3210C_EVAL"
Target not created
Build target 'STM32L152D-EVAL'
compiling hw_config.c...
..\inc\platform_config.h(53): error:  #35: #error directive: "Missing define: USE_STM3210B_EVAL, USE_STM3210E_EVAL or USE_STM3210C_EVAL"
compiling main.c...
..\inc\platform_config.h(53): error:  #35: #error directive: "Missing define: USE_STM3210B_EVAL, USE_STM3210E_EVAL or USE_STM3210C_EVAL"
compiling usb_desc.c...
..\inc\platform_config.h(53): error:  #35: #error directive: "Missing define: USE_STM3210B_EVAL, USE_STM3210E_EVAL or USE_STM3210C_EVAL"
compiling usb_istr.c...
..\inc\platform_config.h(53): error:  #35: #error directive: "Missing define: USE_STM3210B_EVAL, USE_STM3210E_EVAL or USE_STM3210C_EVAL"
compiling usb_prop.c...
..\inc\platform_config.h(53): error:  #35: #error directive: "Missing define: USE_STM3210B_EVAL, USE_STM3210E_EVAL or USE_STM3210C_EVAL"
compiling usb_pwr.c...
..\inc\platform_config.h(53): error:  #35: #error directive: "Missing define: USE_STM3210B_EVAL, USE_STM3210E_EVAL or USE_STM3210C_EVAL"
compiling usb_endp.c...
..\inc\platform_config.h(53): error:  #35: #error directive: "Missing define: USE_STM3210B_EVAL, USE_STM3210E_EVAL or USE_STM3210C_EVAL"
compiling stm32_it.c...
..\inc\platform_config.h(53): error:  #35: #error directive: "Missing define: USE_STM3210B_EVAL, USE_STM3210E_EVAL or USE_STM3210C_EVAL"
assembling startup_stm32f10x_hd.s...
compiling usb_core.c...
..\inc\platform_config.h(53): error:  #35: #error directive: "Missing define: USE_STM3210B_EVAL, USE_STM3210E_EVAL or USE_STM3210C_EVAL"
compiling usb_init.c...
..\inc\platform_config.h(53): error:  #35: #error directive: "Missing define: USE_STM3210B_EVAL, USE_STM3210E_EVAL or USE_STM3210C_EVAL"
compiling usb_int.c...
..\inc\platform_config.h(53): error:  #35: #error directive: "Missing define: USE_STM3210B_EVAL, USE_STM3210E_EVAL or USE_STM3210C_EVAL"
compiling usb_mem.c...
..\inc\platform_config.h(53): error:  #35: #error directive: "Missing define: USE_STM3210B_EVAL, USE_STM3210E_EVAL or USE_STM3210C_EVAL"
compiling usb_regs.c...
..\inc\platform_config.h(53): error:  #35: #error directive: "Missing define: USE_STM3210B_EVAL, USE_STM3210E_EVAL or USE_STM3210C_EVAL"
compiling usb_sil.c...
..\inc\platform_config.h(53): error:  #35: #error directive: "Missing define: USE_STM3210B_EVAL, USE_STM3210E_EVAL or USE_STM3210C_EVAL"
Target not created
Build target 'STM32L152D-EVAL'
compiling misc.c...
compiling hw_config.c...
..\inc\platform_config.h(48): error:  #5: cannot open source input file "stm3210e_eval.h": No such file or directory
compiling main.c...
..\inc\platform_config.h(48): error:  #5: cannot open source input file "stm3210e_eval.h": No such file or directory
compiling usb_desc.c...
..\inc\platform_config.h(48): error:  #5: cannot open source input file "stm3210e_eval.h": No such file or directory
compiling usb_istr.c...
..\inc\platform_config.h(48): error:  #5: cannot open source input file "stm3210e_eval.h": No such file or directory
compiling usb_prop.c...
..\inc\platform_config.h(48): error:  #5: cannot open source input file "stm3210e_eval.h": No such file or directory
compiling usb_pwr.c...
..\inc\platform_config.h(48): error:  #5: cannot open source input file "stm3210e_eval.h": No such file or directory
compiling usb_endp.c...
..\inc\platform_config.h(48): error:  #5: cannot open source input file "stm3210e_eval.h": No such file or directory
compiling stm32_it.c...
..\inc\platform_config.h(48): error:  #5: cannot open source input file "stm3210e_eval.h": No such file or directory
assembling startup_stm32f10x_hd.s...
compiling usb_core.c...
..\inc\platform_config.h(48): error:  #5: cannot open source input file "stm3210e_eval.h": No such file or directory
compiling usb_init.c...
..\inc\platform_config.h(48): error:  #5: cannot open source input file "stm3210e_eval.h": No such file or directory
compiling usb_int.c...
..\inc\platform_config.h(48): error:  #5: cannot open source input file "stm3210e_eval.h": No such file or directory
compiling usb_mem.c...
..\inc\platform_config.h(48): error:  #5: cannot open source input file "stm3210e_eval.h": No such file or directory
compiling usb_regs.c...
..\inc\platform_config.h(48): error:  #5: cannot open source input file "stm3210e_eval.h": No such file or directory
compiling otgd_fs_cal.c...
compiling otgd_fs_dev.c...
compiling otgd_fs_int.c...
compiling otgd_fs_pcd.c...
compiling usb_sil.c...
..\inc\platform_config.h(48): error:  #5: cannot open source input file "stm3210e_eval.h": No such file or directory
compiling stm32f10x_pwr.c...
compiling stm32f10x_rcc.c...
compiling stm32f10x_exti.c...
compiling stm32f10x_gpio.c...
compiling stm32f10x_i2c.c...
compiling stm32f10x_usart.c...
compiling stm32f10x_flash.c...
compiling stm32f10x_spi.c...
compiling stm32f10x_dma.c...
compiling stm32f10x_sdio.c...
Target not created
Build target 'STM32L152D-EVAL'
compiling hw_config.c...
..\src\hw_config.c(114): warning:  #223-D: function "STM_EVAL_PBInit" declared implicitly
..\src\hw_config.c(114): error:  #20: identifier "Button_RIGHT" is undefined
..\src\hw_config.c(114): error:  #20: identifier "Mode_GPIO" is undefined
..\src\hw_config.c(115): error:  #20: identifier "Button_LEFT" is undefined
..\src\hw_config.c(116): error:  #20: identifier "Button_UP" is undefined
..\src\hw_config.c(117): error:  #20: identifier "Button_DOWN" is undefined
..\src\hw_config.c(124): error:  #20: identifier "Button_KEY" is undefined
..\src\hw_config.c(124): error:  #20: identifier "Mode_EXTI" is undefined
..\src\hw_config.c(133): error:  #20: identifier "KEY_BUTTON_EXTI_LINE" is undefined
..\src\hw_config.c(221): error:  #20: identifier "KEY_BUTTON_EXTI_LINE" is undefined
..\src\hw_config.c(339): error:  #20: identifier "KEY_BUTTON_EXTI_IRQn" is undefined
..\src\hw_config.c(401): warning:  #223-D: function "STM_EVAL_PBGetState" declared implicitly
..\src\hw_config.c(401): error:  #20: identifier "Button_RIGHT" is undefined
..\src\hw_config.c(403): error:  #20: identifier "JOY_RIGHT" is undefined
..\src\hw_config.c(406): error:  #20: identifier "Button_LEFT" is undefined
..\src\hw_config.c(408): error:  #20: identifier "JOY_LEFT" is undefined
..\src\hw_config.c(411): error:  #20: identifier "Button_UP" is undefined
..\src\hw_config.c(413): error:  #20: identifier "JOY_UP" is undefined
..\src\hw_config.c(416): error:  #20: identifier "Button_DOWN" is undefined
..\src\hw_config.c(418): error:  #20: identifier "JOY_DOWN" is undefined
..\src\hw_config.c(443): error:  #20: identifier "JOY_LEFT" is undefined
..\src\hw_config.c(446): error:  #20: identifier "JOY_RIGHT" is undefined
..\src\hw_config.c(450): error:  #20: identifier "JOY_UP" is undefined
..\src\hw_config.c(453): error:  #20: identifier "JOY_DOWN" is undefined
compiling main.c...
compiling usb_desc.c...
compiling usb_istr.c...
compiling usb_prop.c...
compiling usb_pwr.c...
compiling usb_endp.c...
compiling stm32_it.c...
..\src\stm32_it.c(211): error:  #20: identifier "KEY_BUTTON_EXTI_LINE" is undefined
assembling startup_stm32f10x_hd.s...
compiling usb_core.c...
compiling usb_init.c...
compiling usb_int.c...
compiling usb_mem.c...
compiling usb_regs.c...
compiling usb_sil.c...
Target not created
Build target 'STM32L152D-EVAL'
compiling hw_config.c...
..\src\hw_config.c(199): error:  #20: identifier "KEY_BUTTON_EXTI_LINE" is undefined
..\src\hw_config.c(317): error:  #20: identifier "KEY_BUTTON_EXTI_IRQn" is undefined
..\src\hw_config.c(379): warning:  #223-D: function "STM_EVAL_PBGetState" declared implicitly
..\src\hw_config.c(379): error:  #20: identifier "Button_RIGHT" is undefined
..\src\hw_config.c(381): error:  #20: identifier "JOY_RIGHT" is undefined
..\src\hw_config.c(384): error:  #20: identifier "Button_LEFT" is undefined
..\src\hw_config.c(386): error:  #20: identifier "JOY_LEFT" is undefined
..\src\hw_config.c(389): error:  #20: identifier "Button_UP" is undefined
..\src\hw_config.c(391): error:  #20: identifier "JOY_UP" is undefined
..\src\hw_config.c(394): error:  #20: identifier "Button_DOWN" is undefined
..\src\hw_config.c(396): error:  #20: identifier "JOY_DOWN" is undefined
..\src\hw_config.c(421): error:  #20: identifier "JOY_LEFT" is undefined
..\src\hw_config.c(424): error:  #20: identifier "JOY_RIGHT" is undefined
..\src\hw_config.c(428): error:  #20: identifier "JOY_UP" is undefined
..\src\hw_config.c(431): error:  #20: identifier "JOY_DOWN" is undefined
compiling stm32_it.c...
assembling startup_stm32f10x_hd.s...
Target not created
Build target 'STM32L152D-EVAL'
compiling hw_config.c...
..\src\hw_config.c(393): error:  #20: identifier "JOY_LEFT" is undefined
..\src\hw_config.c(396): error:  #20: identifier "JOY_RIGHT" is undefined
..\src\hw_config.c(400): error:  #20: identifier "JOY_UP" is undefined
..\src\hw_config.c(403): error:  #20: identifier "JOY_DOWN" is undefined
assembling startup_stm32f10x_hd.s...
Target not created
Build target 'STM32L152D-EVAL'
compiling hw_config.c...
assembling startup_stm32f10x_hd.s...
linking...
.\STM32L152D-EVAL\STM32L152D-EVAL.axf: Error: L6218E: Undefined symbol SystemInit (referred from startup_stm32f10x_hd.o).
Target not created
Build target 'STM32L152D-EVAL'
compiling system_stm32f10x.c...
assembling startup_stm32f10x_hd.s...
linking...
Program Size: Code=5628 RO-data=536 RW-data=280 ZI-data=1056  
".\STM32L152D-EVAL\STM32L152D-EVAL.axf" - 0 Error(s), 0 Warning(s).
