ARM Linker, 4.1 [Build 894] [Standard][RL-ARM]

==============================================================================

Section Cross References

    hw_config.o(i.Audio_Config) refers to misc.o(i.NVIC_Init) for NVIC_Init
    hw_config.o(i.Enter_LowPowerMode) refers to usb_pwr.o(.data) for bDeviceState
    hw_config.o(i.Get_SerialNum) refers to hw_config.o(i.IntToUnicode) for IntToUnicode
    hw_config.o(i.Get_SerialNum) refers to usb_desc.o(.data) for Speaker_StringSerial
    hw_config.o(i.Leave_LowPowerMode) refers to usb_init.o(.bss) for Device_Info
    hw_config.o(i.Leave_LowPowerMode) refers to usb_pwr.o(.data) for bDeviceState
    hw_config.o(i.Set_System) refers to stm32l1xx_rcc.o(i.RCC_APB2PeriphClockCmd) for RCC_APB2PeriphClockCmd
    hw_config.o(i.Set_System) refers to hw_config.o(i.USB_Cable_Config) for USB_Cable_Config
    hw_config.o(i.Set_USBClock) refers to stm32l1xx_rcc.o(i.RCC_APB1PeriphClockCmd) for RCC_APB1PeriphClockCmd
    hw_config.o(i.Speaker_Config) refers to stm32l1xx_rcc.o(i.RCC_APB1PeriphClockCmd) for RCC_APB1PeriphClockCmd
    hw_config.o(i.Speaker_Config) refers to stm32l1xx_rcc.o(i.RCC_AHBPeriphClockCmd) for RCC_AHBPeriphClockCmd
    hw_config.o(i.Speaker_Config) refers to stm32l1xx_gpio.o(i.GPIO_Init) for GPIO_Init
    hw_config.o(i.Speaker_Config) refers to stm32l1xx_tim.o(i.TIM_DeInit) for TIM_DeInit
    hw_config.o(i.Speaker_Config) refers to stm32l1xx_tim.o(i.TIM_SetAutoreload) for TIM_SetAutoreload
    hw_config.o(i.Speaker_Config) refers to stm32l1xx_tim.o(i.TIM_SelectOutputTrigger) for TIM_SelectOutputTrigger
    hw_config.o(i.Speaker_Config) refers to stm32l1xx_tim.o(i.TIM_ITConfig) for TIM_ITConfig
    hw_config.o(i.Speaker_Config) refers to stm32l1xx_dac.o(i.DAC_DeInit) for DAC_DeInit
    hw_config.o(i.Speaker_Config) refers to stm32l1xx_dac.o(i.DAC_StructInit) for DAC_StructInit
    hw_config.o(i.Speaker_Config) refers to stm32l1xx_dac.o(i.DAC_Init) for DAC_Init
    hw_config.o(i.Speaker_Config) refers to stm32l1xx_dac.o(i.DAC_Cmd) for DAC_Cmd
    hw_config.o(i.Speaker_Config) refers to stm32l1xx_tim.o(i.TIM_Cmd) for TIM_Cmd
    hw_config.o(i.Speaker_Config) refers to system_stm32l1xx.o(.data) for SystemCoreClock
    hw_config.o(i.USB_Cable_Config) refers to stm32l1xx_syscfg.o(i.SYSCFG_USBPuCmd) for SYSCFG_USBPuCmd
    hw_config.o(i.USB_Config) refers to misc.o(i.NVIC_PriorityGroupConfig) for NVIC_PriorityGroupConfig
    hw_config.o(i.USB_Config) refers to misc.o(i.NVIC_Init) for NVIC_Init
    hw_config.o(i.USB_Config) refers to hw_config.o(i.Audio_Config) for Audio_Config
    main.o(i.main) refers to hw_config.o(i.Set_System) for Set_System
    main.o(i.main) refers to hw_config.o(i.Set_USBClock) for Set_USBClock
    main.o(i.main) refers to hw_config.o(i.USB_Config) for USB_Config
    main.o(i.main) refers to usb_init.o(i.USB_Init) for USB_Init
    main.o(i.main) refers to hw_config.o(i.Speaker_Config) for Speaker_Config
    usb_endp.o(i.EP1_OUT_Callback) refers to usb_regs.o(i.GetENDPOINT) for GetENDPOINT
    usb_endp.o(i.EP1_OUT_Callback) refers to usb_regs.o(i.GetEPDblBuf0Count) for GetEPDblBuf0Count
    usb_endp.o(i.EP1_OUT_Callback) refers to usb_regs.o(i.GetEPDblBuf1Count) for GetEPDblBuf1Count
    usb_endp.o(i.EP1_OUT_Callback) refers to usb_mem.o(i.PMAToUserBufferCopy) for PMAToUserBufferCopy
    usb_endp.o(i.EP1_OUT_Callback) refers to usb_regs.o(i.FreeUserBuffer) for FreeUserBuffer
    usb_endp.o(i.EP1_OUT_Callback) refers to usb_endp.o(.bss) for .bss
    usb_endp.o(i.EP1_OUT_Callback) refers to usb_endp.o(.data) for .data
    usb_istr.o(i.SOF_Callback) refers to usb_endp.o(.data) for In_Data_Offset
    usb_istr.o(i.SOF_Callback) refers to stm32_it.o(.data) for Out_Data_Offset
    usb_istr.o(i.USB_Istr) refers to usb_int.o(i.CTR_LP) for CTR_LP
    usb_istr.o(i.USB_Istr) refers to usb_istr.o(i.SOF_Callback) for SOF_Callback
    usb_istr.o(i.USB_Istr) refers to usb_istr.o(.data) for .data
    usb_istr.o(i.USB_Istr) refers to usb_init.o(.data) for wInterrupt_Mask
    usb_istr.o(i.USB_Istr) refers to usb_prop.o(.data) for Device_Property
    usb_istr.o(.data) refers to usb_core.o(i.NOP_Process) for NOP_Process
    usb_istr.o(.data) refers to usb_endp.o(i.EP1_OUT_Callback) for EP1_OUT_Callback
    usb_istr.o(.data) refers to usb_core.o(i.NOP_Process) for NOP_Process
    usb_prop.o(i.Mute_Command) refers to usb_prop.o(.data) for .data
    usb_prop.o(i.Mute_Command) refers to usb_init.o(.data) for pInformation
    usb_prop.o(i.Speaker_Data_Setup) refers to usb_prop.o(i.Mute_Command) for Mute_Command
    usb_prop.o(i.Speaker_Data_Setup) refers to usb_init.o(.data) for pInformation
    usb_prop.o(i.Speaker_GetConfigDescriptor) refers to usb_core.o(i.Standard_GetDescriptorData) for Standard_GetDescriptorData
    usb_prop.o(i.Speaker_GetConfigDescriptor) refers to usb_prop.o(.data) for .data
[...]
    entry.o(.ARM.Collect$$$$00000000) refers (Special) to entry7b.o(.ARM.Collect$$$$00000008) for _main_clock
    entry.o(.ARM.Collect$$$$00000000) refers (Special) to entry8.o(.ARM.Collect$$$$00000009) for _main_init
    entry.o(.ARM.Collect$$$$00000000) refers (Special) to entry5.o(.ARM.Collect$$$$00000004) for _main_scatterload
    entry.o(.ARM.Collect$$$$00000000) refers (Special) to entry2.o(.ARM.Collect$$$$00000001) for _main_stk
    entry2.o(.ARM.Collect$$$$00000001) refers to entry2.o(.ARM.Collect$$$$00002712) for __lit__00000000
    entry2.o(.ARM.Collect$$$$00002712) refers to startup_stm32l1xx_md.o(STACK) for __initial_sp
    entry2.o(__vectab_stack_and_reset_area) refers to startup_stm32l1xx_md.o(STACK) for __initial_sp
    entry2.o(__vectab_stack_and_reset_area) refers to entry.o(.ARM.Collect$$$$00000000) for __main
    entry5.o(.ARM.Collect$$$$00000004) refers to init.o(.text) for __scatterload
    entry8.o(.ARM.Collect$$$$00000009) refers to main.o(i.main) for main
    init.o(.text) refers to entry5.o(.ARM.Collect$$$$00000004) for __main_after_scatterload


==============================================================================

Removing Unused input sections from the image.

    Removing hw_config.o(.rev16_text), (4 bytes).
    Removing hw_config.o(.revsh_text), (4 bytes).
    Removing hw_config.o(i.Enter_LowPowerMode), (12 bytes).
    Removing hw_config.o(i.Leave_LowPowerMode), (28 bytes).
    Removing hw_config.o(.data), (1 bytes).
    Removing main.o(.rev16_text), (4 bytes).
    Removing main.o(.revsh_text), (4 bytes).
    Removing usb_desc.o(.rev16_text), (4 bytes).
    Removing usb_desc.o(.revsh_text), (4 bytes).
    Removing usb_endp.o(.rev16_text), (4 bytes).
    Removing usb_endp.o(.revsh_text), (4 bytes).
    Removing usb_istr.o(.rev16_text), (4 bytes).
    Removing usb_istr.o(.revsh_text), (4 bytes).
    Removing usb_prop.o(.rev16_text), (4 bytes).
    Removing usb_prop.o(.revsh_text), (4 bytes).
    Removing usb_pwr.o(.rev16_text), (4 bytes).
    Removing usb_pwr.o(.revsh_text), (4 bytes).
    Removing usb_pwr.o(i.PowerOff), (32 bytes).
    Removing usb_pwr.o(i.Resume), (124 bytes).
    Removing usb_pwr.o(i.Resume_Init), (32 bytes).
    Removing usb_pwr.o(i.Suspend), (32 bytes).
    Removing usb_pwr.o(.data), (1 bytes).
    Removing usb_pwr.o(.data), (2 bytes).
    Removing misc.o(.rev16_text), (4 bytes).
    Removing misc.o(.revsh_text), (4 bytes).
    Removing misc.o(i.NVIC_SetVectorTable), (20 bytes).
    Removing misc.o(i.NVIC_SystemLPConfig), (24 bytes).
    Removing misc.o(i.SysTick_CLKSourceConfig), (24 bytes).
    Removing stm32_it.o(.rev16_text), (4 bytes).
    Removing stm32_it.o(.revsh_text), (4 bytes).
    Removing stm32_it.o(i.USB_HP_CAN1_TX_IRQHandler), (4 bytes).
    Removing stm32_it.o(i.USB_LP_CAN1_RX0_IRQHandler), (4 bytes).
    Removing startup_stm32l1xx_md.o(HEAP), (512 bytes).
    Removing system_stm32l1xx.o(.rev16_text), (4 bytes).
    Removing system_stm32l1xx.o(.revsh_text), (4 bytes).
    Removing system_stm32l1xx.o(i.SystemCoreClockUpdate), (140 bytes).
    Removing usb_core.o(.rev16_text), (4 bytes).
    Removing usb_core.o(.revsh_text), (4 bytes).
    Removing usb_init.o(.rev16_text), (4 bytes).
    Removing usb_init.o(.revsh_text), (4 bytes).
    Removing usb_init.o(.data), (2 bytes).
    Removing usb_int.o(.rev16_text), (4 bytes).
    Removing usb_int.o(.revsh_text), (4 bytes).
    Removing usb_mem.o(.rev16_text), (4 bytes).
    Removing usb_mem.o(.revsh_text), (4 bytes).
    Removing usb_regs.o(.rev16_text), (4 bytes).
    Removing usb_regs.o(.revsh_text), (4 bytes).
    Removing usb_regs.o(i.ClearEPDoubleBuff), (32 bytes).
    Removing usb_regs.o(i.ClearEP_CTR_RX), (24 bytes).
    Removing usb_regs.o(i.ClearEP_CTR_TX), (24 bytes).
    Removing usb_regs.o(i.ClearEP_KIND), (32 bytes).
    Removing usb_regs.o(i.GetBTABLE), (12 bytes).
    Removing usb_regs.o(i.GetCNTR), (12 bytes).
    Removing usb_regs.o(i.GetDADDR), (12 bytes).
    Removing usb_regs.o(i.GetEPAddress), (16 bytes).
    Removing usb_regs.o(i.GetEPDblBuf0Addr), (28 bytes).
    Removing usb_regs.o(i.GetEPDblBuf1Addr), (32 bytes).
    Removing usb_regs.o(i.GetEPDblBufDir), (60 bytes).
    Removing usb_regs.o(i.GetEPRxCount), (32 bytes).
    Removing usb_regs.o(i.GetEPRxStatus), (20 bytes).
    Removing usb_regs.o(i.GetEPTxCount), (32 bytes).
    Removing usb_regs.o(i.GetEPTxStatus), (20 bytes).
    Removing usb_regs.o(i.GetEPType), (20 bytes).
    Removing usb_regs.o(i.GetFNR), (12 bytes).
    Removing usb_regs.o(i.GetISTR), (12 bytes).
    Removing usb_regs.o(i.GetRxStallStatus), (24 bytes).
    Removing usb_regs.o(i.GetTxStallStatus), (24 bytes).
    Removing usb_regs.o(i.SetCNTR), (12 bytes).
    Removing usb_regs.o(i.SetDADDR), (12 bytes).
    Removing usb_regs.o(i.SetDouBleBuffEPStall), (44 bytes).
    Removing usb_regs.o(i.SetENDPOINT), (12 bytes).
    Removing usb_regs.o(i.SetEPAddress), (32 bytes).
    Removing usb_regs.o(i.SetEPCountRxReg), (40 bytes).
    Removing usb_regs.o(i.SetEPDblBuf0Addr), (32 bytes).
    Removing usb_regs.o(i.SetEPDblBuf0Count), (92 bytes).
    Removing usb_regs.o(i.SetEPDblBuf1Addr), (32 bytes).
    Removing usb_regs.o(i.SetEPDblBuf1Count), (92 bytes).
    Removing usb_regs.o(i.SetEPDoubleBuff), (32 bytes).
    Removing usb_regs.o(i.SetEPTxValid), (36 bytes).
    Removing usb_regs.o(i.SetEP_KIND), (32 bytes).
    Removing usb_regs.o(i.SetISTR), (12 bytes).
    Removing usb_regs.o(i.Set_Status_Out), (32 bytes).
    Removing usb_regs.o(i.ToWord), (6 bytes).
    Removing usb_regs.o(i.ToggleDTOG_RX), (32 bytes).
    Removing usb_sil.o(.rev16_text), (4 bytes).
    Removing usb_sil.o(.revsh_text), (4 bytes).
    Removing usb_sil.o(i.USB_SIL_Read), (36 bytes).
    Removing usb_sil.o(i.USB_SIL_Write), (40 bytes).
    Removing stm32l1xx_usart.o(.rev16_text), (4 bytes).
    Removing stm32l1xx_usart.o(.revsh_text), (4 bytes).
    Removing stm32l1xx_usart.o(i.USART_ClearFlag), (6 bytes).
    Removing stm32l1xx_usart.o(i.USART_ClearITPendingBit), (12 bytes).
    Removing stm32l1xx_usart.o(i.USART_ClockInit), (28 bytes).
    Removing stm32l1xx_usart.o(i.USART_ClockStructInit), (12 bytes).
    Removing stm32l1xx_usart.o(i.USART_Cmd), (20 bytes).
    Removing stm32l1xx_usart.o(i.USART_DMACmd), (16 bytes).
    Removing stm32l1xx_usart.o(i.USART_DeInit), (116 bytes).
    Removing stm32l1xx_usart.o(i.USART_GetFlagStatus), (14 bytes).
    Removing stm32l1xx_usart.o(i.USART_GetITStatus), (62 bytes).
    Removing stm32l1xx_usart.o(i.USART_HalfDuplexCmd), (20 bytes).
    Removing stm32l1xx_usart.o(i.USART_ITConfig), (48 bytes).
    Removing stm32l1xx_usart.o(i.USART_Init), (172 bytes).
    Removing stm32l1xx_usart.o(i.USART_IrDACmd), (20 bytes).
    Removing stm32l1xx_usart.o(i.USART_IrDAConfig), (16 bytes).
    Removing stm32l1xx_usart.o(i.USART_LINBreakDetectLengthConfig), (16 bytes).
    Removing stm32l1xx_usart.o(i.USART_LINCmd), (20 bytes).
    Removing stm32l1xx_usart.o(i.USART_OneBitMethodCmd), (20 bytes).
    Removing stm32l1xx_usart.o(i.USART_OverSampling8Cmd), (20 bytes).
    Removing stm32l1xx_usart.o(i.USART_ReceiveData), (8 bytes).
    Removing stm32l1xx_usart.o(i.USART_ReceiverWakeUpCmd), (20 bytes).
    Removing stm32l1xx_usart.o(i.USART_SendBreak), (10 bytes).
    Removing stm32l1xx_usart.o(i.USART_SendData), (8 bytes).
    Removing stm32l1xx_usart.o(i.USART_SetAddress), (16 bytes).
    Removing stm32l1xx_usart.o(i.USART_SetGuardTime), (16 bytes).
    Removing stm32l1xx_usart.o(i.USART_SetPrescaler), (16 bytes).
    Removing stm32l1xx_usart.o(i.USART_SmartCardCmd), (20 bytes).
    Removing stm32l1xx_usart.o(i.USART_SmartCardNACKCmd), (20 bytes).
    Removing stm32l1xx_usart.o(i.USART_StructInit), (22 bytes).
    Removing stm32l1xx_usart.o(i.USART_WakeUpConfig), (16 bytes).
    Removing stm32l1xx_dac.o(.rev16_text), (4 bytes).
    Removing stm32l1xx_dac.o(.revsh_text), (4 bytes).
    Removing stm32l1xx_dac.o(i.DAC_ClearFlag), (12 bytes).
    Removing stm32l1xx_dac.o(i.DAC_ClearITPendingBit), (12 bytes).
    Removing stm32l1xx_dac.o(i.DAC_DMACmd), (24 bytes).
    Removing stm32l1xx_dac.o(i.DAC_DualSoftwareTriggerCmd), (28 bytes).
    Removing stm32l1xx_dac.o(i.DAC_GetDataOutputValue), (16 bytes).
    Removing stm32l1xx_dac.o(i.DAC_GetFlagStatus), (24 bytes).
    Removing stm32l1xx_dac.o(i.DAC_GetITStatus), (36 bytes).
    Removing stm32l1xx_dac.o(i.DAC_ITConfig), (24 bytes).
    Removing stm32l1xx_dac.o(i.DAC_SetChannel2Data), (12 bytes).
    Removing stm32l1xx_dac.o(i.DAC_SetDualChannelData), (28 bytes).
    Removing stm32l1xx_dac.o(i.DAC_SoftwareTriggerCmd), (28 bytes).
    Removing stm32l1xx_dac.o(i.DAC_WaveGenerationCmd), (24 bytes).
    Removing stm32l1xx_exti.o(.rev16_text), (4 bytes).
    Removing stm32l1xx_exti.o(.revsh_text), (4 bytes).
    Removing stm32l1xx_exti.o(i.EXTI_ClearFlag), (12 bytes).
    Removing stm32l1xx_exti.o(i.EXTI_ClearITPendingBit), (12 bytes).
    Removing stm32l1xx_exti.o(i.EXTI_DeInit), (36 bytes).
    Removing stm32l1xx_exti.o(i.EXTI_GenerateSWInterrupt), (16 bytes).
    Removing stm32l1xx_exti.o(i.EXTI_GetFlagStatus), (20 bytes).
    Removing stm32l1xx_exti.o(i.EXTI_GetITStatus), (32 bytes).
    Removing stm32l1xx_exti.o(i.EXTI_Init), (112 bytes).
    Removing stm32l1xx_exti.o(i.EXTI_StructInit), (14 bytes).
    Removing stm32l1xx_flash.o(.rev16_text), (4 bytes).
    Removing stm32l1xx_flash.o(.revsh_text), (4 bytes).
    Removing stm32l1xx_flash.o(i.DATA_EEPROM_EraseByte), (22 bytes).
    Removing stm32l1xx_flash.o(i.DATA_EEPROM_EraseHalfWord), (22 bytes).
    Removing stm32l1xx_flash.o(i.DATA_EEPROM_EraseWord), (22 bytes).
    Removing stm32l1xx_flash.o(i.DATA_EEPROM_FastProgramByte), (84 bytes).
    Removing stm32l1xx_flash.o(i.DATA_EEPROM_FastProgramHalfWord), (112 bytes).
    Removing stm32l1xx_flash.o(i.DATA_EEPROM_FastProgramWord), (48 bytes).
    Removing stm32l1xx_flash.o(i.DATA_EEPROM_FixedTimeProgramCmd), (28 bytes).
    Removing stm32l1xx_flash.o(i.DATA_EEPROM_Lock), (16 bytes).
    Removing stm32l1xx_flash.o(i.DATA_EEPROM_ProgramByte), (70 bytes).
    Removing stm32l1xx_flash.o(i.DATA_EEPROM_ProgramHalfWord), (96 bytes).
    Removing stm32l1xx_flash.o(i.DATA_EEPROM_ProgramWord), (34 bytes).
    Removing stm32l1xx_flash.o(i.DATA_EEPROM_Unlock), (36 bytes).
    Removing stm32l1xx_flash.o(i.FLASH_ClearFlag), (12 bytes).
    Removing stm32l1xx_flash.o(i.FLASH_ErasePage), (68 bytes).
    Removing stm32l1xx_flash.o(i.FLASH_FastProgramWord), (34 bytes).
    Removing stm32l1xx_flash.o(i.FLASH_GetFlagStatus), (20 bytes).
    Removing stm32l1xx_flash.o(i.FLASH_GetStatus), (40 bytes).
    Removing stm32l1xx_flash.o(i.FLASH_ITConfig), (24 bytes).
    Removing stm32l1xx_flash.o(i.FLASH_Lock), (16 bytes).
    Removing stm32l1xx_flash.o(i.FLASH_OB_BORConfig), (56 bytes).
    Removing stm32l1xx_flash.o(i.FLASH_OB_BootConfig), (56 bytes).
    Removing stm32l1xx_flash.o(i.FLASH_OB_GetBOR), (16 bytes).
    Removing stm32l1xx_flash.o(i.FLASH_OB_GetRDP), (20 bytes).
    Removing stm32l1xx_flash.o(i.FLASH_OB_GetUser), (16 bytes).
    Removing stm32l1xx_flash.o(i.FLASH_OB_GetWRP), (12 bytes).
    Removing stm32l1xx_flash.o(i.FLASH_OB_GetWRP1), (12 bytes).
    Removing stm32l1xx_flash.o(i.FLASH_OB_GetWRP2), (12 bytes).
    Removing stm32l1xx_flash.o(i.FLASH_OB_Launch), (16 bytes).
    Removing stm32l1xx_flash.o(i.FLASH_OB_Lock), (16 bytes).
    Removing stm32l1xx_flash.o(i.FLASH_OB_RDPConfig), (44 bytes).
    Removing stm32l1xx_flash.o(i.FLASH_OB_Unlock), (40 bytes).
    Removing stm32l1xx_flash.o(i.FLASH_OB_UserConfig), (60 bytes).
    Removing stm32l1xx_flash.o(i.FLASH_OB_WRP1Config), (84 bytes).
    Removing stm32l1xx_flash.o(i.FLASH_OB_WRP2Config), (84 bytes).
    Removing stm32l1xx_flash.o(i.FLASH_OB_WRPConfig), (84 bytes).
    Removing stm32l1xx_flash.o(i.FLASH_PrefetchBufferCmd), (28 bytes).
    Removing stm32l1xx_flash.o(i.FLASH_ReadAccess64Cmd), (28 bytes).
    Removing stm32l1xx_flash.o(i.FLASH_SLEEPPowerDownCmd), (28 bytes).
    Removing stm32l1xx_flash.o(i.FLASH_SetLatency), (20 bytes).
    Removing stm32l1xx_flash.o(i.FLASH_Unlock), (40 bytes).
    Removing stm32l1xx_flash.o(i.FLASH_WaitForLastOperation), (36 bytes).
    Removing stm32l1xx_i2c.o(.rev16_text), (4 bytes).
    Removing stm32l1xx_i2c.o(.revsh_text), (4 bytes).
    Removing stm32l1xx_i2c.o(i.I2C_ARPCmd), (20 bytes).
    Removing stm32l1xx_i2c.o(i.I2C_AcknowledgeConfig), (20 bytes).
    Removing stm32l1xx_i2c.o(i.I2C_CalculatePEC), (20 bytes).
    Removing stm32l1xx_i2c.o(i.I2C_CheckEvent), (24 bytes).
    Removing stm32l1xx_i2c.o(i.I2C_ClearFlag), (6 bytes).
    Removing stm32l1xx_i2c.o(i.I2C_ClearITPendingBit), (6 bytes).
    Removing stm32l1xx_i2c.o(i.I2C_Cmd), (20 bytes).
    Removing stm32l1xx_i2c.o(i.I2C_DMACmd), (20 bytes).
    Removing stm32l1xx_i2c.o(i.I2C_DMALastTransferCmd), (20 bytes).
    Removing stm32l1xx_i2c.o(i.I2C_DeInit), (44 bytes).
    Removing stm32l1xx_i2c.o(i.I2C_DualAddressCmd), (20 bytes).
    Removing stm32l1xx_i2c.o(i.I2C_FastModeDutyCycleConfig), (22 bytes).
    Removing stm32l1xx_i2c.o(i.I2C_GeneralCallCmd), (20 bytes).
    Removing stm32l1xx_i2c.o(i.I2C_GenerateSTART), (20 bytes).
    Removing stm32l1xx_i2c.o(i.I2C_GenerateSTOP), (20 bytes).
    Removing stm32l1xx_i2c.o(i.I2C_GetFlagStatus), (30 bytes).
    Removing stm32l1xx_i2c.o(i.I2C_GetITStatus), (32 bytes).
    Removing stm32l1xx_i2c.o(i.I2C_GetLastEvent), (14 bytes).
    Removing stm32l1xx_i2c.o(i.I2C_GetPEC), (6 bytes).
    Removing stm32l1xx_i2c.o(i.I2C_ITConfig), (16 bytes).
    Removing stm32l1xx_i2c.o(i.I2C_Init), (180 bytes).
    Removing stm32l1xx_i2c.o(i.I2C_NACKPositionConfig), (22 bytes).
    Removing stm32l1xx_i2c.o(i.I2C_OwnAddress2Config), (16 bytes).
    Removing stm32l1xx_i2c.o(i.I2C_PECPositionConfig), (22 bytes).
    Removing stm32l1xx_i2c.o(i.I2C_ReadRegister), (4 bytes).
    Removing stm32l1xx_i2c.o(i.I2C_ReceiveData), (6 bytes).
    Removing stm32l1xx_i2c.o(i.I2C_SMBusAlertConfig), (22 bytes).
    Removing stm32l1xx_i2c.o(i.I2C_Send7bitAddress), (16 bytes).
    Removing stm32l1xx_i2c.o(i.I2C_SendData), (4 bytes).
    Removing stm32l1xx_i2c.o(i.I2C_SoftwareResetCmd), (20 bytes).
    Removing stm32l1xx_i2c.o(i.I2C_StretchClockCmd), (20 bytes).
    Removing stm32l1xx_i2c.o(i.I2C_StructInit), (28 bytes).
    Removing stm32l1xx_i2c.o(i.I2C_TransmitPEC), (20 bytes).
    Removing stm32l1xx_pwr.o(.rev16_text), (4 bytes).
    Removing stm32l1xx_pwr.o(.revsh_text), (4 bytes).
    Removing stm32l1xx_pwr.o(i.PWR_ClearFlag), (16 bytes).
    Removing stm32l1xx_pwr.o(i.PWR_DeInit), (24 bytes).
    Removing stm32l1xx_pwr.o(i.PWR_EnterLowPowerRunMode), (44 bytes).
    Removing stm32l1xx_pwr.o(i.PWR_EnterSTANDBYMode), (40 bytes).
    Removing stm32l1xx_pwr.o(i.PWR_EnterSTOPMode), (52 bytes).
    Removing stm32l1xx_pwr.o(i.PWR_EnterSleepMode), (44 bytes).
    Removing stm32l1xx_pwr.o(i.PWR_FastWakeUpCmd), (12 bytes).
    Removing stm32l1xx_pwr.o(i.PWR_GetFlagStatus), (20 bytes).
    Removing stm32l1xx_pwr.o(i.PWR_PVDCmd), (12 bytes).
    Removing stm32l1xx_pwr.o(i.PWR_PVDLevelConfig), (20 bytes).
    Removing stm32l1xx_pwr.o(i.PWR_RTCAccessCmd), (12 bytes).
    Removing stm32l1xx_pwr.o(i.PWR_UltraLowPowerCmd), (12 bytes).
    Removing stm32l1xx_pwr.o(i.PWR_VoltageScalingConfig), (24 bytes).
    Removing stm32l1xx_pwr.o(i.PWR_WakeUpPinCmd), (12 bytes).
    Removing stm32l1xx_rcc.o(.rev16_text), (4 bytes).
    Removing stm32l1xx_rcc.o(.revsh_text), (4 bytes).
    Removing stm32l1xx_rcc.o(i.RCC_AHBPeriphClockLPModeCmd), (24 bytes).
    Removing stm32l1xx_rcc.o(i.RCC_AHBPeriphResetCmd), (24 bytes).
    Removing stm32l1xx_rcc.o(i.RCC_APB1PeriphClockLPModeCmd), (24 bytes).
    Removing stm32l1xx_rcc.o(i.RCC_APB2PeriphClockLPModeCmd), (24 bytes).
    Removing stm32l1xx_rcc.o(i.RCC_AdjustHSICalibrationValue), (20 bytes).
    Removing stm32l1xx_rcc.o(i.RCC_AdjustMSICalibrationValue), (12 bytes).
    Removing stm32l1xx_rcc.o(i.RCC_ClearFlag), (16 bytes).
    Removing stm32l1xx_rcc.o(i.RCC_ClearITPendingBit), (12 bytes).
    Removing stm32l1xx_rcc.o(i.RCC_ClockSecuritySystemCmd), (12 bytes).
    Removing stm32l1xx_rcc.o(i.RCC_DeInit), (68 bytes).
    Removing stm32l1xx_rcc.o(i.RCC_GetClocksFreq), (168 bytes).
    Removing stm32l1xx_rcc.o(i.RCC_GetFlagStatus), (40 bytes).
    Removing stm32l1xx_rcc.o(i.RCC_GetITStatus), (20 bytes).
    Removing stm32l1xx_rcc.o(i.RCC_GetSYSCLKSource), (16 bytes).
    Removing stm32l1xx_rcc.o(i.RCC_HCLKConfig), (20 bytes).
    Removing stm32l1xx_rcc.o(i.RCC_HSEConfig), (16 bytes).
    Removing stm32l1xx_rcc.o(i.RCC_HSICmd), (12 bytes).
    Removing stm32l1xx_rcc.o(i.RCC_ITConfig), (24 bytes).
    Removing stm32l1xx_rcc.o(i.RCC_LSEClockSecuritySystemCmd), (12 bytes).
    Removing stm32l1xx_rcc.o(i.RCC_LSEConfig), (16 bytes).
    Removing stm32l1xx_rcc.o(i.RCC_LSICmd), (12 bytes).
    Removing stm32l1xx_rcc.o(i.RCC_MCOConfig), (12 bytes).
    Removing stm32l1xx_rcc.o(i.RCC_MSICmd), (12 bytes).
    Removing stm32l1xx_rcc.o(i.RCC_MSIRangeConfig), (20 bytes).
    Removing stm32l1xx_rcc.o(i.RCC_PCLK1Config), (20 bytes).
    Removing stm32l1xx_rcc.o(i.RCC_PCLK2Config), (20 bytes).
    Removing stm32l1xx_rcc.o(i.RCC_PLLCmd), (12 bytes).
    Removing stm32l1xx_rcc.o(i.RCC_PLLConfig), (16 bytes).
    Removing stm32l1xx_rcc.o(i.RCC_RTCCLKCmd), (12 bytes).
    Removing stm32l1xx_rcc.o(i.RCC_RTCCLKConfig), (52 bytes).
    Removing stm32l1xx_rcc.o(i.RCC_RTCResetCmd), (12 bytes).
    Removing stm32l1xx_rcc.o(i.RCC_SYSCLKConfig), (20 bytes).
    Removing stm32l1xx_rcc.o(i.RCC_WaitForHSEStartUp), (38 bytes).
    Removing stm32l1xx_rcc.o(.data), (25 bytes).
    Removing stm32l1xx_syscfg.o(.rev16_text), (4 bytes).
    Removing stm32l1xx_syscfg.o(.revsh_text), (4 bytes).
    Removing stm32l1xx_syscfg.o(i.SYSCFG_DeInit), (22 bytes).
    Removing stm32l1xx_syscfg.o(i.SYSCFG_EXTILineConfig), (40 bytes).
    Removing stm32l1xx_syscfg.o(i.SYSCFG_GetBootMode), (16 bytes).
    Removing stm32l1xx_syscfg.o(i.SYSCFG_MemoryRemapConfig), (12 bytes).
    Removing stm32l1xx_syscfg.o(i.SYSCFG_RIChannelSpeedConfig), (24 bytes).
    Removing stm32l1xx_syscfg.o(i.SYSCFG_RIDeInit), (36 bytes).
    Removing stm32l1xx_syscfg.o(i.SYSCFG_RIHysteresisConfig), (88 bytes).
    Removing stm32l1xx_syscfg.o(i.SYSCFG_RIIOSwitchConfig), (52 bytes).
    Removing stm32l1xx_syscfg.o(i.SYSCFG_RIResistorConfig), (24 bytes).
    Removing stm32l1xx_syscfg.o(i.SYSCFG_RISwitchControlModeCmd), (28 bytes).
    Removing stm32l1xx_syscfg.o(i.SYSCFG_RITIMInputCaptureConfig), (64 bytes).
    Removing stm32l1xx_syscfg.o(i.SYSCFG_RITIMSelect), (20 bytes).
    Removing stm32l1xx_tim.o(.rev16_text), (4 bytes).
    Removing stm32l1xx_tim.o(.revsh_text), (4 bytes).
    Removing stm32l1xx_tim.o(i.TI1_Config), (40 bytes).
    Removing stm32l1xx_tim.o(i.TI2_Config), (44 bytes).
    Removing stm32l1xx_tim.o(i.TIM_ARRPreloadConfig), (20 bytes).
    Removing stm32l1xx_tim.o(i.TIM_CCxCmd), (22 bytes).
    Removing stm32l1xx_tim.o(i.TIM_ClearFlag), (6 bytes).
    Removing stm32l1xx_tim.o(i.TIM_ClearOC1Ref), (12 bytes).
    Removing stm32l1xx_tim.o(i.TIM_ClearOC2Ref), (14 bytes).
    Removing stm32l1xx_tim.o(i.TIM_ClearOC3Ref), (12 bytes).
    Removing stm32l1xx_tim.o(i.TIM_ClearOC4Ref), (14 bytes).
    Removing stm32l1xx_tim.o(i.TIM_CounterModeConfig), (12 bytes).
    Removing stm32l1xx_tim.o(i.TIM_DMACmd), (16 bytes).
    Removing stm32l1xx_tim.o(i.TIM_DMAConfig), (8 bytes).
    Removing stm32l1xx_tim.o(i.TIM_ETRClockMode1Config), (18 bytes).
    Removing stm32l1xx_tim.o(i.TIM_ETRClockMode2Config), (18 bytes).
    Removing stm32l1xx_tim.o(i.TIM_ETRConfig), (18 bytes).
    Removing stm32l1xx_tim.o(i.TIM_EncoderInterfaceConfig), (44 bytes).
    Removing stm32l1xx_tim.o(i.TIM_ForcedOC1Config), (12 bytes).
    Removing stm32l1xx_tim.o(i.TIM_ForcedOC2Config), (14 bytes).
    Removing stm32l1xx_tim.o(i.TIM_ForcedOC3Config), (12 bytes).
    Removing stm32l1xx_tim.o(i.TIM_ForcedOC4Config), (14 bytes).
    Removing stm32l1xx_tim.o(i.TIM_GenerateEvent), (4 bytes).
    Removing stm32l1xx_tim.o(i.TIM_GetCapture1), (4 bytes).
    Removing stm32l1xx_tim.o(i.TIM_GetCapture2), (4 bytes).
    Removing stm32l1xx_tim.o(i.TIM_GetCapture3), (4 bytes).
    Removing stm32l1xx_tim.o(i.TIM_GetCapture4), (4 bytes).
    Removing stm32l1xx_tim.o(i.TIM_GetCounter), (4 bytes).
    Removing stm32l1xx_tim.o(i.TIM_GetFlagStatus), (14 bytes).
    Removing stm32l1xx_tim.o(i.TIM_GetPrescaler), (4 bytes).
    Removing stm32l1xx_tim.o(i.TIM_ICInit), (160 bytes).
    Removing stm32l1xx_tim.o(i.TIM_ICStructInit), (16 bytes).
    Removing stm32l1xx_tim.o(i.TIM_ITRxExternalClockConfig), (18 bytes).
    Removing stm32l1xx_tim.o(i.TIM_InternalClockConfig), (10 bytes).
    Removing stm32l1xx_tim.o(i.TIM_OC1FastConfig), (12 bytes).
    Removing stm32l1xx_tim.o(i.TIM_OC1Init), (44 bytes).
    Removing stm32l1xx_tim.o(i.TIM_OC1PolarityConfig), (12 bytes).
    Removing stm32l1xx_tim.o(i.TIM_OC1PreloadConfig), (12 bytes).
    Removing stm32l1xx_tim.o(i.TIM_OC2FastConfig), (14 bytes).
    Removing stm32l1xx_tim.o(i.TIM_OC2Init), (50 bytes).
    Removing stm32l1xx_tim.o(i.TIM_OC2PolarityConfig), (14 bytes).
    Removing stm32l1xx_tim.o(i.TIM_OC2PreloadConfig), (14 bytes).
    Removing stm32l1xx_tim.o(i.TIM_OC3FastConfig), (12 bytes).
    Removing stm32l1xx_tim.o(i.TIM_OC3Init), (48 bytes).
    Removing stm32l1xx_tim.o(i.TIM_OC3PolarityConfig), (14 bytes).
    Removing stm32l1xx_tim.o(i.TIM_OC3PreloadConfig), (12 bytes).
    Removing stm32l1xx_tim.o(i.TIM_OC4FastConfig), (14 bytes).
    Removing stm32l1xx_tim.o(i.TIM_OC4Init), (50 bytes).
    Removing stm32l1xx_tim.o(i.TIM_OC4PolarityConfig), (14 bytes).
    Removing stm32l1xx_tim.o(i.TIM_OC4PreloadConfig), (14 bytes).
    Removing stm32l1xx_tim.o(i.TIM_OCStructInit), (12 bytes).
    Removing stm32l1xx_tim.o(i.TIM_PWMIConfig), (108 bytes).
    Removing stm32l1xx_tim.o(i.TIM_PrescalerConfig), (6 bytes).
    Removing stm32l1xx_tim.o(i.TIM_RemapConfig), (18 bytes).
    Removing stm32l1xx_tim.o(i.TIM_SelectCCDMA), (20 bytes).
    Removing stm32l1xx_tim.o(i.TIM_SelectHallSensor), (20 bytes).
    Removing stm32l1xx_tim.o(i.TIM_SelectInputTrigger), (12 bytes).
    Removing stm32l1xx_tim.o(i.TIM_SelectMasterSlaveMode), (16 bytes).
    Removing stm32l1xx_tim.o(i.TIM_SelectOCREFClear), (16 bytes).
    Removing stm32l1xx_tim.o(i.TIM_SelectOCxM), (66 bytes).
    Removing stm32l1xx_tim.o(i.TIM_SelectOnePulseMode), (16 bytes).
    Removing stm32l1xx_tim.o(i.TIM_SelectSlaveMode), (16 bytes).
    Removing stm32l1xx_tim.o(i.TIM_SetClockDivision), (16 bytes).
    Removing stm32l1xx_tim.o(i.TIM_SetCompare1), (4 bytes).
    Removing stm32l1xx_tim.o(i.TIM_SetCompare2), (4 bytes).
    Removing stm32l1xx_tim.o(i.TIM_SetCompare3), (4 bytes).
    Removing stm32l1xx_tim.o(i.TIM_SetCompare4), (4 bytes).
    Removing stm32l1xx_tim.o(i.TIM_SetCounter), (4 bytes).
    Removing stm32l1xx_tim.o(i.TIM_SetIC1Prescaler), (16 bytes).
    Removing stm32l1xx_tim.o(i.TIM_SetIC2Prescaler), (18 bytes).
    Removing stm32l1xx_tim.o(i.TIM_SetIC3Prescaler), (16 bytes).
    Removing stm32l1xx_tim.o(i.TIM_SetIC4Prescaler), (18 bytes).
    Removing stm32l1xx_tim.o(i.TIM_TIxExternalClockConfig), (44 bytes).
    Removing stm32l1xx_tim.o(i.TIM_TimeBaseInit), (92 bytes).
    Removing stm32l1xx_tim.o(i.TIM_TimeBaseStructInit), (16 bytes).
    Removing stm32l1xx_tim.o(i.TIM_UpdateDisableConfig), (20 bytes).
    Removing stm32l1xx_tim.o(i.TIM_UpdateRequestConfig), (20 bytes).
    Removing stm32l1xx_gpio.o(.rev16_text), (4 bytes).
    Removing stm32l1xx_gpio.o(.revsh_text), (4 bytes).
    Removing stm32l1xx_gpio.o(i.GPIO_DeInit), (204 bytes).
    Removing stm32l1xx_gpio.o(i.GPIO_PinAFConfig), (32 bytes).
    Removing stm32l1xx_gpio.o(i.GPIO_PinLockConfig), (16 bytes).
    Removing stm32l1xx_gpio.o(i.GPIO_ReadInputData), (4 bytes).
    Removing stm32l1xx_gpio.o(i.GPIO_ReadInputDataBit), (14 bytes).
    Removing stm32l1xx_gpio.o(i.GPIO_ReadOutputData), (4 bytes).
    Removing stm32l1xx_gpio.o(i.GPIO_ReadOutputDataBit), (14 bytes).
    Removing stm32l1xx_gpio.o(i.GPIO_ResetBits), (4 bytes).
    Removing stm32l1xx_gpio.o(i.GPIO_SetBits), (4 bytes).
    Removing stm32l1xx_gpio.o(i.GPIO_StructInit), (18 bytes).
    Removing stm32l1xx_gpio.o(i.GPIO_ToggleBits), (8 bytes).
    Removing stm32l1xx_gpio.o(i.GPIO_Write), (4 bytes).
    Removing stm32l1xx_gpio.o(i.GPIO_WriteBit), (10 bytes).
    Removing stm32l1xx_dma.o(.rev16_text), (4 bytes).
    Removing stm32l1xx_dma.o(.revsh_text), (4 bytes).
    Removing stm32l1xx_dma.o(i.DMA_ClearFlag), (24 bytes).
    Removing stm32l1xx_dma.o(i.DMA_ClearITPendingBit), (24 bytes).
    Removing stm32l1xx_dma.o(i.DMA_Cmd), (22 bytes).
    Removing stm32l1xx_dma.o(i.DMA_DeInit), (228 bytes).
    Removing stm32l1xx_dma.o(i.DMA_GetCurrDataCounter), (6 bytes).
    Removing stm32l1xx_dma.o(i.DMA_GetFlagStatus), (32 bytes).
    Removing stm32l1xx_dma.o(i.DMA_GetITStatus), (32 bytes).
    Removing stm32l1xx_dma.o(i.DMA_ITConfig), (16 bytes).
    Removing stm32l1xx_dma.o(i.DMA_Init), (58 bytes).
    Removing stm32l1xx_dma.o(i.DMA_SetCurrDataCounter), (4 bytes).
    Removing stm32l1xx_dma.o(i.DMA_StructInit), (26 bytes).
    Removing stm32l1xx_spi.o(.rev16_text), (4 bytes).
    Removing stm32l1xx_spi.o(.revsh_text), (4 bytes).
    Removing stm32l1xx_spi.o(i.I2S_Cmd), (20 bytes).
    Removing stm32l1xx_spi.o(i.I2S_Init), (146 bytes).
    Removing stm32l1xx_spi.o(i.I2S_StructInit), (18 bytes).
    Removing stm32l1xx_spi.o(i.SPI_BiDirectionalLineConfig), (22 bytes).
    Removing stm32l1xx_spi.o(i.SPI_CalculateCRC), (20 bytes).
    Removing stm32l1xx_spi.o(i.SPI_Cmd), (20 bytes).
    Removing stm32l1xx_spi.o(i.SPI_DataSizeConfig), (16 bytes).
    Removing stm32l1xx_spi.o(i.SPI_GetCRC), (12 bytes).
    Removing stm32l1xx_spi.o(i.SPI_GetCRCPolynomial), (4 bytes).
    Removing stm32l1xx_spi.o(i.SPI_I2S_ClearFlag), (6 bytes).
    Removing stm32l1xx_spi.o(i.SPI_I2S_ClearITPendingBit), (14 bytes).
    Removing stm32l1xx_spi.o(i.SPI_I2S_DMACmd), (16 bytes).
    Removing stm32l1xx_spi.o(i.SPI_I2S_DeInit), (84 bytes).
    Removing stm32l1xx_spi.o(i.SPI_I2S_GetFlagStatus), (14 bytes).
    Removing stm32l1xx_spi.o(i.SPI_I2S_GetITStatus), (40 bytes).
    Removing stm32l1xx_spi.o(i.SPI_I2S_ITConfig), (24 bytes).
    Removing stm32l1xx_spi.o(i.SPI_I2S_ReceiveData), (4 bytes).
    Removing stm32l1xx_spi.o(i.SPI_I2S_SendData), (4 bytes).
    Removing stm32l1xx_spi.o(i.SPI_Init), (56 bytes).
    Removing stm32l1xx_spi.o(i.SPI_NSSInternalSoftwareConfig), (24 bytes).
    Removing stm32l1xx_spi.o(i.SPI_SSOutputCmd), (20 bytes).
    Removing stm32l1xx_spi.o(i.SPI_StructInit), (24 bytes).
    Removing stm32l1xx_spi.o(i.SPI_TransmitCRC), (10 bytes).
    Removing stm32l1xx_sdio.o(.rev16_text), (4 bytes).
    Removing stm32l1xx_sdio.o(.revsh_text), (4 bytes).
    Removing stm32l1xx_sdio.o(i.SDIO_CEATAITCmd), (16 bytes).
    Removing stm32l1xx_sdio.o(i.SDIO_ClearFlag), (12 bytes).
    Removing stm32l1xx_sdio.o(i.SDIO_ClearITPendingBit), (12 bytes).
    Removing stm32l1xx_sdio.o(i.SDIO_ClockCmd), (12 bytes).
    Removing stm32l1xx_sdio.o(i.SDIO_CmdStructInit), (14 bytes).
    Removing stm32l1xx_sdio.o(i.SDIO_CommandCompletionCmd), (12 bytes).
    Removing stm32l1xx_sdio.o(i.SDIO_DMACmd), (12 bytes).
    Removing stm32l1xx_sdio.o(i.SDIO_DataConfig), (48 bytes).
    Removing stm32l1xx_sdio.o(i.SDIO_DataStructInit), (20 bytes).
    Removing stm32l1xx_sdio.o(i.SDIO_DeInit), (24 bytes).
    Removing stm32l1xx_sdio.o(i.SDIO_GetCommandResponse), (12 bytes).
    Removing stm32l1xx_sdio.o(i.SDIO_GetDataCounter), (12 bytes).
    Removing stm32l1xx_sdio.o(i.SDIO_GetFIFOCount), (12 bytes).
    Removing stm32l1xx_sdio.o(i.SDIO_GetFlagStatus), (20 bytes).
    Removing stm32l1xx_sdio.o(i.SDIO_GetITStatus), (20 bytes).
    Removing stm32l1xx_sdio.o(i.SDIO_GetPowerState), (16 bytes).
    Removing stm32l1xx_sdio.o(i.SDIO_GetResponse), (12 bytes).
    Removing stm32l1xx_sdio.o(i.SDIO_ITConfig), (24 bytes).
    Removing stm32l1xx_sdio.o(i.SDIO_Init), (44 bytes).
    Removing stm32l1xx_sdio.o(i.SDIO_ReadData), (12 bytes).
    Removing stm32l1xx_sdio.o(i.SDIO_SendCEATACmd), (12 bytes).
    Removing stm32l1xx_sdio.o(i.SDIO_SendCommand), (40 bytes).
    Removing stm32l1xx_sdio.o(i.SDIO_SendSDIOSuspendCmd), (12 bytes).
    Removing stm32l1xx_sdio.o(i.SDIO_SetPowerState), (12 bytes).
    Removing stm32l1xx_sdio.o(i.SDIO_SetSDIOOperation), (12 bytes).
    Removing stm32l1xx_sdio.o(i.SDIO_SetSDIOReadWaitMode), (12 bytes).
    Removing stm32l1xx_sdio.o(i.SDIO_StartSDIOReadWait), (12 bytes).
    Removing stm32l1xx_sdio.o(i.SDIO_StopSDIOReadWait), (12 bytes).
    Removing stm32l1xx_sdio.o(i.SDIO_StructInit), (16 bytes).
    Removing stm32l1xx_sdio.o(i.SDIO_WriteData), (12 bytes).
    Removing stm32l152_eval.o(.rev16_text), (4 bytes).
    Removing stm32l152_eval.o(.revsh_text), (4 bytes).
    Removing stm32l152_eval.o(i.LM75_LowLevel_DeInit), (88 bytes).
    Removing stm32l152_eval.o(i.LM75_LowLevel_Init), (116 bytes).
    Removing stm32l152_eval.o(i.SD_LowLevel_DeInit), (116 bytes).
    Removing stm32l152_eval.o(i.SD_LowLevel_Init), (256 bytes).
    Removing stm32l152_eval.o(i.STM_EVAL_COMInit), (184 bytes).
    Removing stm32l152_eval.o(i.STM_EVAL_LEDInit), (80 bytes).
    Removing stm32l152_eval.o(i.STM_EVAL_LEDOff), (24 bytes).
    Removing stm32l152_eval.o(i.STM_EVAL_LEDOn), (24 bytes).
    Removing stm32l152_eval.o(i.STM_EVAL_LEDToggle), (28 bytes).
    Removing stm32l152_eval.o(i.STM_EVAL_PBGetState), (24 bytes).
    Removing stm32l152_eval.o(i.STM_EVAL_PBInit), (160 bytes).
    Removing stm32l152_eval.o(i.sEE_LowLevel_DMAConfig), (44 bytes).
    Removing stm32l152_eval.o(i.sEE_LowLevel_DeInit), (156 bytes).
    Removing stm32l152_eval.o(i.sEE_LowLevel_Init), (272 bytes).
    Removing stm32l152_eval.o(.bss), (44 bytes).
    Removing stm32l152_eval.o(.constdata), (132 bytes).
    Removing stm32l152_eval.o(.data), (64 bytes).

468 unused section(s) (total 13073 bytes) removed from the image.

==============================================================================

Image Symbol Table

    Local Symbols

    Symbol Name                              Value     Ov Type        Size  Object(Section)

    ../../microlib/init/entry.s              0x00000000   Number         0  entry7a.o ABSOLUTE
    ../../microlib/init/entry.s              0x00000000   Number         0  entry8.o ABSOLUTE
    ../../microlib/init/entry.s              0x00000000   Number         0  entry7b.o ABSOLUTE
    ../../microlib/init/entry.s              0x00000000   Number         0  entry5.o ABSOLUTE
    ../../microlib/init/entry.s              0x00000000   Number         0  entry2.o ABSOLUTE
    ../../microlib/init/entry.s              0x00000000   Number         0  entry.o ABSOLUTE
    ..\..\..\Libraries\CMSIS\Device\ST\STM32L1xx\Source\Templates\arm\startup_stm32l1xx_md.s 0x00000000   Number         0  startup_stm32l1xx_md.o ABSOLUTE
    ..\..\..\Libraries\STM32F10x_StdPeriph_Driver\src\misc.c 0x00000000   Number         0  misc.o ABSOLUTE
    ..\..\..\Libraries\STM32L1xx_StdPeriph_Driver\src\stm32l1xx_dac.c 0x00000000   Number         0  stm32l1xx_dac.o ABSOLUTE
    ..\..\..\Libraries\STM32L1xx_StdPeriph_Driver\src\stm32l1xx_dma.c 0x00000000   Number         0  stm32l1xx_dma.o ABSOLUTE
    ..\..\..\Libraries\STM32L1xx_StdPeriph_Driver\src\stm32l1xx_exti.c 0x00000000   Number         0  stm32l1xx_exti.o ABSOLUTE
    ..\..\..\Libraries\STM32L1xx_StdPeriph_Driver\src\stm32l1xx_flash.c 0x00000000   Number         0  stm32l1xx_flash.o ABSOLUTE
    ..\..\..\Libraries\STM32L1xx_StdPeriph_Driver\src\stm32l1xx_gpio.c 0x00000000   Number         0  stm32l1xx_gpio.o ABSOLUTE
    ..\..\..\Libraries\STM32L1xx_StdPeriph_Driver\src\stm32l1xx_i2c.c 0x00000000   Number         0  stm32l1xx_i2c.o ABSOLUTE
    ..\..\..\Libraries\STM32L1xx_StdPeriph_Driver\src\stm32l1xx_pwr.c 0x00000000   Number         0  stm32l1xx_pwr.o ABSOLUTE
    ..\..\..\Libraries\STM32L1xx_StdPeriph_Driver\src\stm32l1xx_rcc.c 0x00000000   Number         0  stm32l1xx_rcc.o ABSOLUTE
    ..\..\..\Libraries\STM32L1xx_StdPeriph_Driver\src\stm32l1xx_sdio.c 0x00000000   Number         0  stm32l1xx_sdio.o ABSOLUTE
    ..\..\..\Libraries\STM32L1xx_StdPeriph_Driver\src\stm32l1xx_spi.c 0x00000000   Number         0  stm32l1xx_spi.o ABSOLUTE
    ..\..\..\Libraries\STM32L1xx_StdPeriph_Driver\src\stm32l1xx_syscfg.c 0x00000000   Number         0  stm32l1xx_syscfg.o ABSOLUTE
    ..\..\..\Libraries\STM32L1xx_StdPeriph_Driver\src\stm32l1xx_tim.c 0x00000000   Number         0  stm32l1xx_tim.o ABSOLUTE
    ..\..\..\Libraries\STM32L1xx_StdPeriph_Driver\src\stm32l1xx_usart.c 0x00000000   Number         0  stm32l1xx_usart.o ABSOLUTE
    ..\..\..\Libraries\STM32_USB-FS-Device_Driver\src\usb_core.c 0x00000000   Number         0  usb_core.o ABSOLUTE
    ..\..\..\Libraries\STM32_USB-FS-Device_Driver\src\usb_init.c 0x00000000   Number         0  usb_init.o ABSOLUTE
    ..\..\..\Libraries\STM32_USB-FS-Device_Driver\src\usb_int.c 0x00000000   Number         0  usb_int.o ABSOLUTE
    ..\..\..\Libraries\STM32_USB-FS-Device_Driver\src\usb_mem.c 0x00000000   Number         0  usb_mem.o ABSOLUTE
    ..\..\..\Libraries\STM32_USB-FS-Device_Driver\src\usb_regs.c 0x00000000   Number         0  usb_regs.o ABSOLUTE
    ..\..\..\Libraries\STM32_USB-FS-Device_Driver\src\usb_sil.c 0x00000000   Number         0  usb_sil.o ABSOLUTE
    ..\..\..\Utilities\STM32_EVAL\STM32L152_EVAL\stm32l152_eval.c 0x00000000   Number         0  stm32l152_eval.o ABSOLUTE
    ..\\..\\..\\Libraries\\STM32F10x_StdPeriph_Driver\\src\\misc.c 0x00000000   Number         0  misc.o ABSOLUTE
    ..\\..\\..\\Libraries\\STM32L1xx_StdPeriph_Driver\\src\\stm32l1xx_dac.c 0x00000000   Number         0  stm32l1xx_dac.o ABSOLUTE
    ..\\..\\..\\Libraries\\STM32L1xx_StdPeriph_Driver\\src\\stm32l1xx_dma.c 0x00000000   Number         0  stm32l1xx_dma.o ABSOLUTE
    ..\\..\\..\\Libraries\\STM32L1xx_StdPeriph_Driver\\src\\stm32l1xx_exti.c 0x00000000   Number         0  stm32l1xx_exti.o ABSOLUTE
    ..\\..\\..\\Libraries\\STM32L1xx_StdPeriph_Driver\\src\\stm32l1xx_flash.c 0x00000000   Number         0  stm32l1xx_flash.o ABSOLUTE
    ..\\..\\..\\Libraries\\STM32L1xx_StdPeriph_Driver\\src\\stm32l1xx_gpio.c 0x00000000   Number         0  stm32l1xx_gpio.o ABSOLUTE
    ..\\..\\..\\Libraries\\STM32L1xx_StdPeriph_Driver\\src\\stm32l1xx_i2c.c 0x00000000   Number         0  stm32l1xx_i2c.o ABSOLUTE
    ..\\..\\..\\Libraries\\STM32L1xx_StdPeriph_Driver\\src\\stm32l1xx_pwr.c 0x00000000   Number         0  stm32l1xx_pwr.o ABSOLUTE
    ..\\..\\..\\Libraries\\STM32L1xx_StdPeriph_Driver\\src\\stm32l1xx_rcc.c 0x00000000   Number         0  stm32l1xx_rcc.o ABSOLUTE
    ..\\..\\..\\Libraries\\STM32L1xx_StdPeriph_Driver\\src\\stm32l1xx_sdio.c 0x00000000   Number         0  stm32l1xx_sdio.o ABSOLUTE
    ..\\..\\..\\Libraries\\STM32L1xx_StdPeriph_Driver\\src\\stm32l1xx_spi.c 0x00000000   Number         0  stm32l1xx_spi.o ABSOLUTE
    ..\\..\\..\\Libraries\\STM32L1xx_StdPeriph_Driver\\src\\stm32l1xx_syscfg.c 0x00000000   Number         0  stm32l1xx_syscfg.o ABSOLUTE
    ..\\..\\..\\Libraries\\STM32L1xx_StdPeriph_Driver\\src\\stm32l1xx_tim.c 0x00000000   Number         0  stm32l1xx_tim.o ABSOLUTE
    ..\\..\\..\\Libraries\\STM32L1xx_StdPeriph_Driver\\src\\stm32l1xx_usart.c 0x00000000   Number         0  stm32l1xx_usart.o ABSOLUTE
    ..\\..\\..\\Libraries\\STM32_USB-FS-Device_Driver\\src\\usb_core.c 0x00000000   Number         0  usb_core.o ABSOLUTE
    ..\\..\\..\\Libraries\\STM32_USB-FS-Device_Driver\\src\\usb_init.c 0x00000000   Number         0  usb_init.o ABSOLUTE
    ..\\..\\..\\Libraries\\STM32_USB-FS-Device_Driver\\src\\usb_int.c 0x00000000   Number         0  usb_int.o ABSOLUTE
    ..\\..\\..\\Libraries\\STM32_USB-FS-Device_Driver\\src\\usb_mem.c 0x00000000   Number         0  usb_mem.o ABSOLUTE
    ..\\..\\..\\Libraries\\STM32_USB-FS-Device_Driver\\src\\usb_regs.c 0x00000000   Number         0  usb_regs.o ABSOLUTE
    ..\\..\\..\\Libraries\\STM32_USB-FS-Device_Driver\\src\\usb_sil.c 0x00000000   Number         0  usb_sil.o ABSOLUTE
    ..\\..\\..\\Utilities\\STM32_EVAL\\STM32L152_EVAL\\stm32l152_eval.c 0x00000000   Number         0  stm32l152_eval.o ABSOLUTE
    ..\\src\\hw_config.c                     0x00000000   Number         0  hw_config.o ABSOLUTE
    ..\\src\\main.c                          0x00000000   Number         0  main.o ABSOLUTE
    ..\\src\\stm32_it.c                      0x00000000   Number         0  stm32_it.o ABSOLUTE
    ..\\src\\system_stm32l1xx.c              0x00000000   Number         0  system_stm32l1xx.o ABSOLUTE
    ..\\src\\usb_desc.c                      0x00000000   Number         0  usb_desc.o ABSOLUTE
    ..\\src\\usb_endp.c                      0x00000000   Number         0  usb_endp.o ABSOLUTE
    ..\\src\\usb_istr.c                      0x00000000   Number         0  usb_istr.o ABSOLUTE
    ..\\src\\usb_prop.c                      0x00000000   Number         0  usb_prop.o ABSOLUTE
    ..\\src\\usb_pwr.c                       0x00000000   Number         0  usb_pwr.o ABSOLUTE
    ..\src\hw_config.c                       0x00000000   Number         0  hw_config.o ABSOLUTE
    ..\src\main.c                            0x00000000   Number         0  main.o ABSOLUTE
    ..\src\stm32_it.c                        0x00000000   Number         0  stm32_it.o ABSOLUTE
    ..\src\system_stm32l1xx.c                0x00000000   Number         0  system_stm32l1xx.o ABSOLUTE
    ..\src\usb_desc.c                        0x00000000   Number         0  usb_desc.o ABSOLUTE
    ..\src\usb_endp.c                        0x00000000   Number         0  usb_endp.o ABSOLUTE
    ..\src\usb_istr.c                        0x00000000   Number         0  usb_istr.o ABSOLUTE
    ..\src\usb_prop.c                        0x00000000   Number         0  usb_prop.o ABSOLUTE
    ..\src\usb_pwr.c                         0x00000000   Number         0  usb_pwr.o ABSOLUTE
    dc.s                                     0x00000000   Number         0  dc.o ABSOLUTE
    handlers.s                               0x00000000   Number         0  handlers.o ABSOLUTE
    init.s                                   0x00000000   Number         0  init.o ABSOLUTE
    RESET                                    0x08000000   Section      244  startup_stm32l1xx_md.o(RESET)
    .ARM.Collect$$$$00000000                 0x080000f4   Section        0  entry.o(.ARM.Collect$$$$00000000)
    .ARM.Collect$$$$00000001                 0x080000f4   Section        4  entry2.o(.ARM.Collect$$$$00000001)
    .ARM.Collect$$$$00000004                 0x080000f8   Section        4  entry5.o(.ARM.Collect$$$$00000004)
    .ARM.Collect$$$$00000008                 0x080000fc   Section        0  entry7b.o(.ARM.Collect$$$$00000008)
    .ARM.Collect$$$$00000009                 0x080000fc   Section        8  entry8.o(.ARM.Collect$$$$00000009)
    .ARM.Collect$$$$00002712                 0x08000104   Section        4  entry2.o(.ARM.Collect$$$$00002712)
    __lit__00000000                          0x08000104   Data           4  entry2.o(.ARM.Collect$$$$00002712)
    .text                                    0x08000108   Section       36  startup_stm32l1xx_md.o(.text)
    .text                                    0x0800012c   Section       36  init.o(.text)
    i.Audio_Config                           0x08000150   Section        0  hw_config.o(i.Audio_Config)
    i.BusFault_Handler                       0x08000170   Section        0  stm32_it.o(i.BusFault_Handler)
    i.ByteSwap                               0x08000172   Section        0  usb_regs.o(i.ByteSwap)
    i.CTR_HP                                 0x0800017c   Section        0  usb_int.o(i.CTR_HP)
    i.CTR_LP                                 0x080001f4   Section        0  usb_int.o(i.CTR_LP)
    i.ClearDTOG_RX                           0x0800033c   Section        0  usb_regs.o(i.ClearDTOG_RX)
    i.ClearDTOG_TX                           0x08000360   Section        0  usb_regs.o(i.ClearDTOG_TX)
    i.Clear_Status_Out                       0x08000384   Section        0  usb_regs.o(i.Clear_Status_Out)
    i.DAC_Cmd                                0x080003a4   Section        0  stm32l1xx_dac.o(i.DAC_Cmd)
    i.DAC_DeInit                             0x080003bc   Section        0  stm32l1xx_dac.o(i.DAC_DeInit)
    i.DAC_Init                               0x080003d4   Section        0  stm32l1xx_dac.o(i.DAC_Init)
    i.DAC_SetChannel1Data                    0x080003fc   Section        0  stm32l1xx_dac.o(i.DAC_SetChannel1Data)
    i.DAC_StructInit                         0x08000408   Section        0  stm32l1xx_dac.o(i.DAC_StructInit)
    i.DataStageIn                            0x08000414   Section        0  usb_core.o(i.DataStageIn)
    DataStageIn                              0x08000415   Thumb Code   162  usb_core.o(i.DataStageIn)
    i.DataStageOut                           0x080004d0   Section        0  usb_core.o(i.DataStageOut)
    DataStageOut                             0x080004d1   Thumb Code   146  usb_core.o(i.DataStageOut)
    i.Data_Setup0                            0x08000578   Section        0  usb_core.o(i.Data_Setup0)
    Data_Setup0                              0x08000579   Thumb Code   374  usb_core.o(i.Data_Setup0)
    i.DebugMon_Handler                       0x08000714   Section        0  stm32_it.o(i.DebugMon_Handler)
    i.EP1_OUT_Callback                       0x08000718   Section        0  usb_endp.o(i.EP1_OUT_Callback)
    i.FreeUserBuffer                         0x08000760   Section        0  usb_regs.o(i.FreeUserBuffer)
    i.GPIO_Init                              0x08000794   Section        0  stm32l1xx_gpio.o(i.GPIO_Init)
    i.GetENDPOINT                            0x08000810   Section        0  usb_regs.o(i.GetENDPOINT)
    i.GetEPDblBuf0Count                      0x08000820   Section        0  usb_regs.o(i.GetEPDblBuf0Count)
    i.GetEPDblBuf1Count                      0x08000840   Section        0  usb_regs.o(i.GetEPDblBuf1Count)
    i.GetEPRxAddr                            0x08000860   Section        0  usb_regs.o(i.GetEPRxAddr)
    i.GetEPTxAddr                            0x08000880   Section        0  usb_regs.o(i.GetEPTxAddr)
    i.Get_SerialNum                          0x0800089c   Section        0  hw_config.o(i.Get_SerialNum)
    i.HardFault_Handler                      0x080008cc   Section        0  stm32_it.o(i.HardFault_Handler)
    i.In0_Process                            0x080008d0   Section        0  usb_core.o(i.In0_Process)
    i.IntToUnicode                           0x0800092c   Section        0  hw_config.o(i.IntToUnicode)
    IntToUnicode                             0x0800092d   Thumb Code    54  hw_config.o(i.IntToUnicode)
    i.MemManage_Handler                      0x08000962   Section        0  stm32_it.o(i.MemManage_Handler)
    i.Mute_Command                           0x08000964   Section        0  usb_prop.o(i.Mute_Command)
    i.NMI_Handler                            0x08000980   Section        0  stm32_it.o(i.NMI_Handler)
    i.NOP_Process                            0x08000982   Section        0  usb_core.o(i.NOP_Process)
    i.NVIC_Init                              0x08000984   Section        0  misc.o(i.NVIC_Init)
    i.NVIC_PriorityGroupConfig               0x080009e8   Section        0  misc.o(i.NVIC_PriorityGroupConfig)
    i.NoData_Setup0                          0x080009fc   Section        0  usb_core.o(i.NoData_Setup0)
    NoData_Setup0                            0x080009fd   Thumb Code   190  usb_core.o(i.NoData_Setup0)
    i.Out0_Process                           0x08000ad0   Section        0  usb_core.o(i.Out0_Process)
    i.PMAToUserBufferCopy                    0x08000b18   Section        0  usb_mem.o(i.PMAToUserBufferCopy)
    i.PendSV_Handler                         0x08000b34   Section        0  stm32_it.o(i.PendSV_Handler)
    i.Post0_Process                          0x08000b38   Section        0  usb_core.o(i.Post0_Process)
    i.PowerOn                                0x08000b7c   Section        0  usb_pwr.o(i.PowerOn)
    i.RCC_AHBPeriphClockCmd                  0x08000ba8   Section        0  stm32l1xx_rcc.o(i.RCC_AHBPeriphClockCmd)
    i.RCC_APB1PeriphClockCmd                 0x08000bc0   Section        0  stm32l1xx_rcc.o(i.RCC_APB1PeriphClockCmd)
    i.RCC_APB1PeriphResetCmd                 0x08000bd8   Section        0  stm32l1xx_rcc.o(i.RCC_APB1PeriphResetCmd)
    i.RCC_APB2PeriphClockCmd                 0x08000bf0   Section        0  stm32l1xx_rcc.o(i.RCC_APB2PeriphClockCmd)
    i.RCC_APB2PeriphResetCmd                 0x08000c08   Section        0  stm32l1xx_rcc.o(i.RCC_APB2PeriphResetCmd)
    i.SOF_Callback                           0x08000c20   Section        0  usb_istr.o(i.SOF_Callback)
    i.SVC_Handler                            0x08000c34   Section        0  stm32_it.o(i.SVC_Handler)
    i.SYSCFG_USBPuCmd                        0x08000c38   Section        0  stm32l1xx_syscfg.o(i.SYSCFG_USBPuCmd)
    i.SetBTABLE                              0x08000c54   Section        0  usb_regs.o(i.SetBTABLE)
    i.SetDeviceAddress                       0x08000c64   Section        0  usb_core.o(i.SetDeviceAddress)
    i.SetEPDblBuffAddr                       0x08000ca8   Section        0  usb_regs.o(i.SetEPDblBuffAddr)
    i.SetEPDblBuffCount                      0x08000cdc   Section        0  usb_regs.o(i.SetEPDblBuffCount)
    i.SetEPRxAddr                            0x08000d88   Section        0  usb_regs.o(i.SetEPRxAddr)
    i.SetEPRxCount                           0x08000da8   Section        0  usb_regs.o(i.SetEPRxCount)
    i.SetEPRxStatus                          0x08000de8   Section        0  usb_regs.o(i.SetEPRxStatus)
    i.SetEPRxValid                           0x08000e18   Section        0  usb_regs.o(i.SetEPRxValid)
    i.SetEPTxAddr                            0x08000e3c   Section        0  usb_regs.o(i.SetEPTxAddr)
    i.SetEPTxCount                           0x08000e5c   Section        0  usb_regs.o(i.SetEPTxCount)
    i.SetEPTxStatus                          0x08000e78   Section        0  usb_regs.o(i.SetEPTxStatus)
    i.SetEPType                              0x08000ea8   Section        0  usb_regs.o(i.SetEPType)
    i.SetSysClock                            0x08000ec4   Section        0  system_stm32l1xx.o(i.SetSysClock)
    SetSysClock                              0x08000ec5   Thumb Code   162  system_stm32l1xx.o(i.SetSysClock)
    i.Set_System                             0x08000f74   Section        0  hw_config.o(i.Set_System)
    i.Set_USBClock                           0x08000f8e   Section        0  hw_config.o(i.Set_USBClock)
    i.Setup0_Process                         0x08000f98   Section        0  usb_core.o(i.Setup0_Process)
    i.Speaker_Config                         0x08001000   Section        0  hw_config.o(i.Speaker_Config)
    i.Speaker_Data_Setup                     0x080010a0   Section        0  usb_prop.o(i.Speaker_Data_Setup)
    i.Speaker_GetConfigDescriptor            0x080010cc   Section        0  usb_prop.o(i.Speaker_GetConfigDescriptor)
    i.Speaker_GetDeviceDescriptor            0x080010d8   Section        0  usb_prop.o(i.Speaker_GetDeviceDescriptor)
    i.Speaker_GetStringDescriptor            0x080010e4   Section        0  usb_prop.o(i.Speaker_GetStringDescriptor)
    i.Speaker_Get_Interface_Setting          0x08001104   Section        0  usb_prop.o(i.Speaker_Get_Interface_Setting)
    i.Speaker_NoData_Setup                   0x08001114   Section        0  usb_prop.o(i.Speaker_NoData_Setup)
    i.Speaker_Reset                          0x08001118   Section        0  usb_prop.o(i.Speaker_Reset)
    i.Speaker_SetConfiguration               0x080011e0   Section        0  usb_prop.o(i.Speaker_SetConfiguration)
    i.Speaker_SetDeviceAddress               0x080011f8   Section        0  usb_prop.o(i.Speaker_SetDeviceAddress)
    i.Speaker_Status_In                      0x08001204   Section        0  usb_prop.o(i.Speaker_Status_In)
    i.Speaker_Status_Out                     0x08001206   Section        0  usb_prop.o(i.Speaker_Status_Out)
    i.Speaker_init                           0x08001208   Section        0  usb_prop.o(i.Speaker_init)
    i.Standard_ClearFeature                  0x0800122c   Section        0  usb_core.o(i.Standard_ClearFeature)
    i.Standard_GetConfiguration              0x08001318   Section        0  usb_core.o(i.Standard_GetConfiguration)
    i.Standard_GetDescriptorData             0x08001340   Section        0  usb_core.o(i.Standard_GetDescriptorData)
    i.Standard_GetInterface                  0x0800135c   Section        0  usb_core.o(i.Standard_GetInterface)
    i.Standard_GetStatus                     0x08001384   Section        0  usb_core.o(i.Standard_GetStatus)
    i.Standard_SetConfiguration              0x08001414   Section        0  usb_core.o(i.Standard_SetConfiguration)
    i.Standard_SetDeviceFeature              0x0800144c   Section        0  usb_core.o(i.Standard_SetDeviceFeature)
    i.Standard_SetEndPointFeature            0x08001470   Section        0  usb_core.o(i.Standard_SetEndPointFeature)
    i.Standard_SetInterface                  0x080014f4   Section        0  usb_core.o(i.Standard_SetInterface)
    i.SysTick_Handler                        0x0800153c   Section        0  stm32_it.o(i.SysTick_Handler)
    i.SystemInit                             0x08001540   Section        0  system_stm32l1xx.o(i.SystemInit)
    i.TIM6_IRQHandler                        0x08001594   Section        0  stm32_it.o(i.TIM6_IRQHandler)
    i.TIM_ClearITPendingBit                  0x080015e8   Section        0  stm32l1xx_tim.o(i.TIM_ClearITPendingBit)
    i.TIM_Cmd                                0x080015ee   Section        0  stm32l1xx_tim.o(i.TIM_Cmd)
    i.TIM_DeInit                             0x08001604   Section        0  stm32l1xx_tim.o(i.TIM_DeInit)
    i.TIM_GetITStatus                        0x080016e8   Section        0  stm32l1xx_tim.o(i.TIM_GetITStatus)
    i.TIM_ITConfig                           0x080016fe   Section        0  stm32l1xx_tim.o(i.TIM_ITConfig)
    i.TIM_SelectOutputTrigger                0x0800170e   Section        0  stm32l1xx_tim.o(i.TIM_SelectOutputTrigger)
    i.TIM_SetAutoreload                      0x0800171e   Section        0  stm32l1xx_tim.o(i.TIM_SetAutoreload)
    i.ToggleDTOG_TX                          0x08001724   Section        0  usb_regs.o(i.ToggleDTOG_TX)
    i.USB_Cable_Config                       0x08001744   Section        0  hw_config.o(i.USB_Cable_Config)
    i.USB_Config                             0x0800174c   Section        0  hw_config.o(i.USB_Config)
    i.USB_HP_IRQHandler                      0x08001788   Section        0  stm32_it.o(i.USB_HP_IRQHandler)
    i.USB_Init                               0x0800178c   Section        0  usb_init.o(i.USB_Init)
    i.USB_Istr                               0x080017b4   Section        0  usb_istr.o(i.USB_Istr)
    i.USB_LP_IRQHandler                      0x08001814   Section        0  stm32_it.o(i.USB_LP_IRQHandler)
    i.USB_SIL_Init                           0x08001818   Section        0  usb_sil.o(i.USB_SIL_Init)
    i.UsageFault_Handler                     0x08001838   Section        0  stm32_it.o(i.UsageFault_Handler)
    i.UserToPMABufferCopy                    0x0800183c   Section        0  usb_mem.o(i.UserToPMABufferCopy)
    i.__scatterload_copy                     0x08001864   Section       14  handlers.o(i.__scatterload_copy)
    i.__scatterload_null                     0x08001872   Section        2  handlers.o(i.__scatterload_null)
    i.__scatterload_zeroinit                 0x08001874   Section       14  handlers.o(i.__scatterload_zeroinit)
    i.main                                   0x08001882   Section        0  main.o(i.main)
    .constdata                               0x08001898   Section       18  usb_desc.o(.constdata)
    .constdata                               0x080018aa   Section      109  usb_desc.o(.constdata)
    .constdata                               0x08001917   Section        4  usb_desc.o(.constdata)
    .constdata                               0x0800191b   Section       38  usb_desc.o(.constdata)
    .constdata                               0x08001941   Section       28  usb_desc.o(.constdata)
    .data                                    0x20000000   Section       26  usb_desc.o(.data)
    .data                                    0x2000001a   Section        2  usb_endp.o(.data)
    .data                                    0x2000001c   Section        4  usb_istr.o(.data)
    .data                                    0x20000020   Section       28  usb_istr.o(.data)
    .data                                    0x2000003c   Section       28  usb_istr.o(.data)
    .data                                    0x20000058   Section      100  usb_prop.o(.data)
    .data                                    0x200000bc   Section        2  usb_prop.o(.data)
    .data                                    0x200000c0   Section       36  usb_prop.o(.data)
    .data                                    0x200000e4   Section        4  usb_pwr.o(.data)
    .data                                    0x200000e8   Section        2  stm32_it.o(.data)
    .data                                    0x200000ec   Section       29  system_stm32l1xx.o(.data)
    .data                                    0x2000010a   Section        4  usb_core.o(.data)
    .data                                    0x2000010e   Section        1  usb_init.o(.data)
    .data                                    0x20000110   Section       12  usb_init.o(.data)
    .data                                    0x2000011c   Section        2  usb_init.o(.data)
    .data                                    0x2000011e   Section        4  usb_int.o(.data)
    .bss                                     0x20000124   Section       24  usb_endp.o(.bss)
    .bss                                     0x2000013c   Section       28  usb_init.o(.bss)
    STACK                                    0x20000158   Section     1024  startup_stm32l1xx_md.o(STACK)

    Global Symbols

    Symbol Name                              Value     Ov Type        Size  Object(Section)

    BuildAttributes$$THM_ISAv4$P$D$K$B$S$PE$A:L22UL41UL21$X:L11$S22US41US21$IEEE1$IW$USESV6$~STKCKD$USESV7$~SHL$OSPACE$EBA8$MICROLIB$REQ8$PRES8$EABIv2 0x00000000   Number         0  anon$$obj.o ABSOLUTE
    __ARM_use_no_argv                        0x00000000   Number         0  main.o ABSOLUTE
    __decompress                              - Undefined Weak Reference
    _clock_init                               - Undefined Weak Reference
    __Vectors_Size                           0x000000f4   Number         0  startup_stm32l1xx_md.o ABSOLUTE
    __Vectors                                0x08000000   Data           4  startup_stm32l1xx_md.o(RESET)
    __Vectors_End                            0x080000f4   Data           0  startup_stm32l1xx_md.o(RESET)
    __main                                   0x080000f5   Thumb Code     0  entry.o(.ARM.Collect$$$$00000000)
    _main_stk                                0x080000f5   Thumb Code     0  entry2.o(.ARM.Collect$$$$00000001)
    _main_scatterload                        0x080000f9   Thumb Code     0  entry5.o(.ARM.Collect$$$$00000004)
    __main_after_scatterload                 0x080000fd   Thumb Code     0  entry5.o(.ARM.Collect$$$$00000004)
    _main_clock                              0x080000fd   Thumb Code     0  entry7b.o(.ARM.Collect$$$$00000008)
    _main_init                               0x080000fd   Thumb Code     0  entry8.o(.ARM.Collect$$$$00000009)
    Reset_Handler                            0x08000109   Thumb Code     8  startup_stm32l1xx_md.o(.text)
    ADC1_IRQHandler                          0x08000123   Thumb Code     0  startup_stm32l1xx_md.o(.text)
    COMP_IRQHandler                          0x08000123   Thumb Code     0  startup_stm32l1xx_md.o(.text)
    DAC_IRQHandler                           0x08000123   Thumb Code     0  startup_stm32l1xx_md.o(.text)
    DMA1_Channel1_IRQHandler                 0x08000123   Thumb Code     0  startup_stm32l1xx_md.o(.text)
    DMA1_Channel2_IRQHandler                 0x08000123   Thumb Code     0  startup_stm32l1xx_md.o(.text)
    DMA1_Channel3_IRQHandler                 0x08000123   Thumb Code     0  startup_stm32l1xx_md.o(.text)
    DMA1_Channel4_IRQHandler                 0x08000123   Thumb Code     0  startup_stm32l1xx_md.o(.text)
    DMA1_Channel5_IRQHandler                 0x08000123   Thumb Code     0  startup_stm32l1xx_md.o(.text)
    DMA1_Channel6_IRQHandler                 0x08000123   Thumb Code     0  startup_stm32l1xx_md.o(.text)
    DMA1_Channel7_IRQHandler                 0x08000123   Thumb Code     0  startup_stm32l1xx_md.o(.text)
    EXTI0_IRQHandler                         0x08000123   Thumb Code     0  startup_stm32l1xx_md.o(.text)
    EXTI15_10_IRQHandler                     0x08000123   Thumb Code     0  startup_stm32l1xx_md.o(.text)
    EXTI1_IRQHandler                         0x08000123   Thumb Code     0  startup_stm32l1xx_md.o(.text)
    EXTI2_IRQHandler                         0x08000123   Thumb Code     0  startup_stm32l1xx_md.o(.text)
    EXTI3_IRQHandler                         0x08000123   Thumb Code     0  startup_stm32l1xx_md.o(.text)
    EXTI4_IRQHandler                         0x08000123   Thumb Code     0  startup_stm32l1xx_md.o(.text)
    EXTI9_5_IRQHandler                       0x08000123   Thumb Code     0  startup_stm32l1xx_md.o(.text)
    FLASH_IRQHandler                         0x08000123   Thumb Code     0  startup_stm32l1xx_md.o(.text)
    I2C1_ER_IRQHandler                       0x08000123   Thumb Code     0  startup_stm32l1xx_md.o(.text)
    I2C1_EV_IRQHandler                       0x08000123   Thumb Code     0  startup_stm32l1xx_md.o(.text)
    I2C2_ER_IRQHandler                       0x08000123   Thumb Code     0  startup_stm32l1xx_md.o(.text)
    I2C2_EV_IRQHandler                       0x08000123   Thumb Code     0  startup_stm32l1xx_md.o(.text)
    LCD_IRQHandler                           0x08000123   Thumb Code     0  startup_stm32l1xx_md.o(.text)
    PVD_IRQHandler                           0x08000123   Thumb Code     0  startup_stm32l1xx_md.o(.text)
    RCC_IRQHandler                           0x08000123   Thumb Code     0  startup_stm32l1xx_md.o(.text)
    RTC_Alarm_IRQHandler                     0x08000123   Thumb Code     0  startup_stm32l1xx_md.o(.text)
    RTC_WKUP_IRQHandler                      0x08000123   Thumb Code     0  startup_stm32l1xx_md.o(.text)
    SPI1_IRQHandler                          0x08000123   Thumb Code     0  startup_stm32l1xx_md.o(.text)
    SPI2_IRQHandler                          0x08000123   Thumb Code     0  startup_stm32l1xx_md.o(.text)
    TAMPER_STAMP_IRQHandler                  0x08000123   Thumb Code     0  startup_stm32l1xx_md.o(.text)
    TIM10_IRQHandler                         0x08000123   Thumb Code     0  startup_stm32l1xx_md.o(.text)
    TIM11_IRQHandler                         0x08000123   Thumb Code     0  startup_stm32l1xx_md.o(.text)
    TIM2_IRQHandler                          0x08000123   Thumb Code     0  startup_stm32l1xx_md.o(.text)
    TIM3_IRQHandler                          0x08000123   Thumb Code     0  startup_stm32l1xx_md.o(.text)
    TIM4_IRQHandler                          0x08000123   Thumb Code     0  startup_stm32l1xx_md.o(.text)
    TIM7_IRQHandler                          0x08000123   Thumb Code     0  startup_stm32l1xx_md.o(.text)
    TIM9_IRQHandler                          0x08000123   Thumb Code     0  startup_stm32l1xx_md.o(.text)
    USART1_IRQHandler                        0x08000123   Thumb Code     0  startup_stm32l1xx_md.o(.text)
    USART2_IRQHandler                        0x08000123   Thumb Code     0  startup_stm32l1xx_md.o(.text)
    USART3_IRQHandler                        0x08000123   Thumb Code     0  startup_stm32l1xx_md.o(.text)
    USB_FS_WKUP_IRQHandler                   0x08000123   Thumb Code     0  startup_stm32l1xx_md.o(.text)
    WWDG_IRQHandler                          0x08000123   Thumb Code     0  startup_stm32l1xx_md.o(.text)
    __scatterload                            0x0800012d   Thumb Code    28  init.o(.text)
    __scatterload_rt2                        0x0800012d   Thumb Code     0  init.o(.text)
    Audio_Config                             0x08000151   Thumb Code    32  hw_config.o(i.Audio_Config)
    BusFault_Handler                         0x08000171   Thumb Code     2  stm32_it.o(i.BusFault_Handler)
    ByteSwap                                 0x08000173   Thumb Code    10  usb_regs.o(i.ByteSwap)
    CTR_HP                                   0x0800017d   Thumb Code   100  usb_int.o(i.CTR_HP)
    CTR_LP                                   0x080001f5   Thumb Code   304  usb_int.o(i.CTR_LP)
    ClearDTOG_RX                             0x0800033d   Thumb Code    32  usb_regs.o(i.ClearDTOG_RX)
    ClearDTOG_TX                             0x08000361   Thumb Code    32  usb_regs.o(i.ClearDTOG_TX)
    Clear_Status_Out                         0x08000385   Thumb Code    26  usb_regs.o(i.Clear_Status_Out)
    DAC_Cmd                                  0x080003a5   Thumb Code    20  stm32l1xx_dac.o(i.DAC_Cmd)
    DAC_DeInit                               0x080003bd   Thumb Code    24  stm32l1xx_dac.o(i.DAC_DeInit)
    DAC_Init                                 0x080003d5   Thumb Code    36  stm32l1xx_dac.o(i.DAC_Init)
    DAC_SetChannel1Data                      0x080003fd   Thumb Code     8  stm32l1xx_dac.o(i.DAC_SetChannel1Data)
    DAC_StructInit                           0x08000409   Thumb Code    12  stm32l1xx_dac.o(i.DAC_StructInit)
    DebugMon_Handler                         0x08000715   Thumb Code     2  stm32_it.o(i.DebugMon_Handler)
    EP1_OUT_Callback                         0x08000719   Thumb Code    62  usb_endp.o(i.EP1_OUT_Callback)
    FreeUserBuffer                           0x08000761   Thumb Code    46  usb_regs.o(i.FreeUserBuffer)
    GPIO_Init                                0x08000795   Thumb Code   122  stm32l1xx_gpio.o(i.GPIO_Init)
    GetENDPOINT                              0x08000811   Thumb Code    10  usb_regs.o(i.GetENDPOINT)
    GetEPDblBuf0Count                        0x08000821   Thumb Code    24  usb_regs.o(i.GetEPDblBuf0Count)
    GetEPDblBuf1Count                        0x08000841   Thumb Code    24  usb_regs.o(i.GetEPDblBuf1Count)
    GetEPRxAddr                              0x08000861   Thumb Code    22  usb_regs.o(i.GetEPRxAddr)
    GetEPTxAddr                              0x08000881   Thumb Code    20  usb_regs.o(i.GetEPTxAddr)
    Get_SerialNum                            0x0800089d   Thumb Code    40  hw_config.o(i.Get_SerialNum)
    HardFault_Handler                        0x080008cd   Thumb Code     2  stm32_it.o(i.HardFault_Handler)
    In0_Process                              0x080008d1   Thumb Code    80  usb_core.o(i.In0_Process)
    MemManage_Handler                        0x08000963   Thumb Code     2  stm32_it.o(i.MemManage_Handler)
    Mute_Command                             0x08000965   Thumb Code    18  usb_prop.o(i.Mute_Command)
    NMI_Handler                              0x08000981   Thumb Code     2  stm32_it.o(i.NMI_Handler)
    NOP_Process                              0x08000983   Thumb Code     2  usb_core.o(i.NOP_Process)
    NVIC_Init                                0x08000985   Thumb Code    90  misc.o(i.NVIC_Init)
    NVIC_PriorityGroupConfig                 0x080009e9   Thumb Code    10  misc.o(i.NVIC_PriorityGroupConfig)
    Out0_Process                             0x08000ad1   Thumb Code    62  usb_core.o(i.Out0_Process)
    PMAToUserBufferCopy                      0x08000b19   Thumb Code    24  usb_mem.o(i.PMAToUserBufferCopy)
    PendSV_Handler                           0x08000b35   Thumb Code     2  stm32_it.o(i.PendSV_Handler)
    Post0_Process                            0x08000b39   Thumb Code    52  usb_core.o(i.Post0_Process)
    PowerOn                                  0x08000b7d   Thumb Code    36  usb_pwr.o(i.PowerOn)
    RCC_AHBPeriphClockCmd                    0x08000ba9   Thumb Code    18  stm32l1xx_rcc.o(i.RCC_AHBPeriphClockCmd)
    RCC_APB1PeriphClockCmd                   0x08000bc1   Thumb Code    18  stm32l1xx_rcc.o(i.RCC_APB1PeriphClockCmd)
    RCC_APB1PeriphResetCmd                   0x08000bd9   Thumb Code    18  stm32l1xx_rcc.o(i.RCC_APB1PeriphResetCmd)
    RCC_APB2PeriphClockCmd                   0x08000bf1   Thumb Code    18  stm32l1xx_rcc.o(i.RCC_APB2PeriphClockCmd)
    RCC_APB2PeriphResetCmd                   0x08000c09   Thumb Code    18  stm32l1xx_rcc.o(i.RCC_APB2PeriphResetCmd)
    SOF_Callback                             0x08000c21   Thumb Code    12  usb_istr.o(i.SOF_Callback)
    SVC_Handler                              0x08000c35   Thumb Code     2  stm32_it.o(i.SVC_Handler)
    SYSCFG_USBPuCmd                          0x08000c39   Thumb Code    22  stm32l1xx_syscfg.o(i.SYSCFG_USBPuCmd)
    SetBTABLE                                0x08000c55   Thumb Code    10  usb_regs.o(i.SetBTABLE)
    SetDeviceAddress                         0x08000c65   Thumb Code    58  usb_core.o(i.SetDeviceAddress)
    SetEPDblBuffAddr                         0x08000ca9   Thumb Code    42  usb_regs.o(i.SetEPDblBuffAddr)
    SetEPDblBuffCount                        0x08000cdd   Thumb Code   164  usb_regs.o(i.SetEPDblBuffCount)
    SetEPRxAddr                              0x08000d89   Thumb Code    24  usb_regs.o(i.SetEPRxAddr)
    SetEPRxCount                             0x08000da9   Thumb Code    56  usb_regs.o(i.SetEPRxCount)
    SetEPRxStatus                            0x08000de9   Thumb Code    44  usb_regs.o(i.SetEPRxStatus)
    SetEPRxValid                             0x08000e19   Thumb Code    30  usb_regs.o(i.SetEPRxValid)
    SetEPTxAddr                              0x08000e3d   Thumb Code    22  usb_regs.o(i.SetEPTxAddr)
    SetEPTxCount                             0x08000e5d   Thumb Code    20  usb_regs.o(i.SetEPTxCount)
    SetEPTxStatus                            0x08000e79   Thumb Code    44  usb_regs.o(i.SetEPTxStatus)
    SetEPType                                0x08000ea9   Thumb Code    22  usb_regs.o(i.SetEPType)
    Set_System                               0x08000f75   Thumb Code    26  hw_config.o(i.Set_System)
    Set_USBClock                             0x08000f8f   Thumb Code     8  hw_config.o(i.Set_USBClock)
    Setup0_Process                           0x08000f99   Thumb Code    92  usb_core.o(i.Setup0_Process)
    Speaker_Config                           0x08001001   Thumb Code   142  hw_config.o(i.Speaker_Config)
    Speaker_Data_Setup                       0x080010a1   Thumb Code    34  usb_prop.o(i.Speaker_Data_Setup)
    Speaker_GetConfigDescriptor              0x080010cd   Thumb Code     6  usb_prop.o(i.Speaker_GetConfigDescriptor)
    Speaker_GetDeviceDescriptor              0x080010d9   Thumb Code     6  usb_prop.o(i.Speaker_GetDeviceDescriptor)
    Speaker_GetStringDescriptor              0x080010e5   Thumb Code    24  usb_prop.o(i.Speaker_GetStringDescriptor)
    Speaker_Get_Interface_Setting            0x08001105   Thumb Code    16  usb_prop.o(i.Speaker_Get_Interface_Setting)
    Speaker_NoData_Setup                     0x08001115   Thumb Code     4  usb_prop.o(i.Speaker_NoData_Setup)
    Speaker_Reset                            0x08001119   Thumb Code   174  usb_prop.o(i.Speaker_Reset)
    Speaker_SetConfiguration                 0x080011e1   Thumb Code    16  usb_prop.o(i.Speaker_SetConfiguration)
    Speaker_SetDeviceAddress                 0x080011f9   Thumb Code     8  usb_prop.o(i.Speaker_SetDeviceAddress)
    Speaker_Status_In                        0x08001205   Thumb Code     2  usb_prop.o(i.Speaker_Status_In)
    Speaker_Status_Out                       0x08001207   Thumb Code     2  usb_prop.o(i.Speaker_Status_Out)
    Speaker_init                             0x08001209   Thumb Code    28  usb_prop.o(i.Speaker_init)
    Standard_ClearFeature                    0x0800122d   Thumb Code   216  usb_core.o(i.Standard_ClearFeature)
    Standard_GetConfiguration                0x08001319   Thumb Code    30  usb_core.o(i.Standard_GetConfiguration)
    Standard_GetDescriptorData               0x08001341   Thumb Code    24  usb_core.o(i.Standard_GetDescriptorData)
    Standard_GetInterface                    0x0800135d   Thumb Code    30  usb_core.o(i.Standard_GetInterface)
    Standard_GetStatus                       0x08001385   Thumb Code   128  usb_core.o(i.Standard_GetStatus)
    Standard_SetConfiguration                0x08001415   Thumb Code    42  usb_core.o(i.Standard_SetConfiguration)
    Standard_SetDeviceFeature                0x0800144d   Thumb Code    26  usb_core.o(i.Standard_SetDeviceFeature)
    Standard_SetEndPointFeature              0x08001471   Thumb Code   116  usb_core.o(i.Standard_SetEndPointFeature)
    Standard_SetInterface                    0x080014f5   Thumb Code    60  usb_core.o(i.Standard_SetInterface)
    SysTick_Handler                          0x0800153d   Thumb Code     2  stm32_it.o(i.SysTick_Handler)
    SystemInit                               0x08001541   Thumb Code    68  system_stm32l1xx.o(i.SystemInit)
    TIM6_IRQHandler                          0x08001595   Thumb Code    64  stm32_it.o(i.TIM6_IRQHandler)
    TIM_ClearITPendingBit                    0x080015e9   Thumb Code     6  stm32l1xx_tim.o(i.TIM_ClearITPendingBit)
    TIM_Cmd                                  0x080015ef   Thumb Code    20  stm32l1xx_tim.o(i.TIM_Cmd)
    TIM_DeInit                               0x08001605   Thumb Code   196  stm32l1xx_tim.o(i.TIM_DeInit)
    TIM_GetITStatus                          0x080016e9   Thumb Code    22  stm32l1xx_tim.o(i.TIM_GetITStatus)
    TIM_ITConfig                             0x080016ff   Thumb Code    16  stm32l1xx_tim.o(i.TIM_ITConfig)
    TIM_SelectOutputTrigger                  0x0800170f   Thumb Code    16  stm32l1xx_tim.o(i.TIM_SelectOutputTrigger)
    TIM_SetAutoreload                        0x0800171f   Thumb Code     4  stm32l1xx_tim.o(i.TIM_SetAutoreload)
    ToggleDTOG_TX                            0x08001725   Thumb Code    26  usb_regs.o(i.ToggleDTOG_TX)
    USB_Cable_Config                         0x08001745   Thumb Code     8  hw_config.o(i.USB_Cable_Config)
    USB_Config                               0x0800174d   Thumb Code    60  hw_config.o(i.USB_Config)
    USB_HP_IRQHandler                        0x08001789   Thumb Code     4  stm32_it.o(i.USB_HP_IRQHandler)
    USB_Init                                 0x0800178d   Thumb Code    22  usb_init.o(i.USB_Init)
    USB_Istr                                 0x080017b5   Thumb Code    80  usb_istr.o(i.USB_Istr)
    USB_LP_IRQHandler                        0x08001815   Thumb Code     4  stm32_it.o(i.USB_LP_IRQHandler)
    USB_SIL_Init                             0x08001819   Thumb Code    24  usb_sil.o(i.USB_SIL_Init)
    UsageFault_Handler                       0x08001839   Thumb Code     2  stm32_it.o(i.UsageFault_Handler)
    UserToPMABufferCopy                      0x0800183d   Thumb Code    34  usb_mem.o(i.UserToPMABufferCopy)
    __scatterload_copy                       0x08001865   Thumb Code    14  handlers.o(i.__scatterload_copy)
    __scatterload_null                       0x08001873   Thumb Code     2  handlers.o(i.__scatterload_null)
    __scatterload_zeroinit                   0x08001875   Thumb Code    14  handlers.o(i.__scatterload_zeroinit)
    main                                     0x08001883   Thumb Code    22  main.o(i.main)
    Speaker_DeviceDescriptor                 0x08001898   Data          18  usb_desc.o(.constdata)
    Speaker_ConfigDescriptor                 0x080018aa   Data         109  usb_desc.o(.constdata)
    Speaker_StringLangID                     0x08001917   Data           4  usb_desc.o(.constdata)
    Speaker_StringVendor                     0x0800191b   Data          38  usb_desc.o(.constdata)
    Speaker_StringProduct                    0x08001941   Data          28  usb_desc.o(.constdata)
    Region$$Table$$Base                      0x08001960   Number         0  anon$$obj.o(Region$$Table)
    Region$$Table$$Limit                     0x08001980   Number         0  anon$$obj.o(Region$$Table)
    Speaker_StringSerial                     0x20000000   Data          26  usb_desc.o(.data)
    In_Data_Offset                           0x2000001a   Data           2  usb_endp.o(.data)
    bIntPackSOF                              0x2000001c   Data           1  usb_istr.o(.data)
    wIstr                                    0x2000001e   Data           2  usb_istr.o(.data)
    pEpInt_IN                                0x20000020   Data          28  usb_istr.o(.data)
    pEpInt_OUT                               0x2000003c   Data          28  usb_istr.o(.data)
    MUTE_DATA                                0x20000058   Data           4  usb_prop.o(.data)
    Device_Descriptor                        0x2000005c   Data           8  usb_prop.o(.data)
    Config_Descriptor                        0x20000064   Data           8  usb_prop.o(.data)
    Device_Property                          0x2000006c   Data          48  usb_prop.o(.data)
    String_Descriptor                        0x2000009c   Data          32  usb_prop.o(.data)
    Device_Table                             0x200000bc   Data           2  usb_prop.o(.data)
    User_Standard_Requests                   0x200000c0   Data          36  usb_prop.o(.data)
    bDeviceState                             0x200000e4   Data           4  usb_pwr.o(.data)
    Out_Data_Offset                          0x200000e8   Data           2  stm32_it.o(.data)
    SystemCoreClock                          0x200000ec   Data           4  system_stm32l1xx.o(.data)
    PLLMulTable                              0x200000f0   Data           9  system_stm32l1xx.o(.data)
    AHBPrescTable                            0x200000f9   Data          16  system_stm32l1xx.o(.data)
    Data_Mul_MaxPacketSize                   0x2000010a   Data           1  usb_core.o(.data)
    StatusInfo                               0x2000010c   Data           2  usb_core.o(.data)
    EPindex                                  0x2000010e   Data           1  usb_init.o(.data)
    pInformation                             0x20000110   Data           4  usb_init.o(.data)
    pProperty                                0x20000114   Data           4  usb_init.o(.data)
    pUser_Standard_Requests                  0x20000118   Data           4  usb_init.o(.data)
    wInterrupt_Mask                          0x2000011c   Data           2  usb_init.o(.data)
    SaveRState                               0x2000011e   Data           2  usb_int.o(.data)
    SaveTState                               0x20000120   Data           2  usb_int.o(.data)
    Stream_Buff                              0x20000124   Data          24  usb_endp.o(.bss)
    Device_Info                              0x2000013c   Data          28  usb_init.o(.bss)
    __initial_sp                             0x20000558   Data           0  startup_stm32l1xx_md.o(STACK)



==============================================================================

Memory Map of the image

  Image Entry point : 0x080000f5

  Load Region LR_IROM1 (Base: 0x08000000, Size: 0x00001aa4, Max: 0x00020000, ABSOLUTE)

    Execution Region ER_IROM1 (Base: 0x08000000, Size: 0x00001980, Max: 0x00020000, ABSOLUTE)

    Base Addr    Size         Type   Attr      Idx    E Section Name        Object

    0x08000000   0x000000f4   Data   RO          637    RESET               startup_stm32l1xx_md.o
    0x080000f4   0x00000000   Code   RO         3702  * .ARM.Collect$$$$00000000  mc_w.l(entry.o)
    0x080000f4   0x00000004   Code   RO         3705    .ARM.Collect$$$$00000001  mc_w.l(entry2.o)
    0x080000f8   0x00000004   Code   RO         3708    .ARM.Collect$$$$00000004  mc_w.l(entry5.o)
    0x080000fc   0x00000000   Code   RO         3710    .ARM.Collect$$$$00000008  mc_w.l(entry7b.o)
    0x080000fc   0x00000008   Code   RO         3711    .ARM.Collect$$$$00000009  mc_w.l(entry8.o)
    0x08000104   0x00000004   Code   RO         3706    .ARM.Collect$$$$00002712  mc_w.l(entry2.o)
    0x08000108   0x00000024   Code   RO          638    .text               startup_stm32l1xx_md.o
    0x0800012c   0x00000024   Code   RO         3712    .text               mc_w.l(init.o)
    0x08000150   0x00000020   Code   RO            3    i.Audio_Config      hw_config.o
    0x08000170   0x00000002   Code   RO          535    i.BusFault_Handler  stm32_it.o
    0x08000172   0x0000000a   Code   RO          906    i.ByteSwap          usb_regs.o
    0x0800017c   0x00000078   Code   RO          842    i.CTR_HP            usb_int.o
    0x080001f4   0x00000148   Code   RO          843    i.CTR_LP            usb_int.o
    0x0800033c   0x00000024   Code   RO          907    i.ClearDTOG_RX      usb_regs.o
    0x08000360   0x00000024   Code   RO          908    i.ClearDTOG_TX      usb_regs.o
    0x08000384   0x00000020   Code   RO          913    i.Clear_Status_Out  usb_regs.o
    0x080003a4   0x00000018   Code   RO         1496    i.DAC_Cmd           stm32l1xx_dac.o
    0x080003bc   0x00000018   Code   RO         1498    i.DAC_DeInit        stm32l1xx_dac.o
    0x080003d4   0x00000028   Code   RO         1504    i.DAC_Init          stm32l1xx_dac.o
    0x080003fc   0x0000000c   Code   RO         1505    i.DAC_SetChannel1Data  stm32l1xx_dac.o
    0x08000408   0x0000000c   Code   RO         1509    i.DAC_StructInit    stm32l1xx_dac.o
    0x08000414   0x000000bc   Code   RO          681    i.DataStageIn       usb_core.o
    0x080004d0   0x000000a8   Code   RO          682    i.DataStageOut      usb_core.o
    0x08000578   0x0000019c   Code   RO          683    i.Data_Setup0       usb_core.o
    0x08000714   0x00000002   Code   RO          536    i.DebugMon_Handler  stm32_it.o
    0x08000716   0x00000002   PAD
    0x08000718   0x00000048   Code   RO          272    i.EP1_OUT_Callback  usb_endp.o
    0x08000760   0x00000034   Code   RO          914    i.FreeUserBuffer    usb_regs.o
    0x08000794   0x0000007a   Code   RO         3075    i.GPIO_Init         stm32l1xx_gpio.o
    0x0800080e   0x00000002   PAD
    0x08000810   0x00000010   Code   RO          918    i.GetENDPOINT       usb_regs.o
    0x08000820   0x00000020   Code   RO          921    i.GetEPDblBuf0Count  usb_regs.o
    0x08000840   0x00000020   Code   RO          923    i.GetEPDblBuf1Count  usb_regs.o
    0x08000860   0x00000020   Code   RO          925    i.GetEPRxAddr       usb_regs.o
    0x08000880   0x0000001c   Code   RO          928    i.GetEPTxAddr       usb_regs.o
    0x0800089c   0x00000030   Code   RO            5    i.Get_SerialNum     hw_config.o
    0x080008cc   0x00000002   Code   RO          537    i.HardFault_Handler  stm32_it.o
    0x080008ce   0x00000002   PAD
    0x080008d0   0x0000005c   Code   RO          684    i.In0_Process       usb_core.o
    0x0800092c   0x00000036   Code   RO            6    i.IntToUnicode      hw_config.o
    0x08000962   0x00000002   Code   RO          538    i.MemManage_Handler  stm32_it.o
    0x08000964   0x0000001c   Code   RO          333    i.Mute_Command      usb_prop.o
    0x08000980   0x00000002   Code   RO          539    i.NMI_Handler       stm32_it.o
    0x08000982   0x00000002   Code   RO          685    i.NOP_Process       usb_core.o
    0x08000984   0x00000064   Code   RO          491    i.NVIC_Init         misc.o
    0x080009e8   0x00000014   Code   RO          492    i.NVIC_PriorityGroupConfig  misc.o
    0x080009fc   0x000000d4   Code   RO          686    i.NoData_Setup0     usb_core.o
    0x08000ad0   0x00000048   Code   RO          687    i.Out0_Process      usb_core.o
    0x08000b18   0x0000001c   Code   RO          880    i.PMAToUserBufferCopy  usb_mem.o
    0x08000b34   0x00000002   Code   RO          540    i.PendSV_Handler    stm32_it.o
    0x08000b36   0x00000002   PAD
    0x08000b38   0x00000044   Code   RO          688    i.Post0_Process     usb_core.o
    0x08000b7c   0x0000002c   Code   RO          440    i.PowerOn           usb_pwr.o
    0x08000ba8   0x00000018   Code   RO         2239    i.RCC_AHBPeriphClockCmd  stm32l1xx_rcc.o
    0x08000bc0   0x00000018   Code   RO         2242    i.RCC_APB1PeriphClockCmd  stm32l1xx_rcc.o
    0x08000bd8   0x00000018   Code   RO         2244    i.RCC_APB1PeriphResetCmd  stm32l1xx_rcc.o
    0x08000bf0   0x00000018   Code   RO         2245    i.RCC_APB2PeriphClockCmd  stm32l1xx_rcc.o
    0x08000c08   0x00000018   Code   RO         2247    i.RCC_APB2PeriphResetCmd  stm32l1xx_rcc.o
    0x08000c20   0x00000014   Code   RO          299    i.SOF_Callback      usb_istr.o
    0x08000c34   0x00000002   Code   RO          541    i.SVC_Handler       stm32_it.o
    0x08000c36   0x00000002   PAD
    0x08000c38   0x0000001c   Code   RO         2495    i.SYSCFG_USBPuCmd   stm32l1xx_syscfg.o
    0x08000c54   0x00000010   Code   RO          936    i.SetBTABLE         usb_regs.o
    0x08000c64   0x00000044   Code   RO          689    i.SetDeviceAddress  usb_core.o
    0x08000ca8   0x00000034   Code   RO          947    i.SetEPDblBuffAddr  usb_regs.o
    0x08000cdc   0x000000ac   Code   RO          948    i.SetEPDblBuffCount  usb_regs.o
    0x08000d88   0x00000020   Code   RO          950    i.SetEPRxAddr       usb_regs.o
    0x08000da8   0x00000040   Code   RO          951    i.SetEPRxCount      usb_regs.o
    0x08000de8   0x00000030   Code   RO          952    i.SetEPRxStatus     usb_regs.o
    0x08000e18   0x00000024   Code   RO          953    i.SetEPRxValid      usb_regs.o
    0x08000e3c   0x00000020   Code   RO          954    i.SetEPTxAddr       usb_regs.o
    0x08000e5c   0x0000001c   Code   RO          955    i.SetEPTxCount      usb_regs.o
    0x08000e78   0x00000030   Code   RO          956    i.SetEPTxStatus     usb_regs.o
    0x08000ea8   0x0000001c   Code   RO          958    i.SetEPType         usb_regs.o
    0x08000ec4   0x000000b0   Code   RO          644    i.SetSysClock       system_stm32l1xx.o
    0x08000f74   0x0000001a   Code   RO            8    i.Set_System        hw_config.o
    0x08000f8e   0x00000008   Code   RO            9    i.Set_USBClock      hw_config.o
    0x08000f96   0x00000002   PAD
    0x08000f98   0x00000068   Code   RO          690    i.Setup0_Process    usb_core.o
    0x08001000   0x000000a0   Code   RO           10    i.Speaker_Config    hw_config.o
    0x080010a0   0x0000002c   Code   RO          334    i.Speaker_Data_Setup  usb_prop.o
    0x080010cc   0x0000000c   Code   RO          335    i.Speaker_GetConfigDescriptor  usb_prop.o
    0x080010d8   0x0000000c   Code   RO          336    i.Speaker_GetDeviceDescriptor  usb_prop.o
    0x080010e4   0x00000020   Code   RO          337    i.Speaker_GetStringDescriptor  usb_prop.o
    0x08001104   0x00000010   Code   RO          338    i.Speaker_Get_Interface_Setting  usb_prop.o
    0x08001114   0x00000004   Code   RO          339    i.Speaker_NoData_Setup  usb_prop.o
    0x08001118   0x000000c8   Code   RO          340    i.Speaker_Reset     usb_prop.o
    0x080011e0   0x00000018   Code   RO          341    i.Speaker_SetConfiguration  usb_prop.o
    0x080011f8   0x0000000c   Code   RO          342    i.Speaker_SetDeviceAddress  usb_prop.o
    0x08001204   0x00000002   Code   RO          343    i.Speaker_Status_In  usb_prop.o
    0x08001206   0x00000002   Code   RO          344    i.Speaker_Status_Out  usb_prop.o
    0x08001208   0x00000024   Code   RO          345    i.Speaker_init      usb_prop.o
    0x0800122c   0x000000ec   Code   RO          691    i.Standard_ClearFeature  usb_core.o
    0x08001318   0x00000028   Code   RO          692    i.Standard_GetConfiguration  usb_core.o
    0x08001340   0x0000001c   Code   RO          693    i.Standard_GetDescriptorData  usb_core.o
    0x0800135c   0x00000028   Code   RO          694    i.Standard_GetInterface  usb_core.o
    0x08001384   0x00000090   Code   RO          695    i.Standard_GetStatus  usb_core.o
    0x08001414   0x00000038   Code   RO          696    i.Standard_SetConfiguration  usb_core.o
    0x0800144c   0x00000024   Code   RO          697    i.Standard_SetDeviceFeature  usb_core.o
    0x08001470   0x00000084   Code   RO          698    i.Standard_SetEndPointFeature  usb_core.o
    0x080014f4   0x00000048   Code   RO          699    i.Standard_SetInterface  usb_core.o
    0x0800153c   0x00000002   Code   RO          542    i.SysTick_Handler   stm32_it.o
    0x0800153e   0x00000002   PAD
    0x08001540   0x00000054   Code   RO          646    i.SystemInit        system_stm32l1xx.o
    0x08001594   0x00000054   Code   RO          543    i.TIM6_IRQHandler   stm32_it.o
    0x080015e8   0x00000006   Code   RO         2580    i.TIM_ClearITPendingBit  stm32l1xx_tim.o
    0x080015ee   0x00000014   Code   RO         2585    i.TIM_Cmd           stm32l1xx_tim.o
    0x08001602   0x00000002   PAD
    0x08001604   0x000000e4   Code   RO         2589    i.TIM_DeInit        stm32l1xx_tim.o
    0x080016e8   0x00000016   Code   RO         2605    i.TIM_GetITStatus   stm32l1xx_tim.o
    0x080016fe   0x00000010   Code   RO         2609    i.TIM_ITConfig      stm32l1xx_tim.o
    0x0800170e   0x00000010   Code   RO         2639    i.TIM_SelectOutputTrigger  stm32l1xx_tim.o
    0x0800171e   0x00000004   Code   RO         2641    i.TIM_SetAutoreload  stm32l1xx_tim.o
    0x08001722   0x00000002   PAD
    0x08001724   0x00000020   Code   RO          964    i.ToggleDTOG_TX     usb_regs.o
    0x08001744   0x00000008   Code   RO           11    i.USB_Cable_Config  hw_config.o
    0x0800174c   0x0000003c   Code   RO           12    i.USB_Config        hw_config.o
    0x08001788   0x00000004   Code   RO          545    i.USB_HP_IRQHandler  stm32_it.o
    0x0800178c   0x00000028   Code   RO          808    i.USB_Init          usb_init.o
    0x080017b4   0x00000060   Code   RO          300    i.USB_Istr          usb_istr.o
    0x08001814   0x00000004   Code   RO          547    i.USB_LP_IRQHandler  stm32_it.o
    0x08001818   0x00000020   Code   RO         1274    i.USB_SIL_Init      usb_sil.o
    0x08001838   0x00000002   Code   RO          548    i.UsageFault_Handler  stm32_it.o
    0x0800183a   0x00000002   PAD
    0x0800183c   0x00000028   Code   RO          881    i.UserToPMABufferCopy  usb_mem.o
    0x08001864   0x0000000e   Code   RO         3716    i.__scatterload_copy  mc_w.l(handlers.o)
    0x08001872   0x00000002   Code   RO         3717    i.__scatterload_null  mc_w.l(handlers.o)
    0x08001874   0x0000000e   Code   RO         3718    i.__scatterload_zeroinit  mc_w.l(handlers.o)
    0x08001882   0x00000016   Code   RO          226    i.main              main.o
    0x08001898   0x00000012   Data   RO          247    .constdata          usb_desc.o
    0x080018aa   0x0000006d   Data   RO          248    .constdata          usb_desc.o
    0x08001917   0x00000004   Data   RO          249    .constdata          usb_desc.o
    0x0800191b   0x00000026   Data   RO          250    .constdata          usb_desc.o
    0x08001941   0x0000001c   Data   RO          251    .constdata          usb_desc.o
    0x0800195d   0x00000003   PAD
    0x08001960   0x00000020   Data   RO         3714    Region$$Table       anon$$obj.o


    Execution Region RW_IRAM1 (Base: 0x20000000, Size: 0x00000558, Max: 0x00004000, ABSOLUTE)

    Base Addr    Size         Type   Attr      Idx    E Section Name        Object

    0x20000000   0x0000001a   Data   RW          252    .data               usb_desc.o
    0x2000001a   0x00000002   Data   RW          274    .data               usb_endp.o
    0x2000001c   0x00000004   Data   RW          301    .data               usb_istr.o
    0x20000020   0x0000001c   Data   RW          302    .data               usb_istr.o
    0x2000003c   0x0000001c   Data   RW          303    .data               usb_istr.o
    0x20000058   0x00000064   Data   RW          346    .data               usb_prop.o
    0x200000bc   0x00000002   Data   RW          347    .data               usb_prop.o
    0x200000be   0x00000002   PAD
    0x200000c0   0x00000024   Data   RW          348    .data               usb_prop.o
    0x200000e4   0x00000004   Data   RW          444    .data               usb_pwr.o
    0x200000e8   0x00000002   Data   RW          549    .data               stm32_it.o
    0x200000ea   0x00000002   PAD
    0x200000ec   0x0000001d   Data   RW          647    .data               system_stm32l1xx.o
    0x20000109   0x00000001   PAD
    0x2000010a   0x00000004   Data   RW          700    .data               usb_core.o
    0x2000010e   0x00000001   Data   RW          810    .data               usb_init.o
    0x2000010f   0x00000001   PAD
    0x20000110   0x0000000c   Data   RW          811    .data               usb_init.o
    0x2000011c   0x00000002   Data   RW          813    .data               usb_init.o
    0x2000011e   0x00000004   Data   RW          844    .data               usb_int.o
    0x20000122   0x00000002   PAD
    0x20000124   0x00000018   Zero   RW          273    .bss                usb_endp.o
    0x2000013c   0x0000001c   Zero   RW          809    .bss                usb_init.o
    0x20000158   0x00000400   Zero   RW          635    STACK               startup_stm32l1xx_md.o


==============================================================================

Image component sizes


      Code (inc. data)   RO Data    RW Data    ZI Data      Debug   Object Name

       396         26          0          0          0     216662   hw_config.o
        22          0          0          0          0        463   main.o
       120         20          0          0          0       1767   misc.o
        36          8        244          0       1024        932   startup_stm32l1xx_md.o
       110         20          0          2          0       5662   stm32_it.o
       112         12          0          0          0       3869   stm32l1xx_dac.o
       122          0          0          0          0       1288   stm32l1xx_gpio.o
       120         30          0          0          0       3324   stm32l1xx_rcc.o
        28          6          0          0          0        614   stm32l1xx_syscfg.o
       312         32          0          0          0       6377   stm32l1xx_tim.o
       260         30          0         29          0       1925   system_stm32l1xx.o
      2170        280          0          4          0      16291   usb_core.o
         0          0        197         26          0       1013   usb_desc.o
        72         10          0          2         24       1236   usb_endp.o
        40         18          0         15         28       4358   usb_init.o
       448         44          0          4          0       2525   usb_int.o
       116         24          0         60          0       1894   usb_istr.o
        68         10          0          0          0       2008   usb_mem.o
       424         86          0        138          0      10762   usb_prop.o
        44          8          0          4          0       1935   usb_pwr.o
       894        144          0          0          0      14167   usb_regs.o
        32          8          0          0          0        559   usb_sil.o

    ----------------------------------------------------------------------
      5966        816        476        292       1076     299631   Object Totals
         0          0         32          0          0          0   (incl. Generated)
        20          0          3          8          0          0   (incl. Padding)

    ----------------------------------------------------------------------

      Code (inc. data)   RO Data    RW Data    ZI Data      Debug   Library Member Name

         0          0          0          0          0          0   entry.o
         8          4          0          0          0          0   entry2.o
         4          0          0          0          0          0   entry5.o
         0          0          0          0          0          0   entry7b.o
         8          4          0          0          0          0   entry8.o
        30          0          0          0          0          0   handlers.o
        36          8          0          0          0         68   init.o

    ----------------------------------------------------------------------
        86         16          0          0          0         68   Library Totals
         0          0          0          0          0          0   (incl. Padding)

    ----------------------------------------------------------------------

      Code (inc. data)   RO Data    RW Data    ZI Data      Debug   Library Name

        86         16          0          0          0         68   mc_w.l

    ----------------------------------------------------------------------
        86         16          0          0          0         68   Library Totals

    ----------------------------------------------------------------------

==============================================================================


      Code (inc. data)   RO Data    RW Data    ZI Data      Debug   

      6052        832        476        292       1076     294395   Grand Totals
      6052        832        476        292       1076     294395   ELF Image Totals
      6052        832        476        292          0          0   ROM Totals

==============================================================================

    Total RO  Size (Code + RO Data)                 6528 (   6.38kB)
    Total RW  Size (RW Data + ZI Data)              1368 (   1.34kB)
    Total ROM Size (Code + RO Data + RW Data)       6820 (   6.66kB)

==============================================================================

