<html>
<body>
<pre>
<h1>µVision Build Log</h1>
<h2>Project:</h2>
D:\01.Projects\JKElectronics\STM32\High_Module\sw\stm32_high\lib\STM32_USB-FS-Device_Lib_V3.4.0\Project\Audio_Speaker\MDK-ARM\AudioSpeaker.uvproj
Project File Date:  06/28/2012

<h2>Output:</h2>
Build target 'STM32L152-EVAL'
compiling hw_config.c...
compiling main.c...
compiling usb_desc.c...
compiling usb_endp.c...
compiling usb_istr.c...
compiling usb_prop.c...
compiling usb_pwr.c...
compiling misc.c...
compiling stm32_it.c...
assembling startup_stm32l1xx_md.s...
compiling system_stm32l1xx.c...
compiling usb_core.c...
compiling usb_init.c...
compiling usb_int.c...
compiling usb_mem.c...
compiling usb_regs.c...
compiling usb_sil.c...
compiling stm32l1xx_usart.c...
compiling stm32l1xx_dac.c...
compiling stm32l1xx_exti.c...
compiling stm32l1xx_flash.c...
compiling stm32l1xx_i2c.c...
compiling stm32l1xx_pwr.c...
compiling stm32l1xx_rcc.c...
compiling stm32l1xx_syscfg.c...
compiling stm32l1xx_tim.c...
compiling stm32l1xx_gpio.c...
compiling stm32l1xx_dma.c...
compiling stm32l1xx_spi.c...
compiling stm32l1xx_sdio.c...
compiling stm32l152_eval.c...
linking...
Program Size: Code=6052 RO-data=476 RW-data=292 ZI-data=1076  
".\STM32L152-EVAL\STM32L152-EVAL.axf" - 0 Error(s), 0 Warning(s).
